../Drivers/STM32F3xx_HAL_Driver/Src/stm32f3xx_hal_spi.c:3979:26:SPI_WaitFlagStateUntilTimeout.constprop	32	static
../Drivers/STM32F3xx_HAL_Driver/Src/stm32f3xx_hal_spi.c:4048:26:SPI_WaitFifoStateUntilTimeout.constprop	40	static
../Drivers/STM32F3xx_HAL_Driver/Src/stm32f3xx_hal_spi.c:4379:13:SPI_AbortRx_ISR	16	static
../Drivers/STM32F3xx_HAL_Driver/Src/stm32f3xx_hal_spi.c:4128:26:SPI_EndRxTransaction	24	static
../Drivers/STM32F3xx_HAL_Driver/Src/stm32f3xx_hal_spi.c:4164:26:SPI_EndRxTxTransaction	16	static
../Drivers/STM32F3xx_HAL_Driver/Src/stm32f3xx_hal_spi.c:4423:13:SPI_AbortTx_ISR	16	static
../Drivers/STM32F3xx_HAL_Driver/Src/stm32f3xx_hal_spi.c:533:13:HAL_SPI_MspInit	0	static
../Drivers/STM32F3xx_HAL_Driver/Src/stm32f3xx_hal_spi.c:314:19:HAL_SPI_Init	16	static
../Drivers/STM32F3xx_HAL_Driver/Src/stm32f3xx_hal_spi.c:549:13:HAL_SPI_MspDeInit	0	static
../Drivers/STM32F3xx_HAL_Driver/Src/stm32f3xx_hal_spi.c:489:19:HAL_SPI_DeInit	8	static
../Drivers/STM32F3xx_HAL_Driver/Src/stm32f3xx_hal_spi.c:821:19:HAL_SPI_Transmit	40	static
../Drivers/STM32F3xx_HAL_Driver/Src/stm32f3xx_hal_spi.c:1256:19:HAL_SPI_TransmitReceive	32	static
../Drivers/STM32F3xx_HAL_Driver/Src/stm32f3xx_hal_spi.c:1011:19:HAL_SPI_Receive	40	static
../Drivers/STM32F3xx_HAL_Driver/Src/stm32f3xx_hal_spi.c:1602:19:HAL_SPI_Transmit_IT	8	static
../Drivers/STM32F3xx_HAL_Driver/Src/stm32f3xx_hal_spi.c:1797:19:HAL_SPI_TransmitReceive_IT	16	static
../Drivers/STM32F3xx_HAL_Driver/Src/stm32f3xx_hal_spi.c:1688:19:HAL_SPI_Receive_IT	16	static
../Drivers/STM32F3xx_HAL_Driver/Src/stm32f3xx_hal_spi.c:1907:19:HAL_SPI_Transmit_DMA	16	static
../Drivers/STM32F3xx_HAL_Driver/Src/stm32f3xx_hal_spi.c:2184:19:HAL_SPI_TransmitReceive_DMA	16	static
../Drivers/STM32F3xx_HAL_Driver/Src/stm32f3xx_hal_spi.c:2031:19:HAL_SPI_Receive_DMA	24	static
../Drivers/STM32F3xx_HAL_Driver/Src/stm32f3xx_hal_spi.c:2384:19:HAL_SPI_Abort	24	static
../Drivers/STM32F3xx_HAL_Driver/Src/stm32f3xx_hal_spi.c:2705:19:HAL_SPI_DMAPause	0	static
../Drivers/STM32F3xx_HAL_Driver/Src/stm32f3xx_hal_spi.c:2725:19:HAL_SPI_DMAResume	0	static
../Drivers/STM32F3xx_HAL_Driver/Src/stm32f3xx_hal_spi.c:2745:19:HAL_SPI_DMAStop	16	static
../Drivers/STM32F3xx_HAL_Driver/Src/stm32f3xx_hal_spi.c:2892:13:HAL_SPI_TxCpltCallback	0	static
../Drivers/STM32F3xx_HAL_Driver/Src/stm32f3xx_hal_spi.c:2908:13:HAL_SPI_RxCpltCallback	0	static
../Drivers/STM32F3xx_HAL_Driver/Src/stm32f3xx_hal_spi.c:2924:13:HAL_SPI_TxRxCpltCallback	0	static
../Drivers/STM32F3xx_HAL_Driver/Src/stm32f3xx_hal_spi.c:2940:13:HAL_SPI_TxHalfCpltCallback	0	static
../Drivers/STM32F3xx_HAL_Driver/Src/stm32f3xx_hal_spi.c:3352:13:SPI_DMAHalfTransmitCplt	8	static
../Drivers/STM32F3xx_HAL_Driver/Src/stm32f3xx_hal_spi.c:2956:13:HAL_SPI_RxHalfCpltCallback	0	static
../Drivers/STM32F3xx_HAL_Driver/Src/stm32f3xx_hal_spi.c:3370:13:SPI_DMAHalfReceiveCplt	8	static
../Drivers/STM32F3xx_HAL_Driver/Src/stm32f3xx_hal_spi.c:2972:13:HAL_SPI_TxRxHalfCpltCallback	0	static
../Drivers/STM32F3xx_HAL_Driver/Src/stm32f3xx_hal_spi.c:3388:13:SPI_DMAHalfTransmitReceiveCplt	8	static
../Drivers/STM32F3xx_HAL_Driver/Src/stm32f3xx_hal_spi.c:2988:13:HAL_SPI_ErrorCallback	0	static
../Drivers/STM32F3xx_HAL_Driver/Src/stm32f3xx_hal_spi.c:4330:13:SPI_CloseTx_ISR	16	static
../Drivers/STM32F3xx_HAL_Driver/Src/stm32f3xx_hal_spi.c:3924:13:SPI_TxISR_8BIT	0	static
../Drivers/STM32F3xx_HAL_Driver/Src/stm32f3xx_hal_spi.c:3949:13:SPI_TxISR_16BIT	4	static
../Drivers/STM32F3xx_HAL_Driver/Src/stm32f3xx_hal_spi.c:4273:13:SPI_CloseRx_ISR	8	static
../Drivers/STM32F3xx_HAL_Driver/Src/stm32f3xx_hal_spi.c:3835:13:SPI_RxISR_8BIT	0	static
../Drivers/STM32F3xx_HAL_Driver/Src/stm32f3xx_hal_spi.c:3891:13:SPI_RxISR_16BIT	0	static
../Drivers/STM32F3xx_HAL_Driver/Src/stm32f3xx_hal_spi.c:4196:13:SPI_CloseRxTx_ISR	8	static
../Drivers/STM32F3xx_HAL_Driver/Src/stm32f3xx_hal_spi.c:3667:13:SPI_2linesTxISR_8BIT	0	static
../Drivers/STM32F3xx_HAL_Driver/Src/stm32f3xx_hal_spi.c:3582:13:SPI_2linesRxISR_8BIT	0	static
../Drivers/STM32F3xx_HAL_Driver/Src/stm32f3xx_hal_spi.c:3770:13:SPI_2linesTxISR_16BIT	4	static
../Drivers/STM32F3xx_HAL_Driver/Src/stm32f3xx_hal_spi.c:3714:13:SPI_2linesRxISR_16BIT	4	static
../Drivers/STM32F3xx_HAL_Driver/Src/stm32f3xx_hal_spi.c:3406:13:SPI_DMAError	8	static
../Drivers/STM32F3xx_HAL_Driver/Src/stm32f3xx_hal_spi.c:3078:13:SPI_DMATransmitCplt	24	static
../Drivers/STM32F3xx_HAL_Driver/Src/stm32f3xx_hal_spi.c:3135:13:SPI_DMAReceiveCplt	16	static
../Drivers/STM32F3xx_HAL_Driver/Src/stm32f3xx_hal_spi.c:3252:13:SPI_DMATransmitReceiveCplt	16	static
../Drivers/STM32F3xx_HAL_Driver/Src/stm32f3xx_hal_spi.c:2785:6:HAL_SPI_IRQHandler	40	static
../Drivers/STM32F3xx_HAL_Driver/Src/stm32f3xx_hal_spi.c:3429:13:SPI_DMAAbortOnError	8	static
../Drivers/STM32F3xx_HAL_Driver/Src/stm32f3xx_hal_spi.c:3006:13:HAL_SPI_AbortCpltCallback	0	static
../Drivers/STM32F3xx_HAL_Driver/Src/stm32f3xx_hal_spi.c:2544:19:HAL_SPI_Abort_IT	32	static
../Drivers/STM32F3xx_HAL_Driver/Src/stm32f3xx_hal_spi.c:3517:13:SPI_DMARxAbortCallback	16	static
../Drivers/STM32F3xx_HAL_Driver/Src/stm32f3xx_hal_spi.c:3451:13:SPI_DMATxAbortCallback	16	static
../Drivers/STM32F3xx_HAL_Driver/Src/stm32f3xx_hal_spi.c:3041:22:HAL_SPI_GetState	0	static
../Drivers/STM32F3xx_HAL_Driver/Src/stm32f3xx_hal_spi.c:3053:10:HAL_SPI_GetError	0	static
