../Core/Src/bno055.c:4:18:bno055_write_reg	48	static
../Core/Src/bno055.c:11:18:bno055_read_reg	48	static
../Core/Src/bno055.c:18:11:bno055_set_page	16	static
../Core/Src/bno055.c:28:11:bno055_set_opmode	16	static
../Core/Src/bno055.c:35:11:bno055_set_pwr_mode	16	static
../Core/Src/bno055.c:44:11:bno055_reset	24	static
../Core/Src/bno055.c:49:11:bno055_init	24	static
../Core/Src/bno055.c:75:11:bno055_set_unit	24	static
../Core/Src/bno055.c:91:11:bno055_acc_conf	24	static
../Core/Src/bno055.c:101:11:bno055_gyr_conf	24	static
../Core/Src/bno055.c:111:11:bno055_mag_conf	24	static
../Core/Src/bno055.c:121:11:bno055_start_dma_read	24	static
../Core/Src/bno055.c:130:6:bno055_get_acc	24	static
../Core/Src/bno055.c:137:6:bno055_get_mag	16	static
../Core/Src/bno055.c:143:6:bno055_get_gyro	24	static
../Core/Src/bno055.c:150:6:bno055_get_euler	24	static
../Core/Src/bno055.c:157:6:bno055_get_quaternion	16	static
../Core/Src/bno055.c:164:6:bno055_get_linear_acc	24	static
../Core/Src/bno055.c:171:6:bno055_get_gravity	24	static
../Core/Src/bno055.c:178:6:bno055_get_temp	16	static
