../Core/Src/iir_filter_example.c:25:6:Example1_InitFilters	16	static
../Core/Src/iir_filter_example.c:37:6:Example1_ReadFilteredAccel	32	static
../Core/Src/iir_filter_example.c:63:6:Example2_InitFilters	16	static
../Core/Src/iir_filter_example.c:75:6:Example2_ReadFilteredAccel	32	static
../Core/Src/iir_filter_example.c:98:6:Example3_InitFilters	16	static
../Core/Src/iir_filter_example.c:111:6:Example3_SeparateComponents	24	static
../Core/Src/iir_filter_example.c:122:6:Example4_MainLoop	24	static
../Core/Src/iir_filter_example.c:161:6:Example5_AdaptiveFilter	32	static
../Core/Src/iir_filter_example.c:203:6:Example6_InitCascadedFilters	16	static
../Core/Src/iir_filter_example.c:214:7:Example6_ApplyCascaded	8	static
../Core/Src/iir_filter_example.c:228:7:CalculateFilterDelay	0	static
../Core/Src/iir_filter_example.c:235:6:Example7_LatencyCheck	0	static
