../Core/Src/main.c:127:6:HAL_I2C_MemRxCpltCallback	16	static
../Core/Src/main.c:133:6:HAL_I2C_ErrorCallback	16	static
../Core/Src/main.c:141:6:HAL_UART_ErrorCallback	16	static
../Core/Src/main.c:145:6:HAL_UARTEx_RxEventCallback	16	static
../Core/Src/main.c:159:6:HAL_UART_TxCpltCallback	16	static
../Core/Src/main.c:163:6:parse_i2c_data	8	static
../Core/Src/main.c:194:6:parse_gps_data	16	static
../Core/Src/main.c:243:5:main	32	static
../Core/Src/main.c:390:6:SystemClock_Config	96	static
../Core/Src/main.c:435:13:MX_CRC_Init	8	static
../Core/Src/main.c:466:13:MX_I2C1_Init	8	static
../Core/Src/main.c:514:13:MX_USART1_UART_Init	8	static
../Core/Src/main.c:549:13:MX_USART2_UART_Init	8	static
../Core/Src/main.c:582:13:MX_DMA_Init	16	static
../Core/Src/main.c:612:13:MX_GPIO_Init	24	static
../Core/Src/main.c:636:6:Error_Handler	4	static,ignoring_inline_asm
