../Core/Src/main.c:144:6:HAL_I2C_MemRxCpltCallback	8	static
../Core/Src/main.c:151:6:HAL_I2C_ErrorCallback	0	static
../Core/Src/main.c:159:6:HAL_UART_ErrorCallback	0	static
../Core/Src/main.c:163:6:HAL_UARTEx_RxEventCallback	16	static
../Core/Src/main.c:188:6:HAL_UART_TxCpltCallback	0	static
../Core/Src/main.c:194:6:parse_bno055_data	16	static
../Core/Src/main.c:217:6:poll_n_parse_bmp180_data	8	static
../Core/Src/main.c:234:6:parse_gps_data	8	static
../Core/Src/main.c:259:6:nslp_transmit_packets	16	static
../Core/Src/main.c:319:6:process_sensor_fusion	0	static
../Core/Src/main.c:449:6:SystemClock_Config	96	static,ignoring_inline_asm
../Core/Src/main.c:337:5:main	72	static,ignoring_inline_asm
../Core/Src/main.c:746:6:Error_Handler	0	static,ignoring_inline_asm
