../Core/Src/nslp_dma.c:10:25:find_instance	8	static
../Core/Src/nslp_dma.c:54:13:start_tx.part.0	16	static
../Core/Src/nslp_dma.c:19:6:nslp_init	24	static
../Core/Src/nslp_dma.c:50:6:nslp_set_rx_callback	0	static
../Core/Src/nslp_dma.c:79:6:nslp_send_packet	12	static
../Core/Src/nslp_dma.c:92:10:nslp_min_delay	24	static
../Core/Src/nslp_dma.c:123:6:nslp_uart_tx_cplt_handler	8	static
../Core/Src/nslp_dma.c:133:6:nslp_uart_rx_event_handler	32	static
../Core/Src/nslp_dma.c:196:6:nslp_uart_error_handler	8	static
