../Core/Src/sens_fusion.c:40:6:vector_t_moving_average_filter	40	static
../Core/Src/sens_fusion.c:62:6:matrix_multiply	64	static
../Core/Src/sens_fusion.c:74:6:update_IMU_global_position	784	static
../Core/Src/sens_fusion.c:120:6:update_position_precision_calculation	40	static
../Core/Src/sens_fusion.c:127:6:update_orientation_precision_calculation	0	static
../Core/Src/sens_fusion.c:136:6:joined_position_estimation	64	static
../Core/Src/sens_fusion.c:151:6:joined_precision_calculation	24	static
../Core/Src/sens_fusion.c:161:6:reset_IMU_precision	20	static
../Core/Src/sens_fusion.c:169:8:update_ts	8	static
