../Core/Src/stm32f3xx_hal_msp.c:72:6:HAL_MspInit	8	static
../Core/Src/stm32f3xx_hal_msp.c:95:6:HAL_CRC_MspInit	8	static
../Core/Src/stm32f3xx_hal_msp.c:118:6:HAL_CRC_MspDeInit	0	static
../Core/Src/stm32f3xx_hal_msp.c:140:6:HAL_I2C_MspInit	48	static
../Core/Src/stm32f3xx_hal_msp.c:220:6:HAL_I2C_MspDeInit	8	static
../Core/Src/stm32f3xx_hal_msp.c:258:6:HAL_SPI_MspInit	40	static
../Core/Src/stm32f3xx_hal_msp.c:296:6:HAL_SPI_MspDeInit	0	static
../Core/Src/stm32f3xx_hal_msp.c:326:6:HAL_UART_MspInit	64	static
../Core/Src/stm32f3xx_hal_msp.c:450:6:HAL_UART_MspDeInit	8	static
