14:24:55 **** Clean-only build of configuration Debug for project NAV_BOX ****
make -j12 clean 
rm -rf ./Drivers/STM32F3xx_HAL_Driver/Src/stm32f3xx_hal.cyclo ./Drivers/STM32F3xx_HAL_Driver/Src/stm32f3xx_hal.d ./Drivers/STM32F3xx_HAL_Driver/Src/stm32f3xx_hal.o ./Drivers/STM32F3xx_HAL_Driver/Src/stm32f3xx_hal.su ./Drivers/STM32F3xx_HAL_Driver/Src/stm32f3xx_hal_cortex.cyclo ./Drivers/STM32F3xx_HAL_Driver/Src/stm32f3xx_hal_cortex.d ./Drivers/STM32F3xx_HAL_Driver/Src/stm32f3xx_hal_cortex.o ./Drivers/STM32F3xx_HAL_Driver/Src/stm32f3xx_hal_cortex.su ./Drivers/STM32F3xx_HAL_Driver/Src/stm32f3xx_hal_crc.cyclo ./Drivers/STM32F3xx_HAL_Driver/Src/stm32f3xx_hal_crc.d ./Drivers/STM32F3xx_HAL_Driver/Src/stm32f3xx_hal_crc.o ./Drivers/STM32F3xx_HAL_Driver/Src/stm32f3xx_hal_crc.su ./Drivers/STM32F3xx_HAL_Driver/Src/stm32f3xx_hal_crc_ex.cyclo ./Drivers/STM32F3xx_HAL_Driver/Src/stm32f3xx_hal_crc_ex.d ./Drivers/STM32F3xx_HAL_Driver/Src/stm32f3xx_hal_crc_ex.o ./Drivers/STM32F3xx_HAL_Driver/Src/stm32f3xx_hal_crc_ex.su ./Drivers/STM32F3xx_HAL_Driver/Src/stm32f3xx_hal_dma.cyclo ./Drivers/STM32F3xx_HAL_Driver/Src/stm32f3xx_hal_dma.d ./Drivers/STM32F3xx_HAL_Driver/Src/stm32f3xx_hal_dma.o ./Drivers/STM32F3xx_HAL_Driver/Src/stm32f3xx_hal_dma.su ./Drivers/STM32F3xx_HAL_Driver/Src/stm32f3xx_hal_exti.cyclo ./Drivers/STM32F3xx_HAL_Driver/Src/stm32f3xx_hal_exti.d ./Drivers/STM32F3xx_HAL_Driver/Src/stm32f3xx_hal_exti.o ./Drivers/STM32F3xx_HAL_Driver/Src/stm32f3xx_hal_exti.su ./Drivers/STM32F3xx_HAL_Driver/Src/stm32f3xx_hal_flash.cyclo ./Drivers/STM32F3xx_HAL_Driver/Src/stm32f3xx_hal_flash.d ./Drivers/STM32F3xx_HAL_Driver/Src/stm32f3xx_hal_flash.o ./Drivers/STM32F3xx_HAL_Driver/Src/stm32f3xx_hal_flash.su ./Drivers/STM32F3xx_HAL_Driver/Src/stm32f3xx_hal_flash_ex.cyclo ./Drivers/STM32F3xx_HAL_Driver/Src/stm32f3xx_hal_flash_ex.d ./Drivers/STM32F3xx_HAL_Driver/Src/stm32f3xx_hal_flash_ex.o ./Drivers/STM32F3xx_HAL_Driver/Src/stm32f3xx_hal_flash_ex.su ./Drivers/STM32F3xx_HAL_Driver/Src/stm32f3xx_hal_gpio.cyclo ./Drivers/STM32F3xx_HAL_Driver/Src/stm32f3xx_hal_gpio.d ./Drivers/STM32F3xx_HAL_Driver/Src/stm32f3xx_hal_gpio.o ./Drivers/STM32F3xx_HAL_Driver/Src/stm32f3xx_hal_gpio.su ./Drivers/STM32F3xx_HAL_Driver/Src/stm32f3xx_hal_i2c.cyclo ./Drivers/STM32F3xx_HAL_Driver/Src/stm32f3xx_hal_i2c.d ./Drivers/STM32F3xx_HAL_Driver/Src/stm32f3xx_hal_i2c.o ./Drivers/STM32F3xx_HAL_Driver/Src/stm32f3xx_hal_i2c.su ./Drivers/STM32F3xx_HAL_Driver/Src/stm32f3xx_hal_i2c_ex.cyclo ./Drivers/STM32F3xx_HAL_Driver/Src/stm32f3xx_hal_i2c_ex.d ./Drivers/STM32F3xx_HAL_Driver/Src/stm32f3xx_hal_i2c_ex.o ./Drivers/STM32F3xx_HAL_Driver/Src/stm32f3xx_hal_i2c_ex.su ./Drivers/STM32F3xx_HAL_Driver/Src/stm32f3xx_hal_pwr.cyclo ./Drivers/STM32F3xx_HAL_Driver/Src/stm32f3xx_hal_pwr.d ./Drivers/STM32F3xx_HAL_Driver/Src/stm32f3xx_hal_pwr.o ./Drivers/STM32F3xx_HAL_Driver/Src/stm32f3xx_hal_pwr.su ./Drivers/STM32F3xx_HAL_Driver/Src/stm32f3xx_hal_pwr_ex.cyclo ./Drivers/STM32F3xx_HAL_Driver/Src/stm32f3xx_hal_pwr_ex.d ./Drivers/STM32F3xx_HAL_Driver/Src/stm32f3xx_hal_pwr_ex.o ./Drivers/STM32F3xx_HAL_Driver/Src/stm32f3xx_hal_pwr_ex.su ./Drivers/STM32F3xx_HAL_Driver/Src/stm32f3xx_hal_rcc.cyclo ./Drivers/STM32F3xx_HAL_Driver/Src/stm32f3xx_hal_rcc.d ./Drivers/STM32F3xx_HAL_Driver/Src/stm32f3xx_hal_rcc.o ./Drivers/STM32F3xx_HAL_Driver/Src/stm32f3xx_hal_rcc.su ./Drivers/STM32F3xx_HAL_Driver/Src/stm32f3xx_hal_rcc_ex.cyclo ./Drivers/STM32F3xx_HAL_Driver/Src/stm32f3xx_hal_rcc_ex.d ./Drivers/STM32F3xx_HAL_Driver/Src/stm32f3xx_hal_rcc_ex.o ./Drivers/STM32F3xx_HAL_Driver/Src/stm32f3xx_hal_rcc_ex.su ./Drivers/STM32F3xx_HAL_Driver/Src/stm32f3xx_hal_uart.cyclo ./Drivers/STM32F3xx_HAL_Driver/Src/stm32f3xx_hal_uart.d ./Drivers/STM32F3xx_HAL_Driver/Src/stm32f3xx_hal_uart.o ./Drivers/STM32F3xx_HAL_Driver/Src/stm32f3xx_hal_uart.su ./Drivers/STM32F3xx_HAL_Driver/Src/stm32f3xx_hal_uart_ex.cyclo ./Drivers/STM32F3xx_HAL_Driver/Src/stm32f3xx_hal_uart_ex.d ./Drivers/STM32F3xx_HAL_Driver/Src/stm32f3xx_hal_uart_ex.o ./Drivers/STM32F3xx_HAL_Driver/Src/stm32f3xx_hal_uart_ex.su
rm -rf ./Core/Startup/startup_stm32f303k8tx.d ./Core/Startup/startup_stm32f303k8tx.o
rm -rf ./Core/Src/bmp180_for_stm32_hal.cyclo ./Core/Src/bmp180_for_stm32_hal.d ./Core/Src/bmp180_for_stm32_hal.o ./Core/Src/bmp180_for_stm32_hal.su ./Core/Src/bno055.cyclo ./Core/Src/bno055.d ./Core/Src/bno055.o ./Core/Src/bno055.su ./Core/Src/main.cyclo ./Core/Src/main.d ./Core/Src/main.o ./Core/Src/main.su ./Core/Src/nmea_parse.cyclo ./Core/Src/nmea_parse.d ./Core/Src/nmea_parse.o ./Core/Src/nmea_parse.su ./Core/Src/nslp_dma.cyclo ./Core/Src/nslp_dma.d ./Core/Src/nslp_dma.o ./Core/Src/nslp_dma.su ./Core/Src/stm32f3xx_hal_msp.cyclo ./Core/Src/stm32f3xx_hal_msp.d ./Core/Src/stm32f3xx_hal_msp.o ./Core/Src/stm32f3xx_hal_msp.su ./Core/Src/stm32f3xx_it.cyclo ./Core/Src/stm32f3xx_it.d ./Core/Src/stm32f3xx_it.o ./Core/Src/stm32f3xx_it.su ./Core/Src/syscalls.cyclo ./Core/Src/syscalls.d ./Core/Src/syscalls.o ./Core/Src/syscalls.su ./Core/Src/sysmem.cyclo ./Core/Src/sysmem.d ./Core/Src/sysmem.o ./Core/Src/sysmem.su ./Core/Src/system_stm32f3xx.cyclo ./Core/Src/system_stm32f3xx.d ./Core/Src/system_stm32f3xx.o ./Core/Src/system_stm32f3xx.su ./Core/Src/ubx_nav_sol.cyclo ./Core/Src/ubx_nav_sol.d ./Core/Src/ubx_nav_sol.o ./Core/Src/ubx_nav_sol.su
rm -rf NAV_BOX.elf NAV_BOX.list NAV_BOX.map default.size.stdout
 
14:24:58 **** Build of configuration Debug for project NAV_BOX ****
make -j12 all 
arm-none-eabi-gcc "../Drivers/STM32F3xx_HAL_Driver/Src/stm32f3xx_hal.c" -mcpu=cortex-m4 -std=gnu11 -g3 -DDEBUG -DUSE_HAL_DRIVER -DSTM32F303x8 -c -I../Core/Inc -I../Drivers/STM32F3xx_HAL_Driver/Inc -I../Drivers/STM32F3xx_HAL_Driver/Inc/Legacy -I../Drivers/CMSIS/Device/ST/STM32F3xx/Include -I../Drivers/CMSIS/Include -O0 -ffunction-sections -fdata-sections -Wall -fstack-usage -fcyclomatic-complexity -MMD -MP -MF"Drivers/STM32F3xx_HAL_Driver/Src/stm32f3xx_hal.d" -MT"Drivers/STM32F3xx_HAL_Driver/Src/stm32f3xx_hal.o" --specs=nano.specs -mfpu=fpv4-sp-d16 -mfloat-abi=hard -mthumb -o "Drivers/STM32F3xx_HAL_Driver/Src/stm32f3xx_hal.o"
arm-none-eabi-gcc "../Drivers/STM32F3xx_HAL_Driver/Src/stm32f3xx_hal_cortex.c" -mcpu=cortex-m4 -std=gnu11 -g3 -DDEBUG -DUSE_HAL_DRIVER -DSTM32F303x8 -c -I../Core/Inc -I../Drivers/STM32F3xx_HAL_Driver/Inc -I../Drivers/STM32F3xx_HAL_Driver/Inc/Legacy -I../Drivers/CMSIS/Device/ST/STM32F3xx/Include -I../Drivers/CMSIS/Include -O0 -ffunction-sections -fdata-sections -Wall -fstack-usage -fcyclomatic-complexity -MMD -MP -MF"Drivers/STM32F3xx_HAL_Driver/Src/stm32f3xx_hal_cortex.d" -MT"Drivers/STM32F3xx_HAL_Driver/Src/stm32f3xx_hal_cortex.o" --specs=nano.specs -mfpu=fpv4-sp-d16 -mfloat-abi=hard -mthumb -o "Drivers/STM32F3xx_HAL_Driver/Src/stm32f3xx_hal_cortex.o"
arm-none-eabi-gcc "../Drivers/STM32F3xx_HAL_Driver/Src/stm32f3xx_hal_crc.c" -mcpu=cortex-m4 -std=gnu11 -g3 -DDEBUG -DUSE_HAL_DRIVER -DSTM32F303x8 -c -I../Core/Inc -I../Drivers/STM32F3xx_HAL_Driver/Inc -I../Drivers/STM32F3xx_HAL_Driver/Inc/Legacy -I../Drivers/CMSIS/Device/ST/STM32F3xx/Include -I../Drivers/CMSIS/Include -O0 -ffunction-sections -fdata-sections -Wall -fstack-usage -fcyclomatic-complexity -MMD -MP -MF"Drivers/STM32F3xx_HAL_Driver/Src/stm32f3xx_hal_crc.d" -MT"Drivers/STM32F3xx_HAL_Driver/Src/stm32f3xx_hal_crc.o" --specs=nano.specs -mfpu=fpv4-sp-d16 -mfloat-abi=hard -mthumb -o "Drivers/STM32F3xx_HAL_Driver/Src/stm32f3xx_hal_crc.o"
arm-none-eabi-gcc "../Drivers/STM32F3xx_HAL_Driver/Src/stm32f3xx_hal_crc_ex.c" -mcpu=cortex-m4 -std=gnu11 -g3 -DDEBUG -DUSE_HAL_DRIVER -DSTM32F303x8 -c -I../Core/Inc -I../Drivers/STM32F3xx_HAL_Driver/Inc -I../Drivers/STM32F3xx_HAL_Driver/Inc/Legacy -I../Drivers/CMSIS/Device/ST/STM32F3xx/Include -I../Drivers/CMSIS/Include -O0 -ffunction-sections -fdata-sections -Wall -fstack-usage -fcyclomatic-complexity -MMD -MP -MF"Drivers/STM32F3xx_HAL_Driver/Src/stm32f3xx_hal_crc_ex.d" -MT"Drivers/STM32F3xx_HAL_Driver/Src/stm32f3xx_hal_crc_ex.o" --specs=nano.specs -mfpu=fpv4-sp-d16 -mfloat-abi=hard -mthumb -o "Drivers/STM32F3xx_HAL_Driver/Src/stm32f3xx_hal_crc_ex.o"
arm-none-eabi-gcc "../Drivers/STM32F3xx_HAL_Driver/Src/stm32f3xx_hal_dma.c" -mcpu=cortex-m4 -std=gnu11 -g3 -DDEBUG -DUSE_HAL_DRIVER -DSTM32F303x8 -c -I../Core/Inc -I../Drivers/STM32F3xx_HAL_Driver/Inc -I../Drivers/STM32F3xx_HAL_Driver/Inc/Legacy -I../Drivers/CMSIS/Device/ST/STM32F3xx/Include -I../Drivers/CMSIS/Include -O0 -ffunction-sections -fdata-sections -Wall -fstack-usage -fcyclomatic-complexity -MMD -MP -MF"Drivers/STM32F3xx_HAL_Driver/Src/stm32f3xx_hal_dma.d" -MT"Drivers/STM32F3xx_HAL_Driver/Src/stm32f3xx_hal_dma.o" --specs=nano.specs -mfpu=fpv4-sp-d16 -mfloat-abi=hard -mthumb -o "Drivers/STM32F3xx_HAL_Driver/Src/stm32f3xx_hal_dma.o"
arm-none-eabi-gcc "../Drivers/STM32F3xx_HAL_Driver/Src/stm32f3xx_hal_exti.c" -mcpu=cortex-m4 -std=gnu11 -g3 -DDEBUG -DUSE_HAL_DRIVER -DSTM32F303x8 -c -I../Core/Inc -I../Drivers/STM32F3xx_HAL_Driver/Inc -I../Drivers/STM32F3xx_HAL_Driver/Inc/Legacy -I../Drivers/CMSIS/Device/ST/STM32F3xx/Include -I../Drivers/CMSIS/Include -O0 -ffunction-sections -fdata-sections -Wall -fstack-usage -fcyclomatic-complexity -MMD -MP -MF"Drivers/STM32F3xx_HAL_Driver/Src/stm32f3xx_hal_exti.d" -MT"Drivers/STM32F3xx_HAL_Driver/Src/stm32f3xx_hal_exti.o" --specs=nano.specs -mfpu=fpv4-sp-d16 -mfloat-abi=hard -mthumb -o "Drivers/STM32F3xx_HAL_Driver/Src/stm32f3xx_hal_exti.o"
arm-none-eabi-gcc "../Drivers/STM32F3xx_HAL_Driver/Src/stm32f3xx_hal_flash.c" -mcpu=cortex-m4 -std=gnu11 -g3 -DDEBUG -DUSE_HAL_DRIVER -DSTM32F303x8 -c -I../Core/Inc -I../Drivers/STM32F3xx_HAL_Driver/Inc -I../Drivers/STM32F3xx_HAL_Driver/Inc/Legacy -I../Drivers/CMSIS/Device/ST/STM32F3xx/Include -I../Drivers/CMSIS/Include -O0 -ffunction-sections -fdata-sections -Wall -fstack-usage -fcyclomatic-complexity -MMD -MP -MF"Drivers/STM32F3xx_HAL_Driver/Src/stm32f3xx_hal_flash.d" -MT"Drivers/STM32F3xx_HAL_Driver/Src/stm32f3xx_hal_flash.o" --specs=nano.specs -mfpu=fpv4-sp-d16 -mfloat-abi=hard -mthumb -o "Drivers/STM32F3xx_HAL_Driver/Src/stm32f3xx_hal_flash.o"
arm-none-eabi-gcc "../Drivers/STM32F3xx_HAL_Driver/Src/stm32f3xx_hal_flash_ex.c" -mcpu=cortex-m4 -std=gnu11 -g3 -DDEBUG -DUSE_HAL_DRIVER -DSTM32F303x8 -c -I../Core/Inc -I../Drivers/STM32F3xx_HAL_Driver/Inc -I../Drivers/STM32F3xx_HAL_Driver/Inc/Legacy -I../Drivers/CMSIS/Device/ST/STM32F3xx/Include -I../Drivers/CMSIS/Include -O0 -ffunction-sections -fdata-sections -Wall -fstack-usage -fcyclomatic-complexity -MMD -MP -MF"Drivers/STM32F3xx_HAL_Driver/Src/stm32f3xx_hal_flash_ex.d" -MT"Drivers/STM32F3xx_HAL_Driver/Src/stm32f3xx_hal_flash_ex.o" --specs=nano.specs -mfpu=fpv4-sp-d16 -mfloat-abi=hard -mthumb -o "Drivers/STM32F3xx_HAL_Driver/Src/stm32f3xx_hal_flash_ex.o"
arm-none-eabi-gcc "../Drivers/STM32F3xx_HAL_Driver/Src/stm32f3xx_hal_gpio.c" -mcpu=cortex-m4 -std=gnu11 -g3 -DDEBUG -DUSE_HAL_DRIVER -DSTM32F303x8 -c -I../Core/Inc -I../Drivers/STM32F3xx_HAL_Driver/Inc -I../Drivers/STM32F3xx_HAL_Driver/Inc/Legacy -I../Drivers/CMSIS/Device/ST/STM32F3xx/Include -I../Drivers/CMSIS/Include -O0 -ffunction-sections -fdata-sections -Wall -fstack-usage -fcyclomatic-complexity -MMD -MP -MF"Drivers/STM32F3xx_HAL_Driver/Src/stm32f3xx_hal_gpio.d" -MT"Drivers/STM32F3xx_HAL_Driver/Src/stm32f3xx_hal_gpio.o" --specs=nano.specs -mfpu=fpv4-sp-d16 -mfloat-abi=hard -mthumb -o "Drivers/STM32F3xx_HAL_Driver/Src/stm32f3xx_hal_gpio.o"
arm-none-eabi-gcc "../Drivers/STM32F3xx_HAL_Driver/Src/stm32f3xx_hal_i2c.c" -mcpu=cortex-m4 -std=gnu11 -g3 -DDEBUG -DUSE_HAL_DRIVER -DSTM32F303x8 -c -I../Core/Inc -I../Drivers/STM32F3xx_HAL_Driver/Inc -I../Drivers/STM32F3xx_HAL_Driver/Inc/Legacy -I../Drivers/CMSIS/Device/ST/STM32F3xx/Include -I../Drivers/CMSIS/Include -O0 -ffunction-sections -fdata-sections -Wall -fstack-usage -fcyclomatic-complexity -MMD -MP -MF"Drivers/STM32F3xx_HAL_Driver/Src/stm32f3xx_hal_i2c.d" -MT"Drivers/STM32F3xx_HAL_Driver/Src/stm32f3xx_hal_i2c.o" --specs=nano.specs -mfpu=fpv4-sp-d16 -mfloat-abi=hard -mthumb -o "Drivers/STM32F3xx_HAL_Driver/Src/stm32f3xx_hal_i2c.o"
arm-none-eabi-gcc "../Drivers/STM32F3xx_HAL_Driver/Src/stm32f3xx_hal_i2c_ex.c" -mcpu=cortex-m4 -std=gnu11 -g3 -DDEBUG -DUSE_HAL_DRIVER -DSTM32F303x8 -c -I../Core/Inc -I../Drivers/STM32F3xx_HAL_Driver/Inc -I../Drivers/STM32F3xx_HAL_Driver/Inc/Legacy -I../Drivers/CMSIS/Device/ST/STM32F3xx/Include -I../Drivers/CMSIS/Include -O0 -ffunction-sections -fdata-sections -Wall -fstack-usage -fcyclomatic-complexity -MMD -MP -MF"Drivers/STM32F3xx_HAL_Driver/Src/stm32f3xx_hal_i2c_ex.d" -MT"Drivers/STM32F3xx_HAL_Driver/Src/stm32f3xx_hal_i2c_ex.o" --specs=nano.specs -mfpu=fpv4-sp-d16 -mfloat-abi=hard -mthumb -o "Drivers/STM32F3xx_HAL_Driver/Src/stm32f3xx_hal_i2c_ex.o"
arm-none-eabi-gcc "../Drivers/STM32F3xx_HAL_Driver/Src/stm32f3xx_hal_pwr.c" -mcpu=cortex-m4 -std=gnu11 -g3 -DDEBUG -DUSE_HAL_DRIVER -DSTM32F303x8 -c -I../Core/Inc -I../Drivers/STM32F3xx_HAL_Driver/Inc -I../Drivers/STM32F3xx_HAL_Driver/Inc/Legacy -I../Drivers/CMSIS/Device/ST/STM32F3xx/Include -I../Drivers/CMSIS/Include -O0 -ffunction-sections -fdata-sections -Wall -fstack-usage -fcyclomatic-complexity -MMD -MP -MF"Drivers/STM32F3xx_HAL_Driver/Src/stm32f3xx_hal_pwr.d" -MT"Drivers/STM32F3xx_HAL_Driver/Src/stm32f3xx_hal_pwr.o" --specs=nano.specs -mfpu=fpv4-sp-d16 -mfloat-abi=hard -mthumb -o "Drivers/STM32F3xx_HAL_Driver/Src/stm32f3xx_hal_pwr.o"
arm-none-eabi-gcc "../Drivers/STM32F3xx_HAL_Driver/Src/stm32f3xx_hal_pwr_ex.c" -mcpu=cortex-m4 -std=gnu11 -g3 -DDEBUG -DUSE_HAL_DRIVER -DSTM32F303x8 -c -I../Core/Inc -I../Drivers/STM32F3xx_HAL_Driver/Inc -I../Drivers/STM32F3xx_HAL_Driver/Inc/Legacy -I../Drivers/CMSIS/Device/ST/STM32F3xx/Include -I../Drivers/CMSIS/Include -O0 -ffunction-sections -fdata-sections -Wall -fstack-usage -fcyclomatic-complexity -MMD -MP -MF"Drivers/STM32F3xx_HAL_Driver/Src/stm32f3xx_hal_pwr_ex.d" -MT"Drivers/STM32F3xx_HAL_Driver/Src/stm32f3xx_hal_pwr_ex.o" --specs=nano.specs -mfpu=fpv4-sp-d16 -mfloat-abi=hard -mthumb -o "Drivers/STM32F3xx_HAL_Driver/Src/stm32f3xx_hal_pwr_ex.o"
arm-none-eabi-gcc "../Drivers/STM32F3xx_HAL_Driver/Src/stm32f3xx_hal_rcc.c" -mcpu=cortex-m4 -std=gnu11 -g3 -DDEBUG -DUSE_HAL_DRIVER -DSTM32F303x8 -c -I../Core/Inc -I../Drivers/STM32F3xx_HAL_Driver/Inc -I../Drivers/STM32F3xx_HAL_Driver/Inc/Legacy -I../Drivers/CMSIS/Device/ST/STM32F3xx/Include -I../Drivers/CMSIS/Include -O0 -ffunction-sections -fdata-sections -Wall -fstack-usage -fcyclomatic-complexity -MMD -MP -MF"Drivers/STM32F3xx_HAL_Driver/Src/stm32f3xx_hal_rcc.d" -MT"Drivers/STM32F3xx_HAL_Driver/Src/stm32f3xx_hal_rcc.o" --specs=nano.specs -mfpu=fpv4-sp-d16 -mfloat-abi=hard -mthumb -o "Drivers/STM32F3xx_HAL_Driver/Src/stm32f3xx_hal_rcc.o"
arm-none-eabi-gcc "../Drivers/STM32F3xx_HAL_Driver/Src/stm32f3xx_hal_rcc_ex.c" -mcpu=cortex-m4 -std=gnu11 -g3 -DDEBUG -DUSE_HAL_DRIVER -DSTM32F303x8 -c -I../Core/Inc -I../Drivers/STM32F3xx_HAL_Driver/Inc -I../Drivers/STM32F3xx_HAL_Driver/Inc/Legacy -I../Drivers/CMSIS/Device/ST/STM32F3xx/Include -I../Drivers/CMSIS/Include -O0 -ffunction-sections -fdata-sections -Wall -fstack-usage -fcyclomatic-complexity -MMD -MP -MF"Drivers/STM32F3xx_HAL_Driver/Src/stm32f3xx_hal_rcc_ex.d" -MT"Drivers/STM32F3xx_HAL_Driver/Src/stm32f3xx_hal_rcc_ex.o" --specs=nano.specs -mfpu=fpv4-sp-d16 -mfloat-abi=hard -mthumb -o "Drivers/STM32F3xx_HAL_Driver/Src/stm32f3xx_hal_rcc_ex.o"
arm-none-eabi-gcc "../Drivers/STM32F3xx_HAL_Driver/Src/stm32f3xx_hal_uart.c" -mcpu=cortex-m4 -std=gnu11 -g3 -DDEBUG -DUSE_HAL_DRIVER -DSTM32F303x8 -c -I../Core/Inc -I../Drivers/STM32F3xx_HAL_Driver/Inc -I../Drivers/STM32F3xx_HAL_Driver/Inc/Legacy -I../Drivers/CMSIS/Device/ST/STM32F3xx/Include -I../Drivers/CMSIS/Include -O0 -ffunction-sections -fdata-sections -Wall -fstack-usage -fcyclomatic-complexity -MMD -MP -MF"Drivers/STM32F3xx_HAL_Driver/Src/stm32f3xx_hal_uart.d" -MT"Drivers/STM32F3xx_HAL_Driver/Src/stm32f3xx_hal_uart.o" --specs=nano.specs -mfpu=fpv4-sp-d16 -mfloat-abi=hard -mthumb -o "Drivers/STM32F3xx_HAL_Driver/Src/stm32f3xx_hal_uart.o"
arm-none-eabi-gcc "../Drivers/STM32F3xx_HAL_Driver/Src/stm32f3xx_hal_uart_ex.c" -mcpu=cortex-m4 -std=gnu11 -g3 -DDEBUG -DUSE_HAL_DRIVER -DSTM32F303x8 -c -I../Core/Inc -I../Drivers/STM32F3xx_HAL_Driver/Inc -I../Drivers/STM32F3xx_HAL_Driver/Inc/Legacy -I../Drivers/CMSIS/Device/ST/STM32F3xx/Include -I../Drivers/CMSIS/Include -O0 -ffunction-sections -fdata-sections -Wall -fstack-usage -fcyclomatic-complexity -MMD -MP -MF"Drivers/STM32F3xx_HAL_Driver/Src/stm32f3xx_hal_uart_ex.d" -MT"Drivers/STM32F3xx_HAL_Driver/Src/stm32f3xx_hal_uart_ex.o" --specs=nano.specs -mfpu=fpv4-sp-d16 -mfloat-abi=hard -mthumb -o "Drivers/STM32F3xx_HAL_Driver/Src/stm32f3xx_hal_uart_ex.o"
arm-none-eabi-gcc -mcpu=cortex-m4 -g3 -DDEBUG -c -x assembler-with-cpp -MMD -MP -MF"Core/Startup/startup_stm32f303k8tx.d" -MT"Core/Startup/startup_stm32f303k8tx.o" --specs=nano.specs -mfpu=fpv4-sp-d16 -mfloat-abi=hard -mthumb -o "Core/Startup/startup_stm32f303k8tx.o" "../Core/Startup/startup_stm32f303k8tx.s"
arm-none-eabi-gcc "../Core/Src/bmp180_for_stm32_hal.c" -mcpu=cortex-m4 -std=gnu11 -g3 -DDEBUG -DUSE_HAL_DRIVER -DSTM32F303x8 -c -I../Core/Inc -I../Drivers/STM32F3xx_HAL_Driver/Inc -I../Drivers/STM32F3xx_HAL_Driver/Inc/Legacy -I../Drivers/CMSIS/Device/ST/STM32F3xx/Include -I../Drivers/CMSIS/Include -O0 -ffunction-sections -fdata-sections -Wall -fstack-usage -fcyclomatic-complexity -MMD -MP -MF"Core/Src/bmp180_for_stm32_hal.d" -MT"Core/Src/bmp180_for_stm32_hal.o" --specs=nano.specs -mfpu=fpv4-sp-d16 -mfloat-abi=hard -mthumb -o "Core/Src/bmp180_for_stm32_hal.o"
arm-none-eabi-gcc "../Core/Src/bno055.c" -mcpu=cortex-m4 -std=gnu11 -g3 -DDEBUG -DUSE_HAL_DRIVER -DSTM32F303x8 -c -I../Core/Inc -I../Drivers/STM32F3xx_HAL_Driver/Inc -I../Drivers/STM32F3xx_HAL_Driver/Inc/Legacy -I../Drivers/CMSIS/Device/ST/STM32F3xx/Include -I../Drivers/CMSIS/Include -O0 -ffunction-sections -fdata-sections -Wall -fstack-usage -fcyclomatic-complexity -MMD -MP -MF"Core/Src/bno055.d" -MT"Core/Src/bno055.o" --specs=nano.specs -mfpu=fpv4-sp-d16 -mfloat-abi=hard -mthumb -o "Core/Src/bno055.o"
arm-none-eabi-gcc "../Core/Src/main.c" -mcpu=cortex-m4 -std=gnu11 -g3 -DDEBUG -DUSE_HAL_DRIVER -DSTM32F303x8 -c -I../Core/Inc -I../Drivers/STM32F3xx_HAL_Driver/Inc -I../Drivers/STM32F3xx_HAL_Driver/Inc/Legacy -I../Drivers/CMSIS/Device/ST/STM32F3xx/Include -I../Drivers/CMSIS/Include -O0 -ffunction-sections -fdata-sections -Wall -fstack-usage -fcyclomatic-complexity -MMD -MP -MF"Core/Src/main.d" -MT"Core/Src/main.o" --specs=nano.specs -mfpu=fpv4-sp-d16 -mfloat-abi=hard -mthumb -o "Core/Src/main.o"
arm-none-eabi-gcc "../Core/Src/nmea_parse.c" -mcpu=cortex-m4 -std=gnu11 -g3 -DDEBUG -DUSE_HAL_DRIVER -DSTM32F303x8 -c -I../Core/Inc -I../Drivers/STM32F3xx_HAL_Driver/Inc -I../Drivers/STM32F3xx_HAL_Driver/Inc/Legacy -I../Drivers/CMSIS/Device/ST/STM32F3xx/Include -I../Drivers/CMSIS/Include -O0 -ffunction-sections -fdata-sections -Wall -fstack-usage -fcyclomatic-complexity -MMD -MP -MF"Core/Src/nmea_parse.d" -MT"Core/Src/nmea_parse.o" --specs=nano.specs -mfpu=fpv4-sp-d16 -mfloat-abi=hard -mthumb -o "Core/Src/nmea_parse.o"
arm-none-eabi-gcc "../Core/Src/nslp_dma.c" -mcpu=cortex-m4 -std=gnu11 -g3 -DDEBUG -DUSE_HAL_DRIVER -DSTM32F303x8 -c -I../Core/Inc -I../Drivers/STM32F3xx_HAL_Driver/Inc -I../Drivers/STM32F3xx_HAL_Driver/Inc/Legacy -I../Drivers/CMSIS/Device/ST/STM32F3xx/Include -I../Drivers/CMSIS/Include -O0 -ffunction-sections -fdata-sections -Wall -fstack-usage -fcyclomatic-complexity -MMD -MP -MF"Core/Src/nslp_dma.d" -MT"Core/Src/nslp_dma.o" --specs=nano.specs -mfpu=fpv4-sp-d16 -mfloat-abi=hard -mthumb -o "Core/Src/nslp_dma.o"
arm-none-eabi-gcc "../Core/Src/stm32f3xx_hal_msp.c" -mcpu=cortex-m4 -std=gnu11 -g3 -DDEBUG -DUSE_HAL_DRIVER -DSTM32F303x8 -c -I../Core/Inc -I../Drivers/STM32F3xx_HAL_Driver/Inc -I../Drivers/STM32F3xx_HAL_Driver/Inc/Legacy -I../Drivers/CMSIS/Device/ST/STM32F3xx/Include -I../Drivers/CMSIS/Include -O0 -ffunction-sections -fdata-sections -Wall -fstack-usage -fcyclomatic-complexity -MMD -MP -MF"Core/Src/stm32f3xx_hal_msp.d" -MT"Core/Src/stm32f3xx_hal_msp.o" --specs=nano.specs -mfpu=fpv4-sp-d16 -mfloat-abi=hard -mthumb -o "Core/Src/stm32f3xx_hal_msp.o"
arm-none-eabi-gcc "../Core/Src/stm32f3xx_it.c" -mcpu=cortex-m4 -std=gnu11 -g3 -DDEBUG -DUSE_HAL_DRIVER -DSTM32F303x8 -c -I../Core/Inc -I../Drivers/STM32F3xx_HAL_Driver/Inc -I../Drivers/STM32F3xx_HAL_Driver/Inc/Legacy -I../Drivers/CMSIS/Device/ST/STM32F3xx/Include -I../Drivers/CMSIS/Include -O0 -ffunction-sections -fdata-sections -Wall -fstack-usage -fcyclomatic-complexity -MMD -MP -MF"Core/Src/stm32f3xx_it.d" -MT"Core/Src/stm32f3xx_it.o" --specs=nano.specs -mfpu=fpv4-sp-d16 -mfloat-abi=hard -mthumb -o "Core/Src/stm32f3xx_it.o"
../Core/Src/nmea_parse.c: In function 'nmea_parse':
../Core/Src/nmea_parse.c:168:27: warning: pointer targets in passing argument 1 of 'strtok' differ in signedness [-Wpointer-sign]
  168 |     char * token = strtok(buffer, "$");
      |                           ^~~~~~
      |                           |
      |                           uint8_t * {aka unsigned char *}
In file included from ../Core/Inc/nmea_parse.h:12,
                 from ../Core/Src/nmea_parse.c:4:
C:\ST\STM32CubeIDE_1.19.0\STM32CubeIDE\plugins\com.st.stm32cube.ide.mcu.externaltools.gnu-tools-for-stm32.13.3.rel1.win32_1.0.0.202411081344\tools\bin/../lib/gcc/arm-none-eabi/13.3.1/../../../../arm-none-eabi/include/string.h:50:18: note: expected 'char * restrict' but argument is of type 'uint8_t *' {aka 'unsigned char *'}
   50 | char    *strtok (char *__restrict, const char *__restrict);
      |                  ^
arm-none-eabi-gcc "../Core/Src/syscalls.c" -mcpu=cortex-m4 -std=gnu11 -g3 -DDEBUG -DUSE_HAL_DRIVER -DSTM32F303x8 -c -I../Core/Inc -I../Drivers/STM32F3xx_HAL_Driver/Inc -I../Drivers/STM32F3xx_HAL_Driver/Inc/Legacy -I../Drivers/CMSIS/Device/ST/STM32F3xx/Include -I../Drivers/CMSIS/Include -O0 -ffunction-sections -fdata-sections -Wall -fstack-usage -fcyclomatic-complexity -MMD -MP -MF"Core/Src/syscalls.d" -MT"Core/Src/syscalls.o" --specs=nano.specs -mfpu=fpv4-sp-d16 -mfloat-abi=hard -mthumb -o "Core/Src/syscalls.o"
In file included from ../Core/Src/main.c:38:
../Core/Inc/ekfNavINS.h:29:10: fatal error: eigen3/Eigen/Core: No such file or directory
   29 | #include <eigen3/Eigen/Core>
      |          ^~~~~~~~~~~~~~~~~~~
compilation terminated.
arm-none-eabi-gcc "../Core/Src/sysmem.c" -mcpu=cortex-m4 -std=gnu11 -g3 -DDEBUG -DUSE_HAL_DRIVER -DSTM32F303x8 -c -I../Core/Inc -I../Drivers/STM32F3xx_HAL_Driver/Inc -I../Drivers/STM32F3xx_HAL_Driver/Inc/Legacy -I../Drivers/CMSIS/Device/ST/STM32F3xx/Include -I../Drivers/CMSIS/Include -O0 -ffunction-sections -fdata-sections -Wall -fstack-usage -fcyclomatic-complexity -MMD -MP -MF"Core/Src/sysmem.d" -MT"Core/Src/sysmem.o" --specs=nano.specs -mfpu=fpv4-sp-d16 -mfloat-abi=hard -mthumb -o "Core/Src/sysmem.o"
make: *** [Core/Src/subdir.mk:49: Core/Src/main.o] Error 1
make: *** Waiting for unfinished jobs....
"make -j12 all" terminated with exit code 2. Build might be incomplete.
14:33:59 **** Incremental Build of configuration Debug for project NAV_BOX ****
make -j12 all 
arm-none-eabi-gcc "../Core/Src/main.c" -mcpu=cortex-m4 -std=gnu11 -g3 -DDEBUG -DUSE_HAL_DRIVER -DSTM32F303x8 -c -I../Core/Inc -I../Drivers/STM32F3xx_HAL_Driver/Inc -I../Drivers/STM32F3xx_HAL_Driver/Inc/Legacy -I../Drivers/CMSIS/Device/ST/STM32F3xx/Include -I../Drivers/CMSIS/Include -O0 -ffunction-sections -fdata-sections -Wall -fstack-usage -fcyclomatic-complexity -MMD -MP -MF"Core/Src/main.d" -MT"Core/Src/main.o" --specs=nano.specs -mfpu=fpv4-sp-d16 -mfloat-abi=hard -mthumb -o "Core/Src/main.o"
arm-none-eabi-gcc "../Core/Src/system_stm32f3xx.c" -mcpu=cortex-m4 -std=gnu11 -g3 -DDEBUG -DUSE_HAL_DRIVER -DSTM32F303x8 -c -I../Core/Inc -I../Drivers/STM32F3xx_HAL_Driver/Inc -I../Drivers/STM32F3xx_HAL_Driver/Inc/Legacy -I../Drivers/CMSIS/Device/ST/STM32F3xx/Include -I../Drivers/CMSIS/Include -O0 -ffunction-sections -fdata-sections -Wall -fstack-usage -fcyclomatic-complexity -MMD -MP -MF"Core/Src/system_stm32f3xx.d" -MT"Core/Src/system_stm32f3xx.o" --specs=nano.specs -mfpu=fpv4-sp-d16 -mfloat-abi=hard -mthumb -o "Core/Src/system_stm32f3xx.o"
arm-none-eabi-gcc "../Core/Src/ubx_nav_sol.c" -mcpu=cortex-m4 -std=gnu11 -g3 -DDEBUG -DUSE_HAL_DRIVER -DSTM32F303x8 -c -I../Core/Inc -I../Drivers/STM32F3xx_HAL_Driver/Inc -I../Drivers/STM32F3xx_HAL_Driver/Inc/Legacy -I../Drivers/CMSIS/Device/ST/STM32F3xx/Include -I../Drivers/CMSIS/Include -O0 -ffunction-sections -fdata-sections -Wall -fstack-usage -fcyclomatic-complexity -MMD -MP -MF"Core/Src/ubx_nav_sol.d" -MT"Core/Src/ubx_nav_sol.o" --specs=nano.specs -mfpu=fpv4-sp-d16 -mfloat-abi=hard -mthumb -o "Core/Src/ubx_nav_sol.o"
In file included from ../Core/Src/ubx_nav_sol.c:3:
../Core/Inc/math.h:13:10: fatal error: _defs.h: No such file or directory
   13 | #include <_defs.h>
      |          ^~~~~~~~~
compilation terminated.
In file included from ../Core/Inc/ekfNavINS.h:28,
                 from ../Core/Src/main.c:38:
../Core/Inc/math.h:13:10: fatal error: _defs.h: No such file or directory
   13 | #include <_defs.h>
      |          ^~~~~~~~~
compilation terminated.
make: *** [Core/Src/subdir.mk:49: Core/Src/ubx_nav_sol.o] Error 1
make: *** Waiting for unfinished jobs....
make: *** [Core/Src/subdir.mk:49: Core/Src/main.o] Error 1
"make -j12 all" terminated with exit code 2. Build might be incomplete.
15:00:21 **** Incremental Build of configuration Debug for project NAV_BOX ****
make -j12 all 
arm-none-eabi-gcc "../Core/Src/main.c" -mcpu=cortex-m4 -std=gnu11 -g3 -DDEBUG -DUSE_HAL_DRIVER -DSTM32F303x8 -c -I../Core/Inc -I../Drivers/STM32F3xx_HAL_Driver/Inc -I../Drivers/STM32F3xx_HAL_Driver/Inc/Legacy -I../Drivers/CMSIS/Device/ST/STM32F3xx/Include -I../Drivers/CMSIS/Include -O0 -ffunction-sections -fdata-sections -Wall -fstack-usage -fcyclomatic-complexity -MMD -MP -MF"Core/Src/main.d" -MT"Core/Src/main.o" --specs=nano.specs -mfpu=fpv4-sp-d16 -mfloat-abi=hard -mthumb -o "Core/Src/main.o"
arm-none-eabi-gcc "../Core/Src/ubx_nav_sol.c" -mcpu=cortex-m4 -std=gnu11 -g3 -DDEBUG -DUSE_HAL_DRIVER -DSTM32F303x8 -c -I../Core/Inc -I../Drivers/STM32F3xx_HAL_Driver/Inc -I../Drivers/STM32F3xx_HAL_Driver/Inc/Legacy -I../Drivers/CMSIS/Device/ST/STM32F3xx/Include -I../Drivers/CMSIS/Include -O0 -ffunction-sections -fdata-sections -Wall -fstack-usage -fcyclomatic-complexity -MMD -MP -MF"Core/Src/ubx_nav_sol.d" -MT"Core/Src/ubx_nav_sol.o" --specs=nano.specs -mfpu=fpv4-sp-d16 -mfloat-abi=hard -mthumb -o "Core/Src/ubx_nav_sol.o"
In file included from ../Core/Src/ubx_nav_sol.c:3:
../Core/Inc/math.h:13:10: fatal error: _defs.h: No such file or directory
   13 | #include <_defs.h>
      |          ^~~~~~~~~
compilation terminated.
make: *** [Core/Src/subdir.mk:49: Core/Src/ubx_nav_sol.o] Error 1
make: *** Waiting for unfinished jobs....
In file included from ../Core/Inc/ekfNavINS.h:28,
                 from ../Core/Src/main.c:38:
../Core/Inc/math.h:13:10: fatal error: _defs.h: No such file or directory
   13 | #include <_defs.h>
      |          ^~~~~~~~~
compilation terminated.
make: *** [Core/Src/subdir.mk:49: Core/Src/main.o] Error 1
"make -j12 all" terminated with exit code 2. Build might be incomplete.
15:00:33 **** Incremental Build of configuration Debug for project NAV_BOX ****
make -j12 all 
arm-none-eabi-gcc "../Core/Src/main.c" -mcpu=cortex-m4 -std=gnu11 -g3 -DDEBUG -DUSE_HAL_DRIVER -DSTM32F303x8 -c -I../Core/Inc -I../Drivers/STM32F3xx_HAL_Driver/Inc -I../Drivers/STM32F3xx_HAL_Driver/Inc/Legacy -I../Drivers/CMSIS/Device/ST/STM32F3xx/Include -I../Drivers/CMSIS/Include -O0 -ffunction-sections -fdata-sections -Wall -fstack-usage -fcyclomatic-complexity -MMD -MP -MF"Core/Src/main.d" -MT"Core/Src/main.o" --specs=nano.specs -mfpu=fpv4-sp-d16 -mfloat-abi=hard -mthumb -o "Core/Src/main.o"
arm-none-eabi-gcc "../Core/Src/ubx_nav_sol.c" -mcpu=cortex-m4 -std=gnu11 -g3 -DDEBUG -DUSE_HAL_DRIVER -DSTM32F303x8 -c -I../Core/Inc -I../Drivers/STM32F3xx_HAL_Driver/Inc -I../Drivers/STM32F3xx_HAL_Driver/Inc/Legacy -I../Drivers/CMSIS/Device/ST/STM32F3xx/Include -I../Drivers/CMSIS/Include -O0 -ffunction-sections -fdata-sections -Wall -fstack-usage -fcyclomatic-complexity -MMD -MP -MF"Core/Src/ubx_nav_sol.d" -MT"Core/Src/ubx_nav_sol.o" --specs=nano.specs -mfpu=fpv4-sp-d16 -mfloat-abi=hard -mthumb -o "Core/Src/ubx_nav_sol.o"
In file included from ../Core/Src/ubx_nav_sol.c:3:
../Core/Inc/math.h:13:10: fatal error: _defs.h: No such file or directory
   13 | #include <_defs.h>
      |          ^~~~~~~~~
compilation terminated.
make: *** [Core/Src/subdir.mk:49: Core/Src/ubx_nav_sol.o] Error 1
make: *** Waiting for unfinished jobs....
In file included from ../Core/Inc/ekfNavINS.h:28,
                 from ../Core/Src/main.c:38:
../Core/Inc/math.h:13:10: fatal error: _defs.h: No such file or directory
   13 | #include <_defs.h>
      |          ^~~~~~~~~
compilation terminated.
make: *** [Core/Src/subdir.mk:49: Core/Src/main.o] Error 1
"make -j12 all" terminated with exit code 2. Build might be incomplete.
15:01:18 **** Incremental Build of configuration Debug for project NAV_BOX ****
make -j12 all 
arm-none-eabi-gcc "../Core/Src/main.c" -mcpu=cortex-m4 -std=gnu11 -g3 -DDEBUG -DUSE_HAL_DRIVER -DSTM32F303x8 -c -I../Core/Inc -I../Drivers/STM32F3xx_HAL_Driver/Inc -I../Drivers/STM32F3xx_HAL_Driver/Inc/Legacy -I../Drivers/CMSIS/Device/ST/STM32F3xx/Include -I../Drivers/CMSIS/Include -O0 -ffunction-sections -fdata-sections -Wall -fstack-usage -fcyclomatic-complexity -MMD -MP -MF"Core/Src/main.d" -MT"Core/Src/main.o" --specs=nano.specs -mfpu=fpv4-sp-d16 -mfloat-abi=hard -mthumb -o "Core/Src/main.o"
arm-none-eabi-gcc "../Core/Src/ubx_nav_sol.c" -mcpu=cortex-m4 -std=gnu11 -g3 -DDEBUG -DUSE_HAL_DRIVER -DSTM32F303x8 -c -I../Core/Inc -I../Drivers/STM32F3xx_HAL_Driver/Inc -I../Drivers/STM32F3xx_HAL_Driver/Inc/Legacy -I../Drivers/CMSIS/Device/ST/STM32F3xx/Include -I../Drivers/CMSIS/Include -O0 -ffunction-sections -fdata-sections -Wall -fstack-usage -fcyclomatic-complexity -MMD -MP -MF"Core/Src/ubx_nav_sol.d" -MT"Core/Src/ubx_nav_sol.o" --specs=nano.specs -mfpu=fpv4-sp-d16 -mfloat-abi=hard -mthumb -o "Core/Src/ubx_nav_sol.o"
In file included from ../Core/Src/main.c:38:
../Core/Inc/ekfNavINS.h:29:10: fatal error: eigen3/Eigen/Core: No such file or directory
   29 | #include <eigen3/Eigen/Core>
      |          ^~~~~~~~~~~~~~~~~~~
compilation terminated.
make: *** [Core/Src/subdir.mk:49: Core/Src/main.o] Error 1
make: *** Waiting for unfinished jobs....
"make -j12 all" terminated with exit code 2. Build might be incomplete.
15:01:21 **** Incremental Build of configuration Debug for project NAV_BOX ****
make -j12 all 
arm-none-eabi-gcc "../Core/Src/main.c" -mcpu=cortex-m4 -std=gnu11 -g3 -DDEBUG -DUSE_HAL_DRIVER -DSTM32F303x8 -c -I../Core/Inc -I../Drivers/STM32F3xx_HAL_Driver/Inc -I../Drivers/STM32F3xx_HAL_Driver/Inc/Legacy -I../Drivers/CMSIS/Device/ST/STM32F3xx/Include -I../Drivers/CMSIS/Include -O0 -ffunction-sections -fdata-sections -Wall -fstack-usage -fcyclomatic-complexity -MMD -MP -MF"Core/Src/main.d" -MT"Core/Src/main.o" --specs=nano.specs -mfpu=fpv4-sp-d16 -mfloat-abi=hard -mthumb -o "Core/Src/main.o"
In file included from ../Core/Src/main.c:38:
../Core/Inc/ekfNavINS.h:29:10: fatal error: eigen3/Eigen/Core: No such file or directory
   29 | #include <eigen3/Eigen/Core>
      |          ^~~~~~~~~~~~~~~~~~~
compilation terminated.
make: *** [Core/Src/subdir.mk:49: Core/Src/main.o] Error 1
"make -j12 all" terminated with exit code 2. Build might be incomplete.
15:01:54 **** Incremental Build of configuration Debug for project NAV_BOX ****
make -j12 all 
arm-none-eabi-gcc "../Core/Src/main.c" -mcpu=cortex-m4 -std=gnu11 -g3 -DDEBUG -DUSE_HAL_DRIVER -DSTM32F303x8 -c -I../Core/Inc -I../Drivers/STM32F3xx_HAL_Driver/Inc -I../Drivers/STM32F3xx_HAL_Driver/Inc/Legacy -I../Drivers/CMSIS/Device/ST/STM32F3xx/Include -I../Drivers/CMSIS/Include -O0 -ffunction-sections -fdata-sections -Wall -fstack-usage -fcyclomatic-complexity -MMD -MP -MF"Core/Src/main.d" -MT"Core/Src/main.o" --specs=nano.specs -mfpu=fpv4-sp-d16 -mfloat-abi=hard -mthumb -o "Core/Src/main.o"
In file included from ../Core/Src/main.c:38:
../Core/Inc/ekfNavINS.h:29:10: fatal error: eigen3/Eigen/Core: No such file or directory
   29 | #include <eigen3/Eigen/Core>
      |          ^~~~~~~~~~~~~~~~~~~
compilation terminated.
make: *** [Core/Src/subdir.mk:49: Core/Src/main.o] Error 1
"make -j12 all" terminated with exit code 2. Build might be incomplete.
15:13:37 **** Incremental Build of configuration Debug for project NAV_BOX ****
make -j12 all 
arm-none-eabi-gcc "../Core/Src/main.c" -mcpu=cortex-m4 -std=gnu11 -g3 -DDEBUG -DUSE_HAL_DRIVER -DSTM32F303x8 -c -I../Core/Inc -I../Drivers/STM32F3xx_HAL_Driver/Inc -I../Drivers/STM32F3xx_HAL_Driver/Inc/Legacy -I../Drivers/CMSIS/Device/ST/STM32F3xx/Include -I../Drivers/CMSIS/Include -O0 -ffunction-sections -fdata-sections -Wall -fstack-usage -fcyclomatic-complexity -MMD -MP -MF"Core/Src/main.d" -MT"Core/Src/main.o" --specs=nano.specs -mfpu=fpv4-sp-d16 -mfloat-abi=hard -mthumb -o "Core/Src/main.o"
In file included from ../Core/Src/main.c:38:
../Core/Inc/ekfNavINS.h:29:10: fatal error: eigen3/Eigen/Core: No such file or directory
   29 | #include <eigen3/Eigen/Core>
      |          ^~~~~~~~~~~~~~~~~~~
compilation terminated.
make: *** [Core/Src/subdir.mk:49: Core/Src/main.o] Error 1
"make -j12 all" terminated with exit code 2. Build might be incomplete.
15:14:47 **** Incremental Build of configuration Debug for project NAV_BOX ****
make -j12 all 
arm-none-eabi-gcc "../Core/Src/main.c" -mcpu=cortex-m4 -std=gnu11 -g3 -DDEBUG -DUSE_HAL_DRIVER -DSTM32F303x8 -c -I../Core/Inc -I../Drivers/STM32F3xx_HAL_Driver/Inc -I../Drivers/STM32F3xx_HAL_Driver/Inc/Legacy -I../Drivers/CMSIS/Device/ST/STM32F3xx/Include -I../Drivers/CMSIS/Include -O0 -ffunction-sections -fdata-sections -Wall -fstack-usage -fcyclomatic-complexity -MMD -MP -MF"Core/Src/main.d" -MT"Core/Src/main.o" --specs=nano.specs -mfpu=fpv4-sp-d16 -mfloat-abi=hard -mthumb -o "Core/Src/main.o"
In file included from ../Core/Src/main.c:38:
../Core/Inc/ekfNavINS.h:29:10: fatal error: ../Core/Inc/"C:\Users\Admin\Documents\NAV_BOX_tofNlnd\eigen3\Eigen\Core": Invalid argument
   29 | #include <"C:\Users\Admin\Documents\NAV_BOX_tofNlnd\eigen3\Eigen\Core">
      |          ^~~~~~~~~~~~~~~~~~~~~~~~~~~~~~~~~~~~~~~~~~~~~~~~~~~~~~~~~~~~~~
compilation terminated.
make: *** [Core/Src/subdir.mk:49: Core/Src/main.o] Error 1
"make -j12 all" terminated with exit code 2. Build might be incomplete.
15:15:00 **** Incremental Build of configuration Debug for project NAV_BOX ****
make -j12 all 
arm-none-eabi-gcc "../Core/Src/main.c" -mcpu=cortex-m4 -std=gnu11 -g3 -DDEBUG -DUSE_HAL_DRIVER -DSTM32F303x8 -c -I../Core/Inc -I../Drivers/STM32F3xx_HAL_Driver/Inc -I../Drivers/STM32F3xx_HAL_Driver/Inc/Legacy -I../Drivers/CMSIS/Device/ST/STM32F3xx/Include -I../Drivers/CMSIS/Include -O0 -ffunction-sections -fdata-sections -Wall -fstack-usage -fcyclomatic-complexity -MMD -MP -MF"Core/Src/main.d" -MT"Core/Src/main.o" --specs=nano.specs -mfpu=fpv4-sp-d16 -mfloat-abi=hard -mthumb -o "Core/Src/main.o"
In file included from C:\Users\Admin\Documents\NAV_BOX_tofNlnd\eigen3\Eigen\Core:20,
                 from ../Core/Inc/ekfNavINS.h:29,
                 from ../Core/Src/main.c:38:
C:\Users\Admin\Documents\NAV_BOX_tofNlnd\eigen3\Eigen\src/Core/util/Macros.h:172:5: error: unknown type name 'namespace'
  172 |     namespace Eigen {
      |     ^~~~~~~~~
C:\Users\Admin\Documents\NAV_BOX_tofNlnd\eigen3\Eigen\src/Core/util/Macros.h:172:21: error: expected '=', ',', ';', 'asm' or '__attribute__' before '{' token
  172 |     namespace Eigen {
      |                     ^
C:\Users\Admin\Documents\NAV_BOX_tofNlnd\eigen3\Eigen\src/Core/util/Macros.h:241:1: error: unknown type name 'namespace'
  241 | namespace Eigen {
      | ^~~~~~~~~
C:\Users\Admin\Documents\NAV_BOX_tofNlnd\eigen3\Eigen\src/Core/util/Macros.h:241:17: error: expected '=', ',', ';', 'asm' or '__attribute__' before '{' token
  241 | namespace Eigen {
      |                 ^
C:\Users\Admin\Documents\NAV_BOX_tofNlnd\eigen3\Eigen\Core:28:10: fatal error: complex: No such file or directory
   28 | #include <complex>
      |          ^~~~~~~~~
compilation terminated.
make: *** [Core/Src/subdir.mk:49: Core/Src/main.o] Error 1
"make -j12 all" terminated with exit code 2. Build might be incomplete.
16:31:52 **** Incremental Build of configuration Debug for project NAV_BOX ****
make -j12 all 
arm-none-eabi-gcc "../Core/Src/NBKF.c" -mcpu=cortex-m4 -std=gnu11 -g3 -DDEBUG -DUSE_HAL_DRIVER -DSTM32F303x8 -c -I../Core/Inc -I../Drivers/STM32F3xx_HAL_Driver/Inc -I../Drivers/STM32F3xx_HAL_Driver/Inc/Legacy -I../Drivers/CMSIS/Device/ST/STM32F3xx/Include -I../Drivers/CMSIS/Include -O0 -ffunction-sections -fdata-sections -Wall -fstack-usage -fcyclomatic-complexity -MMD -MP -MF"Core/Src/NBKF.d" -MT"Core/Src/NBKF.o" --specs=nano.specs -mfpu=fpv4-sp-d16 -mfloat-abi=hard -mthumb -o "Core/Src/NBKF.o"
arm-none-eabi-gcc "../Core/Src/bmp180_for_stm32_hal.c" -mcpu=cortex-m4 -std=gnu11 -g3 -DDEBUG -DUSE_HAL_DRIVER -DSTM32F303x8 -c -I../Core/Inc -I../Drivers/STM32F3xx_HAL_Driver/Inc -I../Drivers/STM32F3xx_HAL_Driver/Inc/Legacy -I../Drivers/CMSIS/Device/ST/STM32F3xx/Include -I../Drivers/CMSIS/Include -O0 -ffunction-sections -fdata-sections -Wall -fstack-usage -fcyclomatic-complexity -MMD -MP -MF"Core/Src/bmp180_for_stm32_hal.d" -MT"Core/Src/bmp180_for_stm32_hal.o" --specs=nano.specs -mfpu=fpv4-sp-d16 -mfloat-abi=hard -mthumb -o "Core/Src/bmp180_for_stm32_hal.o"
arm-none-eabi-gcc "../Core/Src/bno055.c" -mcpu=cortex-m4 -std=gnu11 -g3 -DDEBUG -DUSE_HAL_DRIVER -DSTM32F303x8 -c -I../Core/Inc -I../Drivers/STM32F3xx_HAL_Driver/Inc -I../Drivers/STM32F3xx_HAL_Driver/Inc/Legacy -I../Drivers/CMSIS/Device/ST/STM32F3xx/Include -I../Drivers/CMSIS/Include -O0 -ffunction-sections -fdata-sections -Wall -fstack-usage -fcyclomatic-complexity -MMD -MP -MF"Core/Src/bno055.d" -MT"Core/Src/bno055.o" --specs=nano.specs -mfpu=fpv4-sp-d16 -mfloat-abi=hard -mthumb -o "Core/Src/bno055.o"
arm-none-eabi-gcc "../Core/Src/main.c" -mcpu=cortex-m4 -std=gnu11 -g3 -DDEBUG -DUSE_HAL_DRIVER -DSTM32F303x8 -c -I../Core/Inc -I../Drivers/STM32F3xx_HAL_Driver/Inc -I../Drivers/STM32F3xx_HAL_Driver/Inc/Legacy -I../Drivers/CMSIS/Device/ST/STM32F3xx/Include -I../Drivers/CMSIS/Include -O0 -ffunction-sections -fdata-sections -Wall -fstack-usage -fcyclomatic-complexity -MMD -MP -MF"Core/Src/main.d" -MT"Core/Src/main.o" --specs=nano.specs -mfpu=fpv4-sp-d16 -mfloat-abi=hard -mthumb -o "Core/Src/main.o"
arm-none-eabi-gcc "../Core/Src/nmea_parse.c" -mcpu=cortex-m4 -std=gnu11 -g3 -DDEBUG -DUSE_HAL_DRIVER -DSTM32F303x8 -c -I../Core/Inc -I../Drivers/STM32F3xx_HAL_Driver/Inc -I../Drivers/STM32F3xx_HAL_Driver/Inc/Legacy -I../Drivers/CMSIS/Device/ST/STM32F3xx/Include -I../Drivers/CMSIS/Include -O0 -ffunction-sections -fdata-sections -Wall -fstack-usage -fcyclomatic-complexity -MMD -MP -MF"Core/Src/nmea_parse.d" -MT"Core/Src/nmea_parse.o" --specs=nano.specs -mfpu=fpv4-sp-d16 -mfloat-abi=hard -mthumb -o "Core/Src/nmea_parse.o"
arm-none-eabi-gcc "../Core/Src/nslp_dma.c" -mcpu=cortex-m4 -std=gnu11 -g3 -DDEBUG -DUSE_HAL_DRIVER -DSTM32F303x8 -c -I../Core/Inc -I../Drivers/STM32F3xx_HAL_Driver/Inc -I../Drivers/STM32F3xx_HAL_Driver/Inc/Legacy -I../Drivers/CMSIS/Device/ST/STM32F3xx/Include -I../Drivers/CMSIS/Include -O0 -ffunction-sections -fdata-sections -Wall -fstack-usage -fcyclomatic-complexity -MMD -MP -MF"Core/Src/nslp_dma.d" -MT"Core/Src/nslp_dma.o" --specs=nano.specs -mfpu=fpv4-sp-d16 -mfloat-abi=hard -mthumb -o "Core/Src/nslp_dma.o"
arm-none-eabi-gcc "../Core/Src/stm32f3xx_hal_msp.c" -mcpu=cortex-m4 -std=gnu11 -g3 -DDEBUG -DUSE_HAL_DRIVER -DSTM32F303x8 -c -I../Core/Inc -I../Drivers/STM32F3xx_HAL_Driver/Inc -I../Drivers/STM32F3xx_HAL_Driver/Inc/Legacy -I../Drivers/CMSIS/Device/ST/STM32F3xx/Include -I../Drivers/CMSIS/Include -O0 -ffunction-sections -fdata-sections -Wall -fstack-usage -fcyclomatic-complexity -MMD -MP -MF"Core/Src/stm32f3xx_hal_msp.d" -MT"Core/Src/stm32f3xx_hal_msp.o" --specs=nano.specs -mfpu=fpv4-sp-d16 -mfloat-abi=hard -mthumb -o "Core/Src/stm32f3xx_hal_msp.o"
arm-none-eabi-gcc "../Core/Src/stm32f3xx_it.c" -mcpu=cortex-m4 -std=gnu11 -g3 -DDEBUG -DUSE_HAL_DRIVER -DSTM32F303x8 -c -I../Core/Inc -I../Drivers/STM32F3xx_HAL_Driver/Inc -I../Drivers/STM32F3xx_HAL_Driver/Inc/Legacy -I../Drivers/CMSIS/Device/ST/STM32F3xx/Include -I../Drivers/CMSIS/Include -O0 -ffunction-sections -fdata-sections -Wall -fstack-usage -fcyclomatic-complexity -MMD -MP -MF"Core/Src/stm32f3xx_it.d" -MT"Core/Src/stm32f3xx_it.o" --specs=nano.specs -mfpu=fpv4-sp-d16 -mfloat-abi=hard -mthumb -o "Core/Src/stm32f3xx_it.o"
arm-none-eabi-gcc "../Core/Src/syscalls.c" -mcpu=cortex-m4 -std=gnu11 -g3 -DDEBUG -DUSE_HAL_DRIVER -DSTM32F303x8 -c -I../Core/Inc -I../Drivers/STM32F3xx_HAL_Driver/Inc -I../Drivers/STM32F3xx_HAL_Driver/Inc/Legacy -I../Drivers/CMSIS/Device/ST/STM32F3xx/Include -I../Drivers/CMSIS/Include -O0 -ffunction-sections -fdata-sections -Wall -fstack-usage -fcyclomatic-complexity -MMD -MP -MF"Core/Src/syscalls.d" -MT"Core/Src/syscalls.o" --specs=nano.specs -mfpu=fpv4-sp-d16 -mfloat-abi=hard -mthumb -o "Core/Src/syscalls.o"
arm-none-eabi-gcc "../Core/Src/sysmem.c" -mcpu=cortex-m4 -std=gnu11 -g3 -DDEBUG -DUSE_HAL_DRIVER -DSTM32F303x8 -c -I../Core/Inc -I../Drivers/STM32F3xx_HAL_Driver/Inc -I../Drivers/STM32F3xx_HAL_Driver/Inc/Legacy -I../Drivers/CMSIS/Device/ST/STM32F3xx/Include -I../Drivers/CMSIS/Include -O0 -ffunction-sections -fdata-sections -Wall -fstack-usage -fcyclomatic-complexity -MMD -MP -MF"Core/Src/sysmem.d" -MT"Core/Src/sysmem.o" --specs=nano.specs -mfpu=fpv4-sp-d16 -mfloat-abi=hard -mthumb -o "Core/Src/sysmem.o"
arm-none-eabi-gcc "../Core/Src/system_stm32f3xx.c" -mcpu=cortex-m4 -std=gnu11 -g3 -DDEBUG -DUSE_HAL_DRIVER -DSTM32F303x8 -c -I../Core/Inc -I../Drivers/STM32F3xx_HAL_Driver/Inc -I../Drivers/STM32F3xx_HAL_Driver/Inc/Legacy -I../Drivers/CMSIS/Device/ST/STM32F3xx/Include -I../Drivers/CMSIS/Include -O0 -ffunction-sections -fdata-sections -Wall -fstack-usage -fcyclomatic-complexity -MMD -MP -MF"Core/Src/system_stm32f3xx.d" -MT"Core/Src/system_stm32f3xx.o" --specs=nano.specs -mfpu=fpv4-sp-d16 -mfloat-abi=hard -mthumb -o "Core/Src/system_stm32f3xx.o"
arm-none-eabi-gcc "../Core/Src/ubx_nav_sol.c" -mcpu=cortex-m4 -std=gnu11 -g3 -DDEBUG -DUSE_HAL_DRIVER -DSTM32F303x8 -c -I../Core/Inc -I../Drivers/STM32F3xx_HAL_Driver/Inc -I../Drivers/STM32F3xx_HAL_Driver/Inc/Legacy -I../Drivers/CMSIS/Device/ST/STM32F3xx/Include -I../Drivers/CMSIS/Include -O0 -ffunction-sections -fdata-sections -Wall -fstack-usage -fcyclomatic-complexity -MMD -MP -MF"Core/Src/ubx_nav_sol.d" -MT"Core/Src/ubx_nav_sol.o" --specs=nano.specs -mfpu=fpv4-sp-d16 -mfloat-abi=hard -mthumb -o "Core/Src/ubx_nav_sol.o"
../Core/Src/NBKF.c:205:12: warning: 'matrix_inverse' defined but not used [-Wunused-function]
  205 | static int matrix_inverse(float *A, float *Ainv, int n) {
      |            ^~~~~~~~~~~~~~
../Core/Src/main.c: In function 'main':
../Core/Src/main.c:306:33: warning: unused variable 'parsecheck' [-Wunused-variable]
  306 |                         uint8_t parsecheck = UBX_ParseNavSolFrame(rx_buffer, sizeof(rx_buffer), &rawData,&solData);
      |                                 ^~~~~~~~~~
../Core/Src/nmea_parse.c: In function 'nmea_parse':
../Core/Src/nmea_parse.c:168:27: warning: pointer targets in passing argument 1 of 'strtok' differ in signedness [-Wpointer-sign]
  168 |     char * token = strtok(buffer, "$");
      |                           ^~~~~~
      |                           |
      |                           uint8_t * {aka unsigned char *}
In file included from ../Core/Inc/nmea_parse.h:12,
                 from ../Core/Src/nmea_parse.c:4:
C:\ST\STM32CubeIDE_1.19.0\STM32CubeIDE\plugins\com.st.stm32cube.ide.mcu.externaltools.gnu-tools-for-stm32.13.3.rel1.win32_1.0.0.202411081344\tools\bin/../lib/gcc/arm-none-eabi/13.3.1/../../../../arm-none-eabi/include/string.h:50:18: note: expected 'char * restrict' but argument is of type 'uint8_t *' {aka 'unsigned char *'}
   50 | char    *strtok (char *__restrict, const char *__restrict);
      |                  ^
arm-none-eabi-g++ -o "NAV_BOX.elf" @"objects.list"   -mcpu=cortex-m4 -T"C:\Users\Admin\Documents\NAV_BOX_tofNlnd\NAV_BOX\STM32F303K8TX_FLASH.ld" --specs=nosys.specs -Wl,-Map="NAV_BOX.map" -Wl,--gc-sections -static --specs=nano.specs -mfpu=fpv4-sp-d16 -mfloat-abi=hard -mthumb -Wl,--start-group -lc -lm -lstdc++ -lsupc++ -Wl,--end-group
Finished building target: NAV_BOX.elf
 
arm-none-eabi-size  NAV_BOX.elf 
arm-none-eabi-objdump -h -S NAV_BOX.elf  > "NAV_BOX.list"
   text	   data	    bss	    dec	    hex	filename
  44552	    140	   3296	  47988	   bb74	NAV_BOX.elf
Finished building: default.size.stdout
 
Finished building: NAV_BOX.list
 
16:32:12 **** Incremental Build of configuration Debug for project NAV_BOX ****
make -j12 all 
arm-none-eabi-gcc "../Core/Src/main.c" -mcpu=cortex-m4 -std=gnu11 -g3 -DDEBUG -DUSE_HAL_DRIVER -DSTM32F303x8 -c -I../Core/Inc -I../Drivers/STM32F3xx_HAL_Driver/Inc -I../Drivers/STM32F3xx_HAL_Driver/Inc/Legacy -I../Drivers/CMSIS/Device/ST/STM32F3xx/Include -I../Drivers/CMSIS/Include -O0 -ffunction-sections -fdata-sections -Wall -fstack-usage -fcyclomatic-complexity -MMD -MP -MF"Core/Src/main.d" -MT"Core/Src/main.o" --specs=nano.specs -mfpu=fpv4-sp-d16 -mfloat-abi=hard -mthumb -o "Core/Src/main.o"
../Core/Src/main.c: In function 'main':
../Core/Src/main.c:308:33: warning: unused variable 'parsecheck' [-Wunused-variable]
  308 |                         uint8_t parsecheck = UBX_ParseNavSolFrame(rx_buffer, sizeof(rx_buffer), &rawData,&solData);
      |                                 ^~~~~~~~~~
arm-none-eabi-g++ -o "NAV_BOX.elf" @"objects.list"   -mcpu=cortex-m4 -T"C:\Users\Admin\Documents\NAV_BOX_tofNlnd\NAV_BOX\STM32F303K8TX_FLASH.ld" --specs=nosys.specs -Wl,-Map="NAV_BOX.map" -Wl,--gc-sections -static --specs=nano.specs -mfpu=fpv4-sp-d16 -mfloat-abi=hard -mthumb -Wl,--start-group -lc -lm -lstdc++ -lsupc++ -Wl,--end-group
Finished building target: NAV_BOX.elf
 
arm-none-eabi-size  NAV_BOX.elf 
arm-none-eabi-objdump -h -S NAV_BOX.elf  > "NAV_BOX.list"
   text	   data	    bss	    dec	    hex	filename
  44552	    140	   3296	  47988	   bb74	NAV_BOX.elf
Finished building: default.size.stdout
 
Finished building: NAV_BOX.list
 
17:04:30 **** Incremental Build of configuration Debug for project NAV_BOX ****
make -j12 all 
arm-none-eabi-gcc "../Core/Src/main.c" -mcpu=cortex-m4 -std=gnu11 -g3 -DDEBUG -DUSE_HAL_DRIVER -DSTM32F303x8 -c -I../Core/Inc -I../Drivers/STM32F3xx_HAL_Driver/Inc -I../Drivers/STM32F3xx_HAL_Driver/Inc/Legacy -I../Drivers/CMSIS/Device/ST/STM32F3xx/Include -I../Drivers/CMSIS/Include -O0 -ffunction-sections -fdata-sections -Wall -fstack-usage -fcyclomatic-complexity -MMD -MP -MF"Core/Src/main.d" -MT"Core/Src/main.o" --specs=nano.specs -mfpu=fpv4-sp-d16 -mfloat-abi=hard -mthumb -o "Core/Src/main.o"
../Core/Src/main.c: In function 'main':
../Core/Src/main.c:287:19: error: 'kf' undeclared (first use in this function)
  287 |         NBKF_Init(kf, dt)
      |                   ^~
../Core/Src/main.c:287:19: note: each undeclared identifier is reported only once for each function it appears in
../Core/Src/main.c:287:23: error: 'dt' undeclared (first use in this function)
  287 |         NBKF_Init(kf, dt)
      |                       ^~
../Core/Src/main.c:287:26: error: expected ';' before 'while'
  287 |         NBKF_Init(kf, dt)
      |                          ^
      |                          ;
......
  293 |         while (1)
      |         ~~~~~             
../Core/Src/main.c:263:23: warning: unused variable 'BMP_packet' [-Wunused-variable]
  263 |         nslp_packet_t BMP_packet = {
      |                       ^~~~~~~~~~
../Core/Src/main.c:256:23: warning: unused variable 'BNO_packet' [-Wunused-variable]
  256 |         nslp_packet_t BNO_packet = {
      |                       ^~~~~~~~~~
../Core/Src/main.c:249:23: warning: unused variable 'pos_packet' [-Wunused-variable]
  249 |         nslp_packet_t pos_packet = {
      |                       ^~~~~~~~~~
../Core/Src/main.c:244:18: warning: unused variable 'lastTime' [-Wunused-variable]
  244 |         uint32_t lastTime = 0;
      |                  ^~~~~~~~
make: *** [Core/Src/subdir.mk:52: Core/Src/main.o] Error 1
"make -j12 all" terminated with exit code 2. Build might be incomplete.
17:10:49 **** Incremental Build of configuration Debug for project NAV_BOX ****
make -j12 all 
arm-none-eabi-gcc "../Core/Src/main.c" -mcpu=cortex-m4 -std=gnu11 -g3 -DDEBUG -DUSE_HAL_DRIVER -DSTM32F303x8 -c -I../Core/Inc -I../Drivers/STM32F3xx_HAL_Driver/Inc -I../Drivers/STM32F3xx_HAL_Driver/Inc/Legacy -I../Drivers/CMSIS/Device/ST/STM32F3xx/Include -I../Drivers/CMSIS/Include -O0 -ffunction-sections -fdata-sections -Wall -fstack-usage -fcyclomatic-complexity -MMD -MP -MF"Core/Src/main.d" -MT"Core/Src/main.o" --specs=nano.specs -mfpu=fpv4-sp-d16 -mfloat-abi=hard -mthumb -o "Core/Src/main.o"
../Core/Src/main.c: In function 'main':
../Core/Src/main.c:288:19: error: incompatible type for argument 1 of 'NBKF_Init'
  288 |         NBKF_Init(navFilter, dt)
      |                   ^~~~~~~~~
      |                   |
      |                   NBKF_t
In file included from ../Core/Src/main.c:38:
../Core/Inc/NBKF.h:45:24: note: expected 'NBKF_t *' but argument is of type 'NBKF_t'
   45 | void NBKF_Init(NBKF_t *kf, float dt);
      |                ~~~~~~~~^~
../Core/Src/main.c:288:33: error: expected ';' before 'while'
  288 |         NBKF_Init(navFilter, dt)
      |                                 ^
      |                                 ;
......
  294 |         while (1)
      |         ~~~~~                    
../Core/Src/main.c:264:23: warning: unused variable 'BMP_packet' [-Wunused-variable]
  264 |         nslp_packet_t BMP_packet = {
      |                       ^~~~~~~~~~
../Core/Src/main.c:257:23: warning: unused variable 'BNO_packet' [-Wunused-variable]
  257 |         nslp_packet_t BNO_packet = {
      |                       ^~~~~~~~~~
../Core/Src/main.c:250:23: warning: unused variable 'pos_packet' [-Wunused-variable]
  250 |         nslp_packet_t pos_packet = {
      |                       ^~~~~~~~~~
../Core/Src/main.c:245:18: warning: unused variable 'lastTime' [-Wunused-variable]
  245 |         uint32_t lastTime = 0;
      |                  ^~~~~~~~
make: *** [Core/Src/subdir.mk:52: Core/Src/main.o] Error 1
"make -j12 all" terminated with exit code 2. Build might be incomplete.
17:10:59 **** Incremental Build of configuration Debug for project NAV_BOX ****
make -j12 all 
arm-none-eabi-gcc "../Core/Src/main.c" -mcpu=cortex-m4 -std=gnu11 -g3 -DDEBUG -DUSE_HAL_DRIVER -DSTM32F303x8 -c -I../Core/Inc -I../Drivers/STM32F3xx_HAL_Driver/Inc -I../Drivers/STM32F3xx_HAL_Driver/Inc/Legacy -I../Drivers/CMSIS/Device/ST/STM32F3xx/Include -I../Drivers/CMSIS/Include -O0 -ffunction-sections -fdata-sections -Wall -fstack-usage -fcyclomatic-complexity -MMD -MP -MF"Core/Src/main.d" -MT"Core/Src/main.o" --specs=nano.specs -mfpu=fpv4-sp-d16 -mfloat-abi=hard -mthumb -o "Core/Src/main.o"
../Core/Src/main.c: In function 'main':
../Core/Src/main.c:288:19: error: incompatible type for argument 1 of 'NBKF_Init'
  288 |         NBKF_Init(navFilter, dt)
      |                   ^~~~~~~~~
      |                   |
      |                   NBKF_t
In file included from ../Core/Src/main.c:38:
../Core/Inc/NBKF.h:45:24: note: expected 'NBKF_t *' but argument is of type 'NBKF_t'
   45 | void NBKF_Init(NBKF_t *kf, float dt);
      |                ~~~~~~~~^~
../Core/Src/main.c:288:33: error: expected ';' before 'while'
  288 |         NBKF_Init(navFilter, dt)
      |                                 ^
      |                                 ;
......
  294 |         while (1)
      |         ~~~~~                    
../Core/Src/main.c:264:23: warning: unused variable 'BMP_packet' [-Wunused-variable]
  264 |         nslp_packet_t BMP_packet = {
      |                       ^~~~~~~~~~
../Core/Src/main.c:257:23: warning: unused variable 'BNO_packet' [-Wunused-variable]
  257 |         nslp_packet_t BNO_packet = {
      |                       ^~~~~~~~~~
../Core/Src/main.c:250:23: warning: unused variable 'pos_packet' [-Wunused-variable]
  250 |         nslp_packet_t pos_packet = {
      |                       ^~~~~~~~~~
../Core/Src/main.c:245:18: warning: unused variable 'lastTime' [-Wunused-variable]
  245 |         uint32_t lastTime = 0;
      |                  ^~~~~~~~
make: *** [Core/Src/subdir.mk:52: Core/Src/main.o] Error 1
"make -j12 all" terminated with exit code 2. Build might be incomplete.
17:11:16 **** Incremental Build of configuration Debug for project NAV_BOX ****
make -j12 all 
arm-none-eabi-gcc "../Core/Src/main.c" -mcpu=cortex-m4 -std=gnu11 -g3 -DDEBUG -DUSE_HAL_DRIVER -DSTM32F303x8 -c -I../Core/Inc -I../Drivers/STM32F3xx_HAL_Driver/Inc -I../Drivers/STM32F3xx_HAL_Driver/Inc/Legacy -I../Drivers/CMSIS/Device/ST/STM32F3xx/Include -I../Drivers/CMSIS/Include -O0 -ffunction-sections -fdata-sections -Wall -fstack-usage -fcyclomatic-complexity -MMD -MP -MF"Core/Src/main.d" -MT"Core/Src/main.o" --specs=nano.specs -mfpu=fpv4-sp-d16 -mfloat-abi=hard -mthumb -o "Core/Src/main.o"
../Core/Src/main.c: In function 'main':
../Core/Src/main.c:288:19: error: incompatible type for argument 1 of 'NBKF_Init'
  288 |         NBKF_Init(navFilter, dt)
      |                   ^~~~~~~~~
      |                   |
      |                   NBKF_t
In file included from ../Core/Src/main.c:38:
../Core/Inc/NBKF.h:45:24: note: expected 'NBKF_t *' but argument is of type 'NBKF_t'
   45 | void NBKF_Init(NBKF_t *kf, float dt);
      |                ~~~~~~~~^~
../Core/Src/main.c:288:33: error: expected ';' before 'while'
  288 |         NBKF_Init(navFilter, dt)
      |                                 ^
      |                                 ;
......
  294 |         while (1)
      |         ~~~~~                    
../Core/Src/main.c:264:23: warning: unused variable 'BMP_packet' [-Wunused-variable]
  264 |         nslp_packet_t BMP_packet = {
      |                       ^~~~~~~~~~
../Core/Src/main.c:257:23: warning: unused variable 'BNO_packet' [-Wunused-variable]
  257 |         nslp_packet_t BNO_packet = {
      |                       ^~~~~~~~~~
../Core/Src/main.c:250:23: warning: unused variable 'pos_packet' [-Wunused-variable]
  250 |         nslp_packet_t pos_packet = {
      |                       ^~~~~~~~~~
../Core/Src/main.c:245:18: warning: unused variable 'lastTime' [-Wunused-variable]
  245 |         uint32_t lastTime = 0;
      |                  ^~~~~~~~
make: *** [Core/Src/subdir.mk:52: Core/Src/main.o] Error 1
"make -j12 all" terminated with exit code 2. Build might be incomplete.
17:11:27 **** Incremental Build of configuration Debug for project NAV_BOX ****
make -j12 all 
arm-none-eabi-gcc "../Core/Src/main.c" -mcpu=cortex-m4 -std=gnu11 -g3 -DDEBUG -DUSE_HAL_DRIVER -DSTM32F303x8 -c -I../Core/Inc -I../Drivers/STM32F3xx_HAL_Driver/Inc -I../Drivers/STM32F3xx_HAL_Driver/Inc/Legacy -I../Drivers/CMSIS/Device/ST/STM32F3xx/Include -I../Drivers/CMSIS/Include -O0 -ffunction-sections -fdata-sections -Wall -fstack-usage -fcyclomatic-complexity -MMD -MP -MF"Core/Src/main.d" -MT"Core/Src/main.o" --specs=nano.specs -mfpu=fpv4-sp-d16 -mfloat-abi=hard -mthumb -o "Core/Src/main.o"
../Core/Src/main.c: In function 'main':
../Core/Src/main.c:288:19: error: incompatible type for argument 1 of 'NBKF_Init'
  288 |         NBKF_Init(navFilter, dt);
      |                   ^~~~~~~~~
      |                   |
      |                   NBKF_t
In file included from ../Core/Src/main.c:38:
../Core/Inc/NBKF.h:45:24: note: expected 'NBKF_t *' but argument is of type 'NBKF_t'
   45 | void NBKF_Init(NBKF_t *kf, float dt);
      |                ~~~~~~~~^~
../Core/Src/main.c:330:33: error: 'struct Position' has no member named 'timestamp'
  330 |                         GPS_data.timestamp = HAL_GetTick();
      |                                 ^
../Core/Src/main.c:335:31: warning: passing argument 2 of 'NBKF_Update' from incompatible pointer type [-Wincompatible-pointer-types]
  335 |       NBKF_Update(&navFilter, &GPS_data, &BNO055_data); //update with GPS rate
      |                               ^~~~~~~~~
      |                               |
      |                               struct Position *
../Core/Inc/NBKF.h:47:42: note: expected 'GPS_Data_t *' but argument is of type 'struct Position *'
   47 | void NBKF_Update(NBKF_t *kf, GPS_Data_t *gps, IMU_Data_t *imu);
      |                              ~~~~~~~~~~~~^~~
../Core/Src/main.c:335:42: warning: passing argument 3 of 'NBKF_Update' from incompatible pointer type [-Wincompatible-pointer-types]
  335 |       NBKF_Update(&navFilter, &GPS_data, &BNO055_data); //update with GPS rate
      |                                          ^~~~~~~~~~~~
      |                                          |
      |                                          struct BNO055_payload *
../Core/Inc/NBKF.h:47:59: note: expected 'IMU_Data_t *' but argument is of type 'struct BNO055_payload *'
   47 | void NBKF_Update(NBKF_t *kf, GPS_Data_t *gps, IMU_Data_t *imu);
      |                                               ~~~~~~~~~~~~^~~
../Core/Src/main.c:320:33: warning: unused variable 'parsecheck' [-Wunused-variable]
  320 |                         uint8_t parsecheck = UBX_ParseNavSolFrame(rx_buffer, sizeof(rx_buffer), &rawData,&solData);
      |                                 ^~~~~~~~~~
../Core/Src/main.c:342:17: error: 'g' undeclared (first use in this function)
  342 |                 g = bno055_getVectorGyroscope();                        //absolute position
      |                 ^
../Core/Src/main.c:342:17: note: each undeclared identifier is reported only once for each function it appears in
../Core/Src/main.c:374:30: warning: passing argument 2 of 'NBKF_Predict' from incompatible pointer type [-Wincompatible-pointer-types]
  374 |     NBKF_Predict(&navFilter, &BNO055_data); //Run at qC rate
      |                              ^~~~~~~~~~~~
      |                              |
      |                              struct BNO055_payload *
../Core/Inc/NBKF.h:46:43: note: expected 'IMU_Data_t *' but argument is of type 'struct BNO055_payload *'
   46 | void NBKF_Predict(NBKF_t *kf, IMU_Data_t *imu);
      |                               ~~~~~~~~~~~~^~~
make: *** [Core/Src/subdir.mk:52: Core/Src/main.o] Error 1
"make -j12 all" terminated with exit code 2. Build might be incomplete.
17:13:25 **** Incremental Build of configuration Debug for project NAV_BOX ****
make -j12 all 
arm-none-eabi-gcc "../Core/Src/main.c" -mcpu=cortex-m4 -std=gnu11 -g3 -DDEBUG -DUSE_HAL_DRIVER -DSTM32F303x8 -c -I../Core/Inc -I../Drivers/STM32F3xx_HAL_Driver/Inc -I../Drivers/STM32F3xx_HAL_Driver/Inc/Legacy -I../Drivers/CMSIS/Device/ST/STM32F3xx/Include -I../Drivers/CMSIS/Include -O0 -ffunction-sections -fdata-sections -Wall -fstack-usage -fcyclomatic-complexity -MMD -MP -MF"Core/Src/main.d" -MT"Core/Src/main.o" --specs=nano.specs -mfpu=fpv4-sp-d16 -mfloat-abi=hard -mthumb -o "Core/Src/main.o"
../Core/Src/main.c: In function 'main':
../Core/Src/main.c:288:19: error: incompatible type for argument 1 of 'NBKF_Init'
  288 |         NBKF_Init(navFilter, dt);
      |                   ^~~~~~~~~
      |                   |
      |                   NBKF_t
In file included from ../Core/Src/main.c:38:
../Core/Inc/NBKF.h:45:24: note: expected 'NBKF_t *' but argument is of type 'NBKF_t'
   45 | void NBKF_Init(NBKF_t *kf, float dt);
      |                ~~~~~~~~^~
../Core/Src/main.c:330:33: error: 'struct Position' has no member named 'timestamp'
  330 |                         GPS_data.timestamp = HAL_GetTick();
      |                                 ^
../Core/Src/main.c:335:31: warning: passing argument 2 of 'NBKF_Update' from incompatible pointer type [-Wincompatible-pointer-types]
  335 |       NBKF_Update(&navFilter, &GPS_data, &BNO055_data); //update with GPS rate
      |                               ^~~~~~~~~
      |                               |
      |                               struct Position *
../Core/Inc/NBKF.h:47:42: note: expected 'GPS_Data_t *' but argument is of type 'struct Position *'
   47 | void NBKF_Update(NBKF_t *kf, GPS_Data_t *gps, IMU_Data_t *imu);
      |                              ~~~~~~~~~~~~^~~
../Core/Src/main.c:335:42: warning: passing argument 3 of 'NBKF_Update' from incompatible pointer type [-Wincompatible-pointer-types]
  335 |       NBKF_Update(&navFilter, &GPS_data, &BNO055_data); //update with GPS rate
      |                                          ^~~~~~~~~~~~
      |                                          |
      |                                          struct BNO055_payload *
../Core/Inc/NBKF.h:47:59: note: expected 'IMU_Data_t *' but argument is of type 'struct BNO055_payload *'
   47 | void NBKF_Update(NBKF_t *kf, GPS_Data_t *gps, IMU_Data_t *imu);
      |                                               ~~~~~~~~~~~~^~~
../Core/Src/main.c:320:33: warning: unused variable 'parsecheck' [-Wunused-variable]
  320 |                         uint8_t parsecheck = UBX_ParseNavSolFrame(rx_buffer, sizeof(rx_buffer), &rawData,&solData);
      |                                 ^~~~~~~~~~
../Core/Src/main.c:342:17: error: 'g' undeclared (first use in this function)
  342 |                 g = bno055_getVectorGyroscope();                        //absolute position
      |                 ^
../Core/Src/main.c:342:17: note: each undeclared identifier is reported only once for each function it appears in
../Core/Src/main.c:374:30: warning: passing argument 2 of 'NBKF_Predict' from incompatible pointer type [-Wincompatible-pointer-types]
  374 |     NBKF_Predict(&navFilter, &BNO055_data); //Run at qC rate
      |                              ^~~~~~~~~~~~
      |                              |
      |                              struct BNO055_payload *
../Core/Inc/NBKF.h:46:43: note: expected 'IMU_Data_t *' but argument is of type 'struct BNO055_payload *'
   46 | void NBKF_Predict(NBKF_t *kf, IMU_Data_t *imu);
      |                               ~~~~~~~~~~~~^~~
make: *** [Core/Src/subdir.mk:52: Core/Src/main.o] Error 1
"make -j12 all" terminated with exit code 2. Build might be incomplete.
17:14:10 **** Incremental Build of configuration Debug for project NAV_BOX ****
make -j12 all 
arm-none-eabi-gcc "../Core/Src/main.c" -mcpu=cortex-m4 -std=gnu11 -g3 -DDEBUG -DUSE_HAL_DRIVER -DSTM32F303x8 -c -I../Core/Inc -I../Drivers/STM32F3xx_HAL_Driver/Inc -I../Drivers/STM32F3xx_HAL_Driver/Inc/Legacy -I../Drivers/CMSIS/Device/ST/STM32F3xx/Include -I../Drivers/CMSIS/Include -O0 -ffunction-sections -fdata-sections -Wall -fstack-usage -fcyclomatic-complexity -MMD -MP -MF"Core/Src/main.d" -MT"Core/Src/main.o" --specs=nano.specs -mfpu=fpv4-sp-d16 -mfloat-abi=hard -mthumb -o "Core/Src/main.o"
../Core/Src/main.c: In function 'main':
../Core/Src/main.c:288:19: error: incompatible type for argument 1 of 'NBKF_Init'
  288 |         NBKF_Init(navFilter, dt);
      |                   ^~~~~~~~~
      |                   |
      |                   NBKF_t
In file included from ../Core/Src/main.c:38:
../Core/Inc/NBKF.h:45:24: note: expected 'NBKF_t *' but argument is of type 'NBKF_t'
   45 | void NBKF_Init(NBKF_t *kf, float dt);
      |                ~~~~~~~~^~
../Core/Src/main.c:330:33: error: 'struct Position' has no member named 'timestamp'
  330 |                         GPS_data.timestamp = HAL_GetTick();
      |                                 ^
../Core/Src/main.c:335:31: warning: passing argument 2 of 'NBKF_Update' from incompatible pointer type [-Wincompatible-pointer-types]
  335 |       NBKF_Update(&navFilter, &GPS_data, &BNO055_data); //update with GPS rate
      |                               ^~~~~~~~~
      |                               |
      |                               struct Position *
../Core/Inc/NBKF.h:47:42: note: expected 'GPS_Data_t *' but argument is of type 'struct Position *'
   47 | void NBKF_Update(NBKF_t *kf, GPS_Data_t *gps, IMU_Data_t *imu);
      |                              ~~~~~~~~~~~~^~~
../Core/Src/main.c:335:42: warning: passing argument 3 of 'NBKF_Update' from incompatible pointer type [-Wincompatible-pointer-types]
  335 |       NBKF_Update(&navFilter, &GPS_data, &BNO055_data); //update with GPS rate
      |                                          ^~~~~~~~~~~~
      |                                          |
      |                                          struct BNO055_payload *
../Core/Inc/NBKF.h:47:59: note: expected 'IMU_Data_t *' but argument is of type 'struct BNO055_payload *'
   47 | void NBKF_Update(NBKF_t *kf, GPS_Data_t *gps, IMU_Data_t *imu);
      |                                               ~~~~~~~~~~~~^~~
../Core/Src/main.c:320:33: warning: unused variable 'parsecheck' [-Wunused-variable]
  320 |                         uint8_t parsecheck = UBX_ParseNavSolFrame(rx_buffer, sizeof(rx_buffer), &rawData,&solData);
      |                                 ^~~~~~~~~~
../Core/Src/main.c:374:30: warning: passing argument 2 of 'NBKF_Predict' from incompatible pointer type [-Wincompatible-pointer-types]
  374 |     NBKF_Predict(&navFilter, &BNO055_data); //Run at qC rate
      |                              ^~~~~~~~~~~~
      |                              |
      |                              struct BNO055_payload *
../Core/Inc/NBKF.h:46:43: note: expected 'IMU_Data_t *' but argument is of type 'struct BNO055_payload *'
   46 | void NBKF_Predict(NBKF_t *kf, IMU_Data_t *imu);
      |                               ~~~~~~~~~~~~^~~
make: *** [Core/Src/subdir.mk:52: Core/Src/main.o] Error 1
"make -j12 all" terminated with exit code 2. Build might be incomplete.
17:14:49 **** Incremental Build of configuration Debug for project NAV_BOX ****
make -j12 all 
arm-none-eabi-gcc "../Core/Src/main.c" -mcpu=cortex-m4 -std=gnu11 -g3 -DDEBUG -DUSE_HAL_DRIVER -DSTM32F303x8 -c -I../Core/Inc -I../Drivers/STM32F3xx_HAL_Driver/Inc -I../Drivers/STM32F3xx_HAL_Driver/Inc/Legacy -I../Drivers/CMSIS/Device/ST/STM32F3xx/Include -I../Drivers/CMSIS/Include -O0 -ffunction-sections -fdata-sections -Wall -fstack-usage -fcyclomatic-complexity -MMD -MP -MF"Core/Src/main.d" -MT"Core/Src/main.o" --specs=nano.specs -mfpu=fpv4-sp-d16 -mfloat-abi=hard -mthumb -o "Core/Src/main.o"
../Core/Src/main.c: In function 'main':
../Core/Src/main.c:288:19: error: incompatible type for argument 1 of 'NBKF_Init'
  288 |         NBKF_Init(navFilter, dt);
      |                   ^~~~~~~~~
      |                   |
      |                   NBKF_t
In file included from ../Core/Src/main.c:38:
../Core/Inc/NBKF.h:45:24: note: expected 'NBKF_t *' but argument is of type 'NBKF_t'
   45 | void NBKF_Init(NBKF_t *kf, float dt);
      |                ~~~~~~~~^~
../Core/Src/main.c:335:31: warning: passing argument 2 of 'NBKF_Update' from incompatible pointer type [-Wincompatible-pointer-types]
  335 |       NBKF_Update(&navFilter, &GPS_data, &BNO055_data); //update with GPS rate
      |                               ^~~~~~~~~
      |                               |
      |                               struct Position *
../Core/Inc/NBKF.h:47:42: note: expected 'GPS_Data_t *' but argument is of type 'struct Position *'
   47 | void NBKF_Update(NBKF_t *kf, GPS_Data_t *gps, IMU_Data_t *imu);
      |                              ~~~~~~~~~~~~^~~
../Core/Src/main.c:335:42: warning: passing argument 3 of 'NBKF_Update' from incompatible pointer type [-Wincompatible-pointer-types]
  335 |       NBKF_Update(&navFilter, &GPS_data, &BNO055_data); //update with GPS rate
      |                                          ^~~~~~~~~~~~
      |                                          |
      |                                          struct BNO055_payload *
../Core/Inc/NBKF.h:47:59: note: expected 'IMU_Data_t *' but argument is of type 'struct BNO055_payload *'
   47 | void NBKF_Update(NBKF_t *kf, GPS_Data_t *gps, IMU_Data_t *imu);
      |                                               ~~~~~~~~~~~~^~~
../Core/Src/main.c:320:33: warning: unused variable 'parsecheck' [-Wunused-variable]
  320 |                         uint8_t parsecheck = UBX_ParseNavSolFrame(rx_buffer, sizeof(rx_buffer), &rawData,&solData);
      |                                 ^~~~~~~~~~
../Core/Src/main.c:374:30: warning: passing argument 2 of 'NBKF_Predict' from incompatible pointer type [-Wincompatible-pointer-types]
  374 |     NBKF_Predict(&navFilter, &BNO055_data); //Run at qC rate
      |                              ^~~~~~~~~~~~
      |                              |
      |                              struct BNO055_payload *
../Core/Inc/NBKF.h:46:43: note: expected 'IMU_Data_t *' but argument is of type 'struct BNO055_payload *'
   46 | void NBKF_Predict(NBKF_t *kf, IMU_Data_t *imu);
      |                               ~~~~~~~~~~~~^~~
make: *** [Core/Src/subdir.mk:52: Core/Src/main.o] Error 1
"make -j12 all" terminated with exit code 2. Build might be incomplete.
17:15:44 **** Incremental Build of configuration Debug for project NAV_BOX ****
make -j12 all 
arm-none-eabi-gcc "../Core/Src/main.c" -mcpu=cortex-m4 -std=gnu11 -g3 -DDEBUG -DUSE_HAL_DRIVER -DSTM32F303x8 -c -I../Core/Inc -I../Drivers/STM32F3xx_HAL_Driver/Inc -I../Drivers/STM32F3xx_HAL_Driver/Inc/Legacy -I../Drivers/CMSIS/Device/ST/STM32F3xx/Include -I../Drivers/CMSIS/Include -O0 -ffunction-sections -fdata-sections -Wall -fstack-usage -fcyclomatic-complexity -MMD -MP -MF"Core/Src/main.d" -MT"Core/Src/main.o" --specs=nano.specs -mfpu=fpv4-sp-d16 -mfloat-abi=hard -mthumb -o "Core/Src/main.o"
../Core/Src/main.c: In function 'main':
../Core/Src/main.c:288:19: error: incompatible type for argument 1 of 'NBKF_Init'
  288 |         NBKF_Init(navFilter, dt);NBKF_GetOutput(&navFilter, &navOutput);
      |                   ^~~~~~~~~
      |                   |
      |                   NBKF_t
In file included from ../Core/Src/main.c:38:
../Core/Inc/NBKF.h:45:24: note: expected 'NBKF_t *' but argument is of type 'NBKF_t'
   45 | void NBKF_Init(NBKF_t *kf, float dt);
      |                ~~~~~~~~^~
../Core/Src/main.c:334:31: warning: passing argument 2 of 'NBKF_Update' from incompatible pointer type [-Wincompatible-pointer-types]
  334 |       NBKF_Update(&navFilter, &GPS_data, &BNO055_data); //update with GPS rate
      |                               ^~~~~~~~~
      |                               |
      |                               struct Position *
../Core/Inc/NBKF.h:47:42: note: expected 'GPS_Data_t *' but argument is of type 'struct Position *'
   47 | void NBKF_Update(NBKF_t *kf, GPS_Data_t *gps, IMU_Data_t *imu);
      |                              ~~~~~~~~~~~~^~~
../Core/Src/main.c:334:42: warning: passing argument 3 of 'NBKF_Update' from incompatible pointer type [-Wincompatible-pointer-types]
  334 |       NBKF_Update(&navFilter, &GPS_data, &BNO055_data); //update with GPS rate
      |                                          ^~~~~~~~~~~~
      |                                          |
      |                                          struct BNO055_payload *
../Core/Inc/NBKF.h:47:59: note: expected 'IMU_Data_t *' but argument is of type 'struct BNO055_payload *'
   47 | void NBKF_Update(NBKF_t *kf, GPS_Data_t *gps, IMU_Data_t *imu);
      |                                               ~~~~~~~~~~~~^~~
../Core/Src/main.c:319:33: warning: unused variable 'parsecheck' [-Wunused-variable]
  319 |                         uint8_t parsecheck = UBX_ParseNavSolFrame(rx_buffer, sizeof(rx_buffer), &rawData,&solData);
      |                                 ^~~~~~~~~~
../Core/Src/main.c:373:30: warning: passing argument 2 of 'NBKF_Predict' from incompatible pointer type [-Wincompatible-pointer-types]
  373 |     NBKF_Predict(&navFilter, &BNO055_data); //Run at qC rate
      |                              ^~~~~~~~~~~~
      |                              |
      |                              struct BNO055_payload *
../Core/Inc/NBKF.h:46:43: note: expected 'IMU_Data_t *' but argument is of type 'struct BNO055_payload *'
   46 | void NBKF_Predict(NBKF_t *kf, IMU_Data_t *imu);
      |                               ~~~~~~~~~~~~^~~
make: *** [Core/Src/subdir.mk:52: Core/Src/main.o] Error 1
"make -j12 all" terminated with exit code 2. Build might be incomplete.
17:15:51 **** Incremental Build of configuration Debug for project NAV_BOX ****
make -j12 all 
arm-none-eabi-gcc "../Core/Src/main.c" -mcpu=cortex-m4 -std=gnu11 -g3 -DDEBUG -DUSE_HAL_DRIVER -DSTM32F303x8 -c -I../Core/Inc -I../Drivers/STM32F3xx_HAL_Driver/Inc -I../Drivers/STM32F3xx_HAL_Driver/Inc/Legacy -I../Drivers/CMSIS/Device/ST/STM32F3xx/Include -I../Drivers/CMSIS/Include -O0 -ffunction-sections -fdata-sections -Wall -fstack-usage -fcyclomatic-complexity -MMD -MP -MF"Core/Src/main.d" -MT"Core/Src/main.o" --specs=nano.specs -mfpu=fpv4-sp-d16 -mfloat-abi=hard -mthumb -o "Core/Src/main.o"
../Core/Src/main.c: In function 'main':
../Core/Src/main.c:288:19: error: incompatible type for argument 1 of 'NBKF_Init'
  288 |         NBKF_Init(navFilter, dt);
      |                   ^~~~~~~~~
      |                   |
      |                   NBKF_t
In file included from ../Core/Src/main.c:38:
../Core/Inc/NBKF.h:45:24: note: expected 'NBKF_t *' but argument is of type 'NBKF_t'
   45 | void NBKF_Init(NBKF_t *kf, float dt);
      |                ~~~~~~~~^~
../Core/Src/main.c:335:31: warning: passing argument 2 of 'NBKF_Update' from incompatible pointer type [-Wincompatible-pointer-types]
  335 |       NBKF_Update(&navFilter, &GPS_data, &BNO055_data); //update with GPS rate
      |                               ^~~~~~~~~
      |                               |
      |                               struct Position *
../Core/Inc/NBKF.h:47:42: note: expected 'GPS_Data_t *' but argument is of type 'struct Position *'
   47 | void NBKF_Update(NBKF_t *kf, GPS_Data_t *gps, IMU_Data_t *imu);
      |                              ~~~~~~~~~~~~^~~
../Core/Src/main.c:335:42: warning: passing argument 3 of 'NBKF_Update' from incompatible pointer type [-Wincompatible-pointer-types]
  335 |       NBKF_Update(&navFilter, &GPS_data, &BNO055_data); //update with GPS rate
      |                                          ^~~~~~~~~~~~
      |                                          |
      |                                          struct BNO055_payload *
../Core/Inc/NBKF.h:47:59: note: expected 'IMU_Data_t *' but argument is of type 'struct BNO055_payload *'
   47 | void NBKF_Update(NBKF_t *kf, GPS_Data_t *gps, IMU_Data_t *imu);
      |                                               ~~~~~~~~~~~~^~~
../Core/Src/main.c:320:33: warning: unused variable 'parsecheck' [-Wunused-variable]
  320 |                         uint8_t parsecheck = UBX_ParseNavSolFrame(rx_buffer, sizeof(rx_buffer), &rawData,&solData);
      |                                 ^~~~~~~~~~
../Core/Src/main.c:374:30: warning: passing argument 2 of 'NBKF_Predict' from incompatible pointer type [-Wincompatible-pointer-types]
  374 |     NBKF_Predict(&navFilter, &BNO055_data); //Run at qC rate
      |                              ^~~~~~~~~~~~
      |                              |
      |                              struct BNO055_payload *
../Core/Inc/NBKF.h:46:43: note: expected 'IMU_Data_t *' but argument is of type 'struct BNO055_payload *'
   46 | void NBKF_Predict(NBKF_t *kf, IMU_Data_t *imu);
      |                               ~~~~~~~~~~~~^~~
make: *** [Core/Src/subdir.mk:52: Core/Src/main.o] Error 1
"make -j12 all" terminated with exit code 2. Build might be incomplete.
17:16:30 **** Incremental Build of configuration Debug for project NAV_BOX ****
make -j12 all 
arm-none-eabi-gcc "../Core/Src/main.c" -mcpu=cortex-m4 -std=gnu11 -g3 -DDEBUG -DUSE_HAL_DRIVER -DSTM32F303x8 -c -I../Core/Inc -I../Drivers/STM32F3xx_HAL_Driver/Inc -I../Drivers/STM32F3xx_HAL_Driver/Inc/Legacy -I../Drivers/CMSIS/Device/ST/STM32F3xx/Include -I../Drivers/CMSIS/Include -O0 -ffunction-sections -fdata-sections -Wall -fstack-usage -fcyclomatic-complexity -MMD -MP -MF"Core/Src/main.d" -MT"Core/Src/main.o" --specs=nano.specs -mfpu=fpv4-sp-d16 -mfloat-abi=hard -mthumb -o "Core/Src/main.o"
../Core/Src/main.c: In function 'main':
../Core/Src/main.c:335:31: warning: passing argument 2 of 'NBKF_Update' from incompatible pointer type [-Wincompatible-pointer-types]
  335 |       NBKF_Update(&navFilter, &GPS_data, &BNO055_data); //update with GPS rate
      |                               ^~~~~~~~~
      |                               |
      |                               struct Position *
In file included from ../Core/Src/main.c:38:
../Core/Inc/NBKF.h:47:42: note: expected 'GPS_Data_t *' but argument is of type 'struct Position *'
   47 | void NBKF_Update(NBKF_t *kf, GPS_Data_t *gps, IMU_Data_t *imu);
      |                              ~~~~~~~~~~~~^~~
../Core/Src/main.c:335:42: warning: passing argument 3 of 'NBKF_Update' from incompatible pointer type [-Wincompatible-pointer-types]
  335 |       NBKF_Update(&navFilter, &GPS_data, &BNO055_data); //update with GPS rate
      |                                          ^~~~~~~~~~~~
      |                                          |
      |                                          struct BNO055_payload *
../Core/Inc/NBKF.h:47:59: note: expected 'IMU_Data_t *' but argument is of type 'struct BNO055_payload *'
   47 | void NBKF_Update(NBKF_t *kf, GPS_Data_t *gps, IMU_Data_t *imu);
      |                                               ~~~~~~~~~~~~^~~
../Core/Src/main.c:320:33: warning: unused variable 'parsecheck' [-Wunused-variable]
  320 |                         uint8_t parsecheck = UBX_ParseNavSolFrame(rx_buffer, sizeof(rx_buffer), &rawData,&solData);
      |                                 ^~~~~~~~~~
../Core/Src/main.c:374:30: warning: passing argument 2 of 'NBKF_Predict' from incompatible pointer type [-Wincompatible-pointer-types]
  374 |     NBKF_Predict(&navFilter, &BNO055_data); //Run at qC rate
      |                              ^~~~~~~~~~~~
      |                              |
      |                              struct BNO055_payload *
../Core/Inc/NBKF.h:46:43: note: expected 'IMU_Data_t *' but argument is of type 'struct BNO055_payload *'
   46 | void NBKF_Predict(NBKF_t *kf, IMU_Data_t *imu);
      |                               ~~~~~~~~~~~~^~~
arm-none-eabi-g++ -o "NAV_BOX.elf" @"objects.list"   -mcpu=cortex-m4 -T"C:\Users\Admin\Documents\NAV_BOX_tofNlnd\NAV_BOX\STM32F303K8TX_FLASH.ld" --specs=nosys.specs -Wl,-Map="NAV_BOX.map" -Wl,--gc-sections -static --specs=nano.specs -mfpu=fpv4-sp-d16 -mfloat-abi=hard -mthumb -Wl,--start-group -lc -lm -lstdc++ -lsupc++ -Wl,--end-group
Finished building target: NAV_BOX.elf
 
arm-none-eabi-size  NAV_BOX.elf 
arm-none-eabi-objdump -h -S NAV_BOX.elf  > "NAV_BOX.list"
   text	   data	    bss	    dec	    hex	filename
  51768	    148	   4592	  56508	   dcbc	NAV_BOX.elf
Finished building: default.size.stdout
 
Finished building: NAV_BOX.list
 
18:12:37 **** Incremental Build of configuration Debug for project NAV_BOX ****
make -j12 all 
arm-none-eabi-gcc "../Core/Src/main.c" -mcpu=cortex-m4 -std=gnu11 -g3 -DDEBUG -DUSE_HAL_DRIVER -DSTM32F303x8 -c -I../Core/Inc -I../Drivers/STM32F3xx_HAL_Driver/Inc -I../Drivers/STM32F3xx_HAL_Driver/Inc/Legacy -I../Drivers/CMSIS/Device/ST/STM32F3xx/Include -I../Drivers/CMSIS/Include -O0 -ffunction-sections -fdata-sections -Wall -fstack-usage -fcyclomatic-complexity -MMD -MP -MF"Core/Src/main.d" -MT"Core/Src/main.o" --specs=nano.specs -mfpu=fpv4-sp-d16 -mfloat-abi=hard -mthumb -o "Core/Src/main.o"
../Core/Src/main.c: In function 'main':
../Core/Src/main.c:284:29: error: called object 'KF_data' is not a function or function pointer
  284 |       .payload = (uint8_t*)&KF_data
      |                             ^~~~~~~
../Core/Src/main.c:153:19: note: declared here
  153 | struct KF_payload KF_data;
      |                   ^~~~~~~
../Core/Src/main.c:287:68: error: expected '}' before ';' token
[...]
      |                                          struct BNO055_payload *
../Core/Inc/NBKF.h:47:59: note: expected 'IMU_Data_t *' but argument is of type 'struct BNO055_payload *'
   47 | void NBKF_Update(NBKF_t *kf, GPS_Data_t *gps, IMU_Data_t *imu);
      |                                               ~~~~~~~~~~~~^~~
../Core/Src/main.c:363:33: warning: unused variable 'parsecheck' [-Wunused-variable]
  363 |                         uint8_t parsecheck = UBX_ParseNavSolFrame(rx_buffer, sizeof(rx_buffer), &rawData,&solData);
      |                                 ^~~~~~~~~~
../Core/Src/main.c:418:32: warning: passing argument 2 of 'NBKF_Predict' from incompatible pointer type [-Wincompatible-pointer-types]
  418 |       NBKF_Predict(&navFilter, &BNO055_data); //Run at qC rate
      |                                ^~~~~~~~~~~~
      |                                |
      |                                struct BNO055_payload *
../Core/Inc/NBKF.h:46:43: note: expected 'IMU_Data_t *' but argument is of type 'struct BNO055_payload *'
   46 | void NBKF_Predict(NBKF_t *kf, IMU_Data_t *imu);
      |                               ~~~~~~~~~~~~^~~
arm-none-eabi-g++ -o "NAV_BOX.elf" @"objects.list"   -mcpu=cortex-m4 -T"C:\Users\Admin\Documents\NAV_BOX_tofNlnd\NAV_BOX\STM32F303K8TX_FLASH.ld" --specs=nosys.specs -Wl,-Map="NAV_BOX.map" -Wl,--gc-sections -static --specs=nano.specs -mfpu=fpv4-sp-d16 -mfloat-abi=hard -mthumb -Wl,--start-group -lc -lm -lstdc++ -lsupc++ -Wl,--end-group
Finished building target: NAV_BOX.elf
 
arm-none-eabi-size  NAV_BOX.elf 
arm-none-eabi-objdump -h -S NAV_BOX.elf  > "NAV_BOX.list"
   text	   data	    bss	    dec	    hex	filename
  51832	    196	   4736	  56764	   ddbc	NAV_BOX.elf
Finished building: default.size.stdout
 
Finished building: NAV_BOX.list
 
20:58:08 **** Incremental Build of configuration Debug for project NAV_BOX ****
make -j12 all 
arm-none-eabi-gcc "../Core/Src/main.c" -mcpu=cortex-m4 -std=gnu11 -g3 -DDEBUG -DUSE_HAL_DRIVER -DSTM32F303x8 -c -I../Core/Inc -I../Drivers/STM32F3xx_HAL_Driver/Inc -I../Drivers/STM32F3xx_HAL_Driver/Inc/Legacy -I../Drivers/CMSIS/Device/ST/STM32F3xx/Include -I../Drivers/CMSIS/Include -O0 -ffunction-sections -fdata-sections -Wall -fstack-usage -fcyclomatic-complexity -MMD -MP -MF"Core/Src/main.d" -MT"Core/Src/main.o" --specs=nano.specs -mfpu=fpv4-sp-d16 -mfloat-abi=hard -mthumb -o "Core/Src/main.o"
../Core/Src/main.c: In function 'main':
../Core/Src/main.c:378:31: warning: passing argument 2 of 'NBKF_Update' from incompatible pointer type [-Wincompatible-pointer-types]
  378 |       NBKF_Update(&navFilter, &GPS_data, &BNO055_data); //update with GPS rate
      |                               ^~~~~~~~~
      |                               |
      |                               struct Position *
In file included from ../Core/Src/main.c:38:
../Core/Inc/NBKF.h:47:42: note: expected 'GPS_Data_t *' but argument is of type 'struct Position *'
   47 | void NBKF_Update(NBKF_t *kf, GPS_Data_t *gps, IMU_Data_t *imu);
      |                              ~~~~~~~~~~~~^~~
../Core/Src/main.c:378:42: warning: passing argument 3 of 'NBKF_Update' from incompatible pointer type [-Wincompatible-pointer-types]
  378 |       NBKF_Update(&navFilter, &GPS_data, &BNO055_data); //update with GPS rate
      |                                          ^~~~~~~~~~~~
      |                                          |
      |                                          struct BNO055_payload *
../Core/Inc/NBKF.h:47:59: note: expected 'IMU_Data_t *' but argument is of type 'struct BNO055_payload *'
   47 | void NBKF_Update(NBKF_t *kf, GPS_Data_t *gps, IMU_Data_t *imu);
      |                                               ~~~~~~~~~~~~^~~
../Core/Src/main.c:363:33: warning: unused variable 'parsecheck' [-Wunused-variable]
  363 |                         uint8_t parsecheck = UBX_ParseNavSolFrame(rx_buffer, sizeof(rx_buffer), &rawData,&solData);
      |                                 ^~~~~~~~~~
../Core/Src/main.c:427:32: warning: passing argument 2 of 'NBKF_Predict' from incompatible pointer type [-Wincompatible-pointer-types]
  427 |       NBKF_Predict(&navFilter, &BNO055_data); //Run at qC rate
      |                                ^~~~~~~~~~~~
      |                                |
      |                                struct BNO055_payload *
../Core/Inc/NBKF.h:46:43: note: expected 'IMU_Data_t *' but argument is of type 'struct BNO055_payload *'
   46 | void NBKF_Predict(NBKF_t *kf, IMU_Data_t *imu);
      |                               ~~~~~~~~~~~~^~~
arm-none-eabi-g++ -o "NAV_BOX.elf" @"objects.list"   -mcpu=cortex-m4 -T"C:\Users\Admin\Documents\NAV_BOX_tofNlnd\NAV_BOX\STM32F303K8TX_FLASH.ld" --specs=nosys.specs -Wl,-Map="NAV_BOX.map" -Wl,--gc-sections -static --specs=nano.specs -mfpu=fpv4-sp-d16 -mfloat-abi=hard -mthumb -Wl,--start-group -lc -lm -lstdc++ -lsupc++ -Wl,--end-group
Finished building target: NAV_BOX.elf
 
arm-none-eabi-size  NAV_BOX.elf 
arm-none-eabi-objdump -h -S NAV_BOX.elf  > "NAV_BOX.list"
   text	   data	    bss	    dec	    hex	filename
  51920	    196	   4736	  56852	   de14	NAV_BOX.elf
Finished building: default.size.stdout
 
Finished building: NAV_BOX.list
 
21:31:17 **** Incremental Build of configuration Debug for project NAV_BOX ****
make -j12 all 
arm-none-eabi-gcc "../Core/Src/main.c" -mcpu=cortex-m4 -std=gnu11 -g3 -DDEBUG -DUSE_HAL_DRIVER -DSTM32F303x8 -c -I../Core/Inc -I../Drivers/STM32F3xx_HAL_Driver/Inc -I../Drivers/STM32F3xx_HAL_Driver/Inc/Legacy -I../Drivers/CMSIS/Device/ST/STM32F3xx/Include -I../Drivers/CMSIS/Include -O0 -ffunction-sections -fdata-sections -Wall -fstack-usage -fcyclomatic-complexity -MMD -MP -MF"Core/Src/main.d" -MT"Core/Src/main.o" --specs=nano.specs -mfpu=fpv4-sp-d16 -mfloat-abi=hard -mthumb -o "Core/Src/main.o"
../Core/Src/main.c: In function 'main':
../Core/Src/main.c:265:31: warning: passing argument 2 of 'NBKF_Update' from incompatible pointer type [-Wincompatible-pointer-types]
  265 |       NBKF_Update(&navFilter, &GPS_data, &BNO055_data); //update with GPS rate
      |                               ^~~~~~~~~
      |                               |
      |                               struct Position *
In file included from ../Core/Src/main.c:38:
../Core/Inc/NBKF.h:47:42: note: expected 'GPS_Data_t *' but argument is of type 'struct Position *'
   47 | void NBKF_Update(NBKF_t *kf, GPS_Data_t *gps, IMU_Data_t *imu);
      |                              ~~~~~~~~~~~~^~~
../Core/Src/main.c:265:42: warning: passing argument 3 of 'NBKF_Update' from incompatible pointer type [-Wincompatible-pointer-types]
  265 |       NBKF_Update(&navFilter, &GPS_data, &BNO055_data); //update with GPS rate
      |                                          ^~~~~~~~~~~~
      |                                          |
      |                                          struct IMU_Data_t *
../Core/Inc/NBKF.h:47:59: note: expected 'IMU_Data_t *' but argument is of type 'struct IMU_Data_t *'
   47 | void NBKF_Update(NBKF_t *kf, GPS_Data_t *gps, IMU_Data_t *imu);
      |                                               ~~~~~~~~~~~~^~~
../Core/Src/main.c:250:33: warning: unused variable 'parsecheck' [-Wunused-variable]
  250 |                         uint8_t parsecheck = UBX_ParseNavSolFrame(rx_buffer, sizeof(rx_buffer), &rawData,&solData);
      |                                 ^~~~~~~~~~
../Core/Src/main.c:277:18: error: invalid use of undefined type 'struct IMU_Data_t'
  277 |       BNO055_data.gx = g.x;
      |                  ^
../Core/Src/main.c:278:18: error: invalid use of undefined type 'struct IMU_Data_t'
  278 |       BNO055_data.gy = g.y;
      |                  ^
../Core/Src/main.c:279:18: error: invalid use of undefined type 'struct IMU_Data_t'
  279 |       BNO055_data.gz = g.z;
      |                  ^
../Core/Src/main.c:289:18: error: invalid use of undefined type 'struct IMU_Data_t'
  289 |       BNO055_data.ax = ac.x;
      |                  ^
../Core/Src/main.c:290:18: error: invalid use of undefined type 'struct IMU_Data_t'
  290 |       BNO055_data.ay = ac.y;
      |                  ^
../Core/Src/main.c:291:18: error: invalid use of undefined type 'struct IMU_Data_t'
  291 |       BNO055_data.az = ac.z;
      |                  ^
../Core/Src/main.c:293:18: error: invalid use of undefined type 'struct IMU_Data_t'
  293 |       BNO055_data.mx = mag.x;
      |                  ^
../Core/Src/main.c:294:18: error: invalid use of undefined type 'struct IMU_Data_t'
  294 |       BNO055_data.my = mag.y;
      |                  ^
../Core/Src/main.c:295:18: error: invalid use of undefined type 'struct IMU_Data_t'
  295 |       BNO055_data.mz = mag.z;
      |                  ^
../Core/Src/main.c:314:32: warning: passing argument 2 of 'NBKF_Predict' from incompatible pointer type [-Wincompatible-pointer-types]
  314 |       NBKF_Predict(&navFilter, &BNO055_data); //Run at qC rate
      |                                ^~~~~~~~~~~~
      |                                |
      |                                struct IMU_Data_t *
../Core/Inc/NBKF.h:46:43: note: expected 'IMU_Data_t *' but argument is of type 'struct IMU_Data_t *'
   46 | void NBKF_Predict(NBKF_t *kf, IMU_Data_t *imu);
      |                               ~~~~~~~~~~~~^~~
../Core/Src/main.c: At top level:
../Core/Src/main.c:100:19: error: storage size of 'BNO055_data' isn't known
  100 | struct IMU_Data_t BNO055_data;
      |                   ^~~~~~~~~~~
make: *** [Core/Src/subdir.mk:52: Core/Src/main.o] Error 1
"make -j12 all" terminated with exit code 2. Build might be incomplete.
21:31:43 **** Incremental Build of configuration Debug for project NAV_BOX ****
make -j12 all 
arm-none-eabi-gcc "../Core/Src/main.c" -mcpu=cortex-m4 -std=gnu11 -g3 -DDEBUG -DUSE_HAL_DRIVER -DSTM32F303x8 -c -I../Core/Inc -I../Drivers/STM32F3xx_HAL_Driver/Inc -I../Drivers/STM32F3xx_HAL_Driver/Inc/Legacy -I../Drivers/CMSIS/Device/ST/STM32F3xx/Include -I../Drivers/CMSIS/Include -O0 -ffunction-sections -fdata-sections -Wall -fstack-usage -fcyclomatic-complexity -MMD -MP -MF"Core/Src/main.d" -MT"Core/Src/main.o" --specs=nano.specs -mfpu=fpv4-sp-d16 -mfloat-abi=hard -mthumb -o "Core/Src/main.o"
../Core/Src/main.c: In function 'main':
../Core/Src/main.c:265:31: warning: passing argument 2 of 'NBKF_Update' from incompatible pointer type [-Wincompatible-pointer-types]
  265 |       NBKF_Update(&navFilter, &GPS_data, &BNO055_data); //update with GPS rate
      |                               ^~~~~~~~~
      |                               |
      |                               struct Position *
In file included from ../Core/Src/main.c:38:
../Core/Inc/NBKF.h:47:42: note: expected 'GPS_Data_t *' but argument is of type 'struct Position *'
   47 | void NBKF_Update(NBKF_t *kf, GPS_Data_t *gps, IMU_Data_t *imu);
      |                              ~~~~~~~~~~~~^~~
../Core/Src/main.c:250:33: warning: unused variable 'parsecheck' [-Wunused-variable]
  250 |                         uint8_t parsecheck = UBX_ParseNavSolFrame(rx_buffer, sizeof(rx_buffer), &rawData,&solData);
      |                                 ^~~~~~~~~~
../Core/Src/main.c:277:20: error: expected identifier before '=' token
  277 |       BNO055_data. = g.x;
      |                    ^
make: *** [Core/Src/subdir.mk:52: Core/Src/main.o] Error 1
"make -j12 all" terminated with exit code 2. Build might be incomplete.
21:31:51 **** Incremental Build of configuration Debug for project NAV_BOX ****
make -j12 all 
arm-none-eabi-gcc "../Core/Src/main.c" -mcpu=cortex-m4 -std=gnu11 -g3 -DDEBUG -DUSE_HAL_DRIVER -DSTM32F303x8 -c -I../Core/Inc -I../Drivers/STM32F3xx_HAL_Driver/Inc -I../Drivers/STM32F3xx_HAL_Driver/Inc/Legacy -I../Drivers/CMSIS/Device/ST/STM32F3xx/Include -I../Drivers/CMSIS/Include -O0 -ffunction-sections -fdata-sections -Wall -fstack-usage -fcyclomatic-complexity -MMD -MP -MF"Core/Src/main.d" -MT"Core/Src/main.o" --specs=nano.specs -mfpu=fpv4-sp-d16 -mfloat-abi=hard -mthumb -o "Core/Src/main.o"
../Core/Src/main.c: In function 'main':
../Core/Src/main.c:265:31: warning: passing argument 2 of 'NBKF_Update' from incompatible pointer type [-Wincompatible-pointer-types]
  265 |       NBKF_Update(&navFilter, &GPS_data, &BNO055_data); //update with GPS rate
      |                               ^~~~~~~~~
      |                               |
      |                               struct Position *
In file included from ../Core/Src/main.c:38:
../Core/Inc/NBKF.h:47:42: note: expected 'GPS_Data_t *' but argument is of type 'struct Position *'
   47 | void NBKF_Update(NBKF_t *kf, GPS_Data_t *gps, IMU_Data_t *imu);
      |                              ~~~~~~~~~~~~^~~
../Core/Src/main.c:250:33: warning: unused variable 'parsecheck' [-Wunused-variable]
  250 |                         uint8_t parsecheck = UBX_ParseNavSolFrame(rx_buffer, sizeof(rx_buffer), &rawData,&solData);
      |                                 ^~~~~~~~~~
arm-none-eabi-g++ -o "NAV_BOX.elf" @"objects.list"   -mcpu=cortex-m4 -T"C:\Users\Admin\Documents\NAV_BOX_tofNlnd\NAV_BOX\STM32F303K8TX_FLASH.ld" --specs=nosys.specs -Wl,-Map="NAV_BOX.map" -Wl,--gc-sections -static --specs=nano.specs -mfpu=fpv4-sp-d16 -mfloat-abi=hard -mthumb -Wl,--start-group -lc -lm -lstdc++ -lsupc++ -Wl,--end-group
Finished building target: NAV_BOX.elf
 
arm-none-eabi-size  NAV_BOX.elf 
arm-none-eabi-objdump -h -S NAV_BOX.elf  > "NAV_BOX.list"
   text	   data	    bss	    dec	    hex	filename
  51992	    196	   4696	  56884	   de34	NAV_BOX.elf
Finished building: default.size.stdout
 
Finished building: NAV_BOX.list
 
21:34:30 **** Incremental Build of configuration Debug for project NAV_BOX ****
make -j12 all 
arm-none-eabi-gcc "../Core/Src/main.c" -mcpu=cortex-m4 -std=gnu11 -g3 -DDEBUG -DUSE_HAL_DRIVER -DSTM32F303x8 -c -I../Core/Inc -I../Drivers/STM32F3xx_HAL_Driver/Inc -I../Drivers/STM32F3xx_HAL_Driver/Inc/Legacy -I../Drivers/CMSIS/Device/ST/STM32F3xx/Include -I../Drivers/CMSIS/Include -O0 -ffunction-sections -fdata-sections -Wall -fstack-usage -fcyclomatic-complexity -MMD -MP -MF"Core/Src/main.d" -MT"Core/Src/main.o" --specs=nano.specs -mfpu=fpv4-sp-d16 -mfloat-abi=hard -mthumb -o "Core/Src/main.o"
../Core/Src/main.c: In function 'main':
../Core/Src/main.c:250:33: warning: unused variable 'parsecheck' [-Wunused-variable]
  250 |                         uint8_t parsecheck = UBX_ParseNavSolFrame(rx_buffer, sizeof(rx_buffer), &rawData,&solData);
      |                                 ^~~~~~~~~~
arm-none-eabi-g++ -o "NAV_BOX.elf" @"objects.list"   -mcpu=cortex-m4 -T"C:\Users\Admin\Documents\NAV_BOX_tofNlnd\NAV_BOX\STM32F303K8TX_FLASH.ld" --specs=nosys.specs -Wl,-Map="NAV_BOX.map" -Wl,--gc-sections -static --specs=nano.specs -mfpu=fpv4-sp-d16 -mfloat-abi=hard -mthumb -Wl,--start-group -lc -lm -lstdc++ -lsupc++ -Wl,--end-group
Finished building target: NAV_BOX.elf
 
arm-none-eabi-size  NAV_BOX.elf 
arm-none-eabi-objdump -h -S NAV_BOX.elf  > "NAV_BOX.list"
   text	   data	    bss	    dec	    hex	filename
  52000	    196	   4720	  56916	   de54	NAV_BOX.elf
Finished building: default.size.stdout
 
Finished building: NAV_BOX.list
 
21:35:51 **** Incremental Build of configuration Debug for project NAV_BOX ****
make -j12 all 
arm-none-eabi-gcc "../Core/Src/main.c" -mcpu=cortex-m4 -std=gnu11 -g3 -DDEBUG -DUSE_HAL_DRIVER -DSTM32F303x8 -c -I../Core/Inc -I../Drivers/STM32F3xx_HAL_Driver/Inc -I../Drivers/STM32F3xx_HAL_Driver/Inc/Legacy -I../Drivers/CMSIS/Device/ST/STM32F3xx/Include -I../Drivers/CMSIS/Include -O0 -ffunction-sections -fdata-sections -Wall -fstack-usage -fcyclomatic-complexity -MMD -MP -MF"Core/Src/main.d" -MT"Core/Src/main.o" --specs=nano.specs -mfpu=fpv4-sp-d16 -mfloat-abi=hard -mthumb -o "Core/Src/main.o"
../Core/Src/main.c: In function 'main':
../Core/Src/main.c:250:33: warning: unused variable 'parsecheck' [-Wunused-variable]
  250 |                         uint8_t parsecheck = UBX_ParseNavSolFrame(rx_buffer, sizeof(rx_buffer), &rawData,&solData);
      |                                 ^~~~~~~~~~
arm-none-eabi-g++ -o "NAV_BOX.elf" @"objects.list"   -mcpu=cortex-m4 -T"C:\Users\Admin\Documents\NAV_BOX_tofNlnd\NAV_BOX\STM32F303K8TX_FLASH.ld" --specs=nosys.specs -Wl,-Map="NAV_BOX.map" -Wl,--gc-sections -static --specs=nano.specs -mfpu=fpv4-sp-d16 -mfloat-abi=hard -mthumb -Wl,--start-group -lc -lm -lstdc++ -lsupc++ -Wl,--end-group
Finished building target: NAV_BOX.elf
 
arm-none-eabi-size  NAV_BOX.elf 
arm-none-eabi-objdump -h -S NAV_BOX.elf  > "NAV_BOX.list"
   text	   data	    bss	    dec	    hex	filename
  52000	    196	   4720	  56916	   de54	NAV_BOX.elf
Finished building: default.size.stdout
 
Finished building: NAV_BOX.list
 
21:37:23 **** Incremental Build of configuration Debug for project NAV_BOX ****
make -j12 all 
arm-none-eabi-gcc "../Core/Src/main.c" -mcpu=cortex-m4 -std=gnu11 -g3 -DDEBUG -DUSE_HAL_DRIVER -DSTM32F303x8 -c -I../Core/Inc -I../Drivers/STM32F3xx_HAL_Driver/Inc -I../Drivers/STM32F3xx_HAL_Driver/Inc/Legacy -I../Drivers/CMSIS/Device/ST/STM32F3xx/Include -I../Drivers/CMSIS/Include -O0 -ffunction-sections -fdata-sections -Wall -fstack-usage -fcyclomatic-complexity -MMD -MP -MF"Core/Src/main.d" -MT"Core/Src/main.o" --specs=nano.specs -mfpu=fpv4-sp-d16 -mfloat-abi=hard -mthumb -o "Core/Src/main.o"
../Core/Src/main.c: In function 'main':
../Core/Src/main.c:261:39: error: 'GPS_Data_t' has no member named 'fixType'
  261 |       GPS_data_KF.valid = (GPS_data_KF.fixType > 0) ? true : false; //valid if fixType is greater than 0
      |                                       ^
../Core/Src/main.c:249:33: warning: unused variable 'parsecheck' [-Wunused-variable]
  249 |                         uint8_t parsecheck = UBX_ParseNavSolFrame(rx_buffer, sizeof(rx_buffer), &rawData,&solData);
      |                                 ^~~~~~~~~~
make: *** [Core/Src/subdir.mk:52: Core/Src/main.o] Error 1
"make -j12 all" terminated with exit code 2. Build might be incomplete.
21:37:39 **** Incremental Build of configuration Debug for project NAV_BOX ****
make -j12 all 
arm-none-eabi-gcc "../Core/Src/main.c" -mcpu=cortex-m4 -std=gnu11 -g3 -DDEBUG -DUSE_HAL_DRIVER -DSTM32F303x8 -c -I../Core/Inc -I../Drivers/STM32F3xx_HAL_Driver/Inc -I../Drivers/STM32F3xx_HAL_Driver/Inc/Legacy -I../Drivers/CMSIS/Device/ST/STM32F3xx/Include -I../Drivers/CMSIS/Include -O0 -ffunction-sections -fdata-sections -Wall -fstack-usage -fcyclomatic-complexity -MMD -MP -MF"Core/Src/main.d" -MT"Core/Src/main.o" --specs=nano.specs -mfpu=fpv4-sp-d16 -mfloat-abi=hard -mthumb -o "Core/Src/main.o"
../Core/Src/main.c: In function 'main':
../Core/Src/main.c:249:33: warning: unused variable 'parsecheck' [-Wunused-variable]
  249 |                         uint8_t parsecheck = UBX_ParseNavSolFrame(rx_buffer, sizeof(rx_buffer), &rawData,&solData);
      |                                 ^~~~~~~~~~
arm-none-eabi-g++ -o "NAV_BOX.elf" @"objects.list"   -mcpu=cortex-m4 -T"C:\Users\Admin\Documents\NAV_BOX_tofNlnd\NAV_BOX\STM32F303K8TX_FLASH.ld" --specs=nosys.specs -Wl,-Map="NAV_BOX.map" -Wl,--gc-sections -static --specs=nano.specs -mfpu=fpv4-sp-d16 -mfloat-abi=hard -mthumb -Wl,--start-group -lc -lm -lstdc++ -lsupc++ -Wl,--end-group
Finished building target: NAV_BOX.elf
 
arm-none-eabi-size  NAV_BOX.elf 
arm-none-eabi-objdump -h -S NAV_BOX.elf  > "NAV_BOX.list"
   text	   data	    bss	    dec	    hex	filename
  52048	    192	   4720	  56960	   de80	NAV_BOX.elf
Finished building: default.size.stdout
 
Finished building: NAV_BOX.list
 
21:37:57 **** Incremental Build of configuration Debug for project NAV_BOX ****
make -j12 all 
arm-none-eabi-size  NAV_BOX.elf 
   text	   data	    bss	    dec	    hex	filename
  52048	    192	   4720	  56960	   de80	NAV_BOX.elf
Finished building: default.size.stdout
 
22:14:46 **** Incremental Build of configuration Debug for project NAV_BOX ****
make -j12 all 
arm-none-eabi-size  NAV_BOX.elf 
   text	   data	    bss	    dec	    hex	filename
  52048	    192	   4720	  56960	   de80	NAV_BOX.elf
Finished building: default.size.stdout
 
