14:48:40 **** Incremental Build of configuration Debug for project NAV_BOX ****
make -j12 all 
arm-none-eabi-gcc "../Drivers/STM32F3xx_HAL_Driver/Src/stm32f3xx_hal.c" -mcpu=cortex-m4 -std=gnu11 -g3 -DDEBUG -DUSE_HAL_DRIVER -DSTM32F303x8 -c -I../Core/Inc -I../Drivers/STM32F3xx_HAL_Driver/Inc -I../Drivers/STM32F3xx_HAL_Driver/Inc/Legacy -I../Drivers/CMSIS/Device/ST/STM32F3xx/Include -I../Drivers/CMSIS/Include -O0 -ffunction-sections -fdata-sections -Wall -fstack-usage -fcyclomatic-complexity -MMD -MP -MF"Drivers/STM32F3xx_HAL_Driver/Src/stm32f3xx_hal.d" -MT"Drivers/STM32F3xx_HAL_Driver/Src/stm32f3xx_hal.o" --specs=nano.specs -mfpu=fpv4-sp-d16 -mfloat-abi=hard -mthumb -o "Drivers/STM32F3xx_HAL_Driver/Src/stm32f3xx_hal.o"
arm-none-eabi-gcc "../Drivers/STM32F3xx_HAL_Driver/Src/stm32f3xx_hal_cortex.c" -mcpu=cortex-m4 -std=gnu11 -g3 -DDEBUG -DUSE_HAL_DRIVER -DSTM32F303x8 -c -I../Core/Inc -I../Drivers/STM32F3xx_HAL_Driver/Inc -I../Drivers/STM32F3xx_HAL_Driver/Inc/Legacy -I../Drivers/CMSIS/Device/ST/STM32F3xx/Include -I../Drivers/CMSIS/Include -O0 -ffunction-sections -fdata-sections -Wall -fstack-usage -fcyclomatic-complexity -MMD -MP -MF"Drivers/STM32F3xx_HAL_Driver/Src/stm32f3xx_hal_cortex.d" -MT"Drivers/STM32F3xx_HAL_Driver/Src/stm32f3xx_hal_cortex.o" --specs=nano.specs -mfpu=fpv4-sp-d16 -mfloat-abi=hard -mthumb -o "Drivers/STM32F3xx_HAL_Driver/Src/stm32f3xx_hal_cortex.o"
arm-none-eabi-gcc "../Drivers/STM32F3xx_HAL_Driver/Src/stm32f3xx_hal_crc.c" -mcpu=cortex-m4 -std=gnu11 -g3 -DDEBUG -DUSE_HAL_DRIVER -DSTM32F303x8 -c -I../Core/Inc -I../Drivers/STM32F3xx_HAL_Driver/Inc -I../Drivers/STM32F3xx_HAL_Driver/Inc/Legacy -I../Drivers/CMSIS/Device/ST/STM32F3xx/Include -I../Drivers/CMSIS/Include -O0 -ffunction-sections -fdata-sections -Wall -fstack-usage -fcyclomatic-complexity -MMD -MP -MF"Drivers/STM32F3xx_HAL_Driver/Src/stm32f3xx_hal_crc.d" -MT"Drivers/STM32F3xx_HAL_Driver/Src/stm32f3xx_hal_crc.o" --specs=nano.specs -mfpu=fpv4-sp-d16 -mfloat-abi=hard -mthumb -o "Drivers/STM32F3xx_HAL_Driver/Src/stm32f3xx_hal_crc.o"
arm-none-eabi-gcc "../Drivers/STM32F3xx_HAL_Driver/Src/stm32f3xx_hal_crc_ex.c" -mcpu=cortex-m4 -std=gnu11 -g3 -DDEBUG -DUSE_HAL_DRIVER -DSTM32F303x8 -c -I../Core/Inc -I../Drivers/STM32F3xx_HAL_Driver/Inc -I../Drivers/STM32F3xx_HAL_Driver/Inc/Legacy -I../Drivers/CMSIS/Device/ST/STM32F3xx/Include -I../Drivers/CMSIS/Include -O0 -ffunction-sections -fdata-sections -Wall -fstack-usage -fcyclomatic-complexity -MMD -MP -MF"Drivers/STM32F3xx_HAL_Driver/Src/stm32f3xx_hal_crc_ex.d" -MT"Drivers/STM32F3xx_HAL_Driver/Src/stm32f3xx_hal_crc_ex.o" --specs=nano.specs -mfpu=fpv4-sp-d16 -mfloat-abi=hard -mthumb -o "Drivers/STM32F3xx_HAL_Driver/Src/stm32f3xx_hal_crc_ex.o"
arm-none-eabi-gcc "../Drivers/STM32F3xx_HAL_Driver/Src/stm32f3xx_hal_dma.c" -mcpu=cortex-m4 -std=gnu11 -g3 -DDEBUG -DUSE_HAL_DRIVER -DSTM32F303x8 -c -I../Core/Inc -I../Drivers/STM32F3xx_HAL_Driver/Inc -I../Drivers/STM32F3xx_HAL_Driver/Inc/Legacy -I../Drivers/CMSIS/Device/ST/STM32F3xx/Include -I../Drivers/CMSIS/Include -O0 -ffunction-sections -fdata-sections -Wall -fstack-usage -fcyclomatic-complexity -MMD -MP -MF"Drivers/STM32F3xx_HAL_Driver/Src/stm32f3xx_hal_dma.d" -MT"Drivers/STM32F3xx_HAL_Driver/Src/stm32f3xx_hal_dma.o" --specs=nano.specs -mfpu=fpv4-sp-d16 -mfloat-abi=hard -mthumb -o "Drivers/STM32F3xx_HAL_Driver/Src/stm32f3xx_hal_dma.o"
arm-none-eabi-gcc "../Drivers/STM32F3xx_HAL_Driver/Src/stm32f3xx_hal_exti.c" -mcpu=cortex-m4 -std=gnu11 -g3 -DDEBUG -DUSE_HAL_DRIVER -DSTM32F303x8 -c -I../Core/Inc -I../Drivers/STM32F3xx_HAL_Driver/Inc -I../Drivers/STM32F3xx_HAL_Driver/Inc/Legacy -I../Drivers/CMSIS/Device/ST/STM32F3xx/Include -I../Drivers/CMSIS/Include -O0 -ffunction-sections -fdata-sections -Wall -fstack-usage -fcyclomatic-complexity -MMD -MP -MF"Drivers/STM32F3xx_HAL_Driver/Src/stm32f3xx_hal_exti.d" -MT"Drivers/STM32F3xx_HAL_Driver/Src/stm32f3xx_hal_exti.o" --specs=nano.specs -mfpu=fpv4-sp-d16 -mfloat-abi=hard -mthumb -o "Drivers/STM32F3xx_HAL_Driver/Src/stm32f3xx_hal_exti.o"
arm-none-eabi-gcc "../Drivers/STM32F3xx_HAL_Driver/Src/stm32f3xx_hal_flash.c" -mcpu=cortex-m4 -std=gnu11 -g3 -DDEBUG -DUSE_HAL_DRIVER -DSTM32F303x8 -c -I../Core/Inc -I../Drivers/STM32F3xx_HAL_Driver/Inc -I../Drivers/STM32F3xx_HAL_Driver/Inc/Legacy -I../Drivers/CMSIS/Device/ST/STM32F3xx/Include -I../Drivers/CMSIS/Include -O0 -ffunction-sections -fdata-sections -Wall -fstack-usage -fcyclomatic-complexity -MMD -MP -MF"Drivers/STM32F3xx_HAL_Driver/Src/stm32f3xx_hal_flash.d" -MT"Drivers/STM32F3xx_HAL_Driver/Src/stm32f3xx_hal_flash.o" --specs=nano.specs -mfpu=fpv4-sp-d16 -mfloat-abi=hard -mthumb -o "Drivers/STM32F3xx_HAL_Driver/Src/stm32f3xx_hal_flash.o"
arm-none-eabi-gcc "../Drivers/STM32F3xx_HAL_Driver/Src/stm32f3xx_hal_flash_ex.c" -mcpu=cortex-m4 -std=gnu11 -g3 -DDEBUG -DUSE_HAL_DRIVER -DSTM32F303x8 -c -I../Core/Inc -I../Drivers/STM32F3xx_HAL_Driver/Inc -I../Drivers/STM32F3xx_HAL_Driver/Inc/Legacy -I../Drivers/CMSIS/Device/ST/STM32F3xx/Include -I../Drivers/CMSIS/Include -O0 -ffunction-sections -fdata-sections -Wall -fstack-usage -fcyclomatic-complexity -MMD -MP -MF"Drivers/STM32F3xx_HAL_Driver/Src/stm32f3xx_hal_flash_ex.d" -MT"Drivers/STM32F3xx_HAL_Driver/Src/stm32f3xx_hal_flash_ex.o" --specs=nano.specs -mfpu=fpv4-sp-d16 -mfloat-abi=hard -mthumb -o "Drivers/STM32F3xx_HAL_Driver/Src/stm32f3xx_hal_flash_ex.o"
arm-none-eabi-gcc "../Drivers/STM32F3xx_HAL_Driver/Src/stm32f3xx_hal_gpio.c" -mcpu=cortex-m4 -std=gnu11 -g3 -DDEBUG -DUSE_HAL_DRIVER -DSTM32F303x8 -c -I../Core/Inc -I../Drivers/STM32F3xx_HAL_Driver/Inc -I../Drivers/STM32F3xx_HAL_Driver/Inc/Legacy -I../Drivers/CMSIS/Device/ST/STM32F3xx/Include -I../Drivers/CMSIS/Include -O0 -ffunction-sections -fdata-sections -Wall -fstack-usage -fcyclomatic-complexity -MMD -MP -MF"Drivers/STM32F3xx_HAL_Driver/Src/stm32f3xx_hal_gpio.d" -MT"Drivers/STM32F3xx_HAL_Driver/Src/stm32f3xx_hal_gpio.o" --specs=nano.specs -mfpu=fpv4-sp-d16 -mfloat-abi=hard -mthumb -o "Drivers/STM32F3xx_HAL_Driver/Src/stm32f3xx_hal_gpio.o"
arm-none-eabi-gcc "../Drivers/STM32F3xx_HAL_Driver/Src/stm32f3xx_hal_i2c.c" -mcpu=cortex-m4 -std=gnu11 -g3 -DDEBUG -DUSE_HAL_DRIVER -DSTM32F303x8 -c -I../Core/Inc -I../Drivers/STM32F3xx_HAL_Driver/Inc -I../Drivers/STM32F3xx_HAL_Driver/Inc/Legacy -I../Drivers/CMSIS/Device/ST/STM32F3xx/Include -I../Drivers/CMSIS/Include -O0 -ffunction-sections -fdata-sections -Wall -fstack-usage -fcyclomatic-complexity -MMD -MP -MF"Drivers/STM32F3xx_HAL_Driver/Src/stm32f3xx_hal_i2c.d" -MT"Drivers/STM32F3xx_HAL_Driver/Src/stm32f3xx_hal_i2c.o" --specs=nano.specs -mfpu=fpv4-sp-d16 -mfloat-abi=hard -mthumb -o "Drivers/STM32F3xx_HAL_Driver/Src/stm32f3xx_hal_i2c.o"
arm-none-eabi-gcc "../Drivers/STM32F3xx_HAL_Driver/Src/stm32f3xx_hal_i2c_ex.c" -mcpu=cortex-m4 -std=gnu11 -g3 -DDEBUG -DUSE_HAL_DRIVER -DSTM32F303x8 -c -I../Core/Inc -I../Drivers/STM32F3xx_HAL_Driver/Inc -I../Drivers/STM32F3xx_HAL_Driver/Inc/Legacy -I../Drivers/CMSIS/Device/ST/STM32F3xx/Include -I../Drivers/CMSIS/Include -O0 -ffunction-sections -fdata-sections -Wall -fstack-usage -fcyclomatic-complexity -MMD -MP -MF"Drivers/STM32F3xx_HAL_Driver/Src/stm32f3xx_hal_i2c_ex.d" -MT"Drivers/STM32F3xx_HAL_Driver/Src/stm32f3xx_hal_i2c_ex.o" --specs=nano.specs -mfpu=fpv4-sp-d16 -mfloat-abi=hard -mthumb -o "Drivers/STM32F3xx_HAL_Driver/Src/stm32f3xx_hal_i2c_ex.o"
arm-none-eabi-gcc "../Drivers/STM32F3xx_HAL_Driver/Src/stm32f3xx_hal_pwr.c" -mcpu=cortex-m4 -std=gnu11 -g3 -DDEBUG -DUSE_HAL_DRIVER -DSTM32F303x8 -c -I../Core/Inc -I../Drivers/STM32F3xx_HAL_Driver/Inc -I../Drivers/STM32F3xx_HAL_Driver/Inc/Legacy -I../Drivers/CMSIS/Device/ST/STM32F3xx/Include -I../Drivers/CMSIS/Include -O0 -ffunction-sections -fdata-sections -Wall -fstack-usage -fcyclomatic-complexity -MMD -MP -MF"Drivers/STM32F3xx_HAL_Driver/Src/stm32f3xx_hal_pwr.d" -MT"Drivers/STM32F3xx_HAL_Driver/Src/stm32f3xx_hal_pwr.o" --specs=nano.specs -mfpu=fpv4-sp-d16 -mfloat-abi=hard -mthumb -o "Drivers/STM32F3xx_HAL_Driver/Src/stm32f3xx_hal_pwr.o"
arm-none-eabi-gcc "../Drivers/STM32F3xx_HAL_Driver/Src/stm32f3xx_hal_pwr_ex.c" -mcpu=cortex-m4 -std=gnu11 -g3 -DDEBUG -DUSE_HAL_DRIVER -DSTM32F303x8 -c -I../Core/Inc -I../Drivers/STM32F3xx_HAL_Driver/Inc -I../Drivers/STM32F3xx_HAL_Driver/Inc/Legacy -I../Drivers/CMSIS/Device/ST/STM32F3xx/Include -I../Drivers/CMSIS/Include -O0 -ffunction-sections -fdata-sections -Wall -fstack-usage -fcyclomatic-complexity -MMD -MP -MF"Drivers/STM32F3xx_HAL_Driver/Src/stm32f3xx_hal_pwr_ex.d" -MT"Drivers/STM32F3xx_HAL_Driver/Src/stm32f3xx_hal_pwr_ex.o" --specs=nano.specs -mfpu=fpv4-sp-d16 -mfloat-abi=hard -mthumb -o "Drivers/STM32F3xx_HAL_Driver/Src/stm32f3xx_hal_pwr_ex.o"
arm-none-eabi-gcc "../Drivers/STM32F3xx_HAL_Driver/Src/stm32f3xx_hal_rcc.c" -mcpu=cortex-m4 -std=gnu11 -g3 -DDEBUG -DUSE_HAL_DRIVER -DSTM32F303x8 -c -I../Core/Inc -I../Drivers/STM32F3xx_HAL_Driver/Inc -I../Drivers/STM32F3xx_HAL_Driver/Inc/Legacy -I../Drivers/CMSIS/Device/ST/STM32F3xx/Include -I../Drivers/CMSIS/Include -O0 -ffunction-sections -fdata-sections -Wall -fstack-usage -fcyclomatic-complexity -MMD -MP -MF"Drivers/STM32F3xx_HAL_Driver/Src/stm32f3xx_hal_rcc.d" -MT"Drivers/STM32F3xx_HAL_Driver/Src/stm32f3xx_hal_rcc.o" --specs=nano.specs -mfpu=fpv4-sp-d16 -mfloat-abi=hard -mthumb -o "Drivers/STM32F3xx_HAL_Driver/Src/stm32f3xx_hal_rcc.o"
arm-none-eabi-gcc "../Drivers/STM32F3xx_HAL_Driver/Src/stm32f3xx_hal_rcc_ex.c" -mcpu=cortex-m4 -std=gnu11 -g3 -DDEBUG -DUSE_HAL_DRIVER -DSTM32F303x8 -c -I../Core/Inc -I../Drivers/STM32F3xx_HAL_Driver/Inc -I../Drivers/STM32F3xx_HAL_Driver/Inc/Legacy -I../Drivers/CMSIS/Device/ST/STM32F3xx/Include -I../Drivers/CMSIS/Include -O0 -ffunction-sections -fdata-sections -Wall -fstack-usage -fcyclomatic-complexity -MMD -MP -MF"Drivers/STM32F3xx_HAL_Driver/Src/stm32f3xx_hal_rcc_ex.d" -MT"Drivers/STM32F3xx_HAL_Driver/Src/stm32f3xx_hal_rcc_ex.o" --specs=nano.specs -mfpu=fpv4-sp-d16 -mfloat-abi=hard -mthumb -o "Drivers/STM32F3xx_HAL_Driver/Src/stm32f3xx_hal_rcc_ex.o"
arm-none-eabi-gcc "../Drivers/STM32F3xx_HAL_Driver/Src/stm32f3xx_hal_uart.c" -mcpu=cortex-m4 -std=gnu11 -g3 -DDEBUG -DUSE_HAL_DRIVER -DSTM32F303x8 -c -I../Core/Inc -I../Drivers/STM32F3xx_HAL_Driver/Inc -I../Drivers/STM32F3xx_HAL_Driver/Inc/Legacy -I../Drivers/CMSIS/Device/ST/STM32F3xx/Include -I../Drivers/CMSIS/Include -O0 -ffunction-sections -fdata-sections -Wall -fstack-usage -fcyclomatic-complexity -MMD -MP -MF"Drivers/STM32F3xx_HAL_Driver/Src/stm32f3xx_hal_uart.d" -MT"Drivers/STM32F3xx_HAL_Driver/Src/stm32f3xx_hal_uart.o" --specs=nano.specs -mfpu=fpv4-sp-d16 -mfloat-abi=hard -mthumb -o "Drivers/STM32F3xx_HAL_Driver/Src/stm32f3xx_hal_uart.o"
arm-none-eabi-gcc "../Drivers/STM32F3xx_HAL_Driver/Src/stm32f3xx_hal_uart_ex.c" -mcpu=cortex-m4 -std=gnu11 -g3 -DDEBUG -DUSE_HAL_DRIVER -DSTM32F303x8 -c -I../Core/Inc -I../Drivers/STM32F3xx_HAL_Driver/Inc -I../Drivers/STM32F3xx_HAL_Driver/Inc/Legacy -I../Drivers/CMSIS/Device/ST/STM32F3xx/Include -I../Drivers/CMSIS/Include -O0 -ffunction-sections -fdata-sections -Wall -fstack-usage -fcyclomatic-complexity -MMD -MP -MF"Drivers/STM32F3xx_HAL_Driver/Src/stm32f3xx_hal_uart_ex.d" -MT"Drivers/STM32F3xx_HAL_Driver/Src/stm32f3xx_hal_uart_ex.o" --specs=nano.specs -mfpu=fpv4-sp-d16 -mfloat-abi=hard -mthumb -o "Drivers/STM32F3xx_HAL_Driver/Src/stm32f3xx_hal_uart_ex.o"
arm-none-eabi-gcc -mcpu=cortex-m4 -g3 -DDEBUG -c -x assembler-with-cpp -MMD -MP -MF"Core/Startup/startup_stm32f303k8tx.d" -MT"Core/Startup/startup_stm32f303k8tx.o" --specs=nano.specs -mfpu=fpv4-sp-d16 -mfloat-abi=hard -mthumb -o "Core/Startup/startup_stm32f303k8tx.o" "../Core/Startup/startup_stm32f303k8tx.s"
arm-none-eabi-gcc "../Core/Src/NBKF.c" -mcpu=cortex-m4 -std=gnu11 -g3 -DDEBUG -DUSE_HAL_DRIVER -DSTM32F303x8 -c -I../Core/Inc -I../Drivers/STM32F3xx_HAL_Driver/Inc -I../Drivers/STM32F3xx_HAL_Driver/Inc/Legacy -I../Drivers/CMSIS/Device/ST/STM32F3xx/Include -I../Drivers/CMSIS/Include -O0 -ffunction-sections -fdata-sections -Wall -fstack-usage -fcyclomatic-complexity -MMD -MP -MF"Core/Src/NBKF.d" -MT"Core/Src/NBKF.o" --specs=nano.specs -mfpu=fpv4-sp-d16 -mfloat-abi=hard -mthumb -o "Core/Src/NBKF.o"
arm-none-eabi-gcc "../Core/Src/bmp180_for_stm32_hal.c" -mcpu=cortex-m4 -std=gnu11 -g3 -DDEBUG -DUSE_HAL_DRIVER -DSTM32F303x8 -c -I../Core/Inc -I../Drivers/STM32F3xx_HAL_Driver/Inc -I../Drivers/STM32F3xx_HAL_Driver/Inc/Legacy -I../Drivers/CMSIS/Device/ST/STM32F3xx/Include -I../Drivers/CMSIS/Include -O0 -ffunction-sections -fdata-sections -Wall -fstack-usage -fcyclomatic-complexity -MMD -MP -MF"Core/Src/bmp180_for_stm32_hal.d" -MT"Core/Src/bmp180_for_stm32_hal.o" --specs=nano.specs -mfpu=fpv4-sp-d16 -mfloat-abi=hard -mthumb -o "Core/Src/bmp180_for_stm32_hal.o"
arm-none-eabi-gcc "../Core/Src/bno055.c" -mcpu=cortex-m4 -std=gnu11 -g3 -DDEBUG -DUSE_HAL_DRIVER -DSTM32F303x8 -c -I../Core/Inc -I../Drivers/STM32F3xx_HAL_Driver/Inc -I../Drivers/STM32F3xx_HAL_Driver/Inc/Legacy -I../Drivers/CMSIS/Device/ST/STM32F3xx/Include -I../Drivers/CMSIS/Include -O0 -ffunction-sections -fdata-sections -Wall -fstack-usage -fcyclomatic-complexity -MMD -MP -MF"Core/Src/bno055.d" -MT"Core/Src/bno055.o" --specs=nano.specs -mfpu=fpv4-sp-d16 -mfloat-abi=hard -mthumb -o "Core/Src/bno055.o"
arm-none-eabi-gcc "../Core/Src/main.c" -mcpu=cortex-m4 -std=gnu11 -g3 -DDEBUG -DUSE_HAL_DRIVER -DSTM32F303x8 -c -I../Core/Inc -I../Drivers/STM32F3xx_HAL_Driver/Inc -I../Drivers/STM32F3xx_HAL_Driver/Inc/Legacy -I../Drivers/CMSIS/Device/ST/STM32F3xx/Include -I../Drivers/CMSIS/Include -O0 -ffunction-sections -fdata-sections -Wall -fstack-usage -fcyclomatic-complexity -MMD -MP -MF"Core/Src/main.d" -MT"Core/Src/main.o" --specs=nano.specs -mfpu=fpv4-sp-d16 -mfloat-abi=hard -mthumb -o "Core/Src/main.o"
arm-none-eabi-gcc "../Core/Src/nmea_parse.c" -mcpu=cortex-m4 -std=gnu11 -g3 -DDEBUG -DUSE_HAL_DRIVER -DSTM32F303x8 -c -I../Core/Inc -I../Drivers/STM32F3xx_HAL_Driver/Inc -I../Drivers/STM32F3xx_HAL_Driver/Inc/Legacy -I../Drivers/CMSIS/Device/ST/STM32F3xx/Include -I../Drivers/CMSIS/Include -O0 -ffunction-sections -fdata-sections -Wall -fstack-usage -fcyclomatic-complexity -MMD -MP -MF"Core/Src/nmea_parse.d" -MT"Core/Src/nmea_parse.o" --specs=nano.specs -mfpu=fpv4-sp-d16 -mfloat-abi=hard -mthumb -o "Core/Src/nmea_parse.o"
arm-none-eabi-gcc "../Core/Src/nslp_dma.c" -mcpu=cortex-m4 -std=gnu11 -g3 -DDEBUG -DUSE_HAL_DRIVER -DSTM32F303x8 -c -I../Core/Inc -I../Drivers/STM32F3xx_HAL_Driver/Inc -I../Drivers/STM32F3xx_HAL_Driver/Inc/Legacy -I../Drivers/CMSIS/Device/ST/STM32F3xx/Include -I../Drivers/CMSIS/Include -O0 -ffunction-sections -fdata-sections -Wall -fstack-usage -fcyclomatic-complexity -MMD -MP -MF"Core/Src/nslp_dma.d" -MT"Core/Src/nslp_dma.o" --specs=nano.specs -mfpu=fpv4-sp-d16 -mfloat-abi=hard -mthumb -o "Core/Src/nslp_dma.o"
arm-none-eabi-gcc "../Core/Src/stm32f3xx_hal_msp.c" -mcpu=cortex-m4 -std=gnu11 -g3 -DDEBUG -DUSE_HAL_DRIVER -DSTM32F303x8 -c -I../Core/Inc -I../Drivers/STM32F3xx_HAL_Driver/Inc -I../Drivers/STM32F3xx_HAL_Driver/Inc/Legacy -I../Drivers/CMSIS/Device/ST/STM32F3xx/Include -I../Drivers/CMSIS/Include -O0 -ffunction-sections -fdata-sections -Wall -fstack-usage -fcyclomatic-complexity -MMD -MP -MF"Core/Src/stm32f3xx_hal_msp.d" -MT"Core/Src/stm32f3xx_hal_msp.o" --specs=nano.specs -mfpu=fpv4-sp-d16 -mfloat-abi=hard -mthumb -o "Core/Src/stm32f3xx_hal_msp.o"
arm-none-eabi-gcc "../Core/Src/stm32f3xx_it.c" -mcpu=cortex-m4 -std=gnu11 -g3 -DDEBUG -DUSE_HAL_DRIVER -DSTM32F303x8 -c -I../Core/Inc -I../Drivers/STM32F3xx_HAL_Driver/Inc -I../Drivers/STM32F3xx_HAL_Driver/Inc/Legacy -I../Drivers/CMSIS/Device/ST/STM32F3xx/Include -I../Drivers/CMSIS/Include -O0 -ffunction-sections -fdata-sections -Wall -fstack-usage -fcyclomatic-complexity -MMD -MP -MF"Core/Src/stm32f3xx_it.d" -MT"Core/Src/stm32f3xx_it.o" --specs=nano.specs -mfpu=fpv4-sp-d16 -mfloat-abi=hard -mthumb -o "Core/Src/stm32f3xx_it.o"
arm-none-eabi-gcc "../Core/Src/syscalls.c" -mcpu=cortex-m4 -std=gnu11 -g3 -DDEBUG -DUSE_HAL_DRIVER -DSTM32F303x8 -c -I../Core/Inc -I../Drivers/STM32F3xx_HAL_Driver/Inc -I../Drivers/STM32F3xx_HAL_Driver/Inc/Legacy -I../Drivers/CMSIS/Device/ST/STM32F3xx/Include -I../Drivers/CMSIS/Include -O0 -ffunction-sections -fdata-sections -Wall -fstack-usage -fcyclomatic-complexity -MMD -MP -MF"Core/Src/syscalls.d" -MT"Core/Src/syscalls.o" --specs=nano.specs -mfpu=fpv4-sp-d16 -mfloat-abi=hard -mthumb -o "Core/Src/syscalls.o"
arm-none-eabi-gcc "../Core/Src/sysmem.c" -mcpu=cortex-m4 -std=gnu11 -g3 -DDEBUG -DUSE_HAL_DRIVER -DSTM32F303x8 -c -I../Core/Inc -I../Drivers/STM32F3xx_HAL_Driver/Inc -I../Drivers/STM32F3xx_HAL_Driver/Inc/Legacy -I../Drivers/CMSIS/Device/ST/STM32F3xx/Include -I../Drivers/CMSIS/Include -O0 -ffunction-sections -fdata-sections -Wall -fstack-usage -fcyclomatic-complexity -MMD -MP -MF"Core/Src/sysmem.d" -MT"Core/Src/sysmem.o" --specs=nano.specs -mfpu=fpv4-sp-d16 -mfloat-abi=hard -mthumb -o "Core/Src/sysmem.o"
../Core/Src/NBKF.c:205:12: warning: 'matrix_inverse' defined but not used [-Wunused-function]
  205 | static int matrix_inverse(float *A, float *Ainv, int n) {
      |            ^~~~~~~~~~~~~~
arm-none-eabi-gcc "../Core/Src/system_stm32f3xx.c" -mcpu=cortex-m4 -std=gnu11 -g3 -DDEBUG -DUSE_HAL_DRIVER -DSTM32F303x8 -c -I../Core/Inc -I../Drivers/STM32F3xx_HAL_Driver/Inc -I../Drivers/STM32F3xx_HAL_Driver/Inc/Legacy -I../Drivers/CMSIS/Device/ST/STM32F3xx/Include -I../Drivers/CMSIS/Include -O0 -ffunction-sections -fdata-sections -Wall -fstack-usage -fcyclomatic-complexity -MMD -MP -MF"Core/Src/system_stm32f3xx.d" -MT"Core/Src/system_stm32f3xx.o" --specs=nano.specs -mfpu=fpv4-sp-d16 -mfloat-abi=hard -mthumb -o "Core/Src/system_stm32f3xx.o"
arm-none-eabi-gcc "../Core/Src/ubx_nav_sol.c" -mcpu=cortex-m4 -std=gnu11 -g3 -DDEBUG -DUSE_HAL_DRIVER -DSTM32F303x8 -c -I../Core/Inc -I../Drivers/STM32F3xx_HAL_Driver/Inc -I../Drivers/STM32F3xx_HAL_Driver/Inc/Legacy -I../Drivers/CMSIS/Device/ST/STM32F3xx/Include -I../Drivers/CMSIS/Include -O0 -ffunction-sections -fdata-sections -Wall -fstack-usage -fcyclomatic-complexity -MMD -MP -MF"Core/Src/ubx_nav_sol.d" -MT"Core/Src/ubx_nav_sol.o" --specs=nano.specs -mfpu=fpv4-sp-d16 -mfloat-abi=hard -mthumb -o "Core/Src/ubx_nav_sol.o"
../Core/Src/nmea_parse.c: In function 'nmea_parse':
../Core/Src/nmea_parse.c:168:27: warning: pointer targets in passing argument 1 of 'strtok' differ in signedness [-Wpointer-sign]
  168 |     char * token = strtok(buffer, "$");
      |                           ^~~~~~
      |                           |
      |                           uint8_t * {aka unsigned char *}
In file included from ../Core/Inc/nmea_parse.h:12,
                 from ../Core/Src/nmea_parse.c:4:
C:\ST\STM32CubeIDE_1.19.0\STM32CubeIDE\plugins\com.st.stm32cube.ide.mcu.externaltools.gnu-tools-for-stm32.13.3.rel1.win32_1.0.0.202411081344\tools\bin/../lib/gcc/arm-none-eabi/13.3.1/../../../../arm-none-eabi/include/string.h:50:18: note: expected 'char * restrict' but argument is of type 'uint8_t *' {aka 'unsigned char *'}
   50 | char    *strtok (char *__restrict, const char *__restrict);
      |                  ^
../Core/Src/main.c: In function 'main':
../Core/Src/main.c:250:33: warning: unused variable 'parsecheck' [-Wunused-variable]
  250 |                         uint8_t parsecheck = UBX_ParseNavSolFrame(rx_buffer, sizeof(rx_buffer), &rawData,&solData);
      |                                 ^~~~~~~~~~
arm-none-eabi-g++ -o "NAV_BOX.elf" @"objects.list"   -mcpu=cortex-m4 -T"C:\Users\Admin\Documents\NoordungLabs\NAV_BOX_tofNlnd\NAV_BOX\STM32F303K8TX_FLASH.ld" --specs=nosys.specs -Wl,-Map="NAV_BOX.map" -Wl,--gc-sections -static --specs=nano.specs -mfpu=fpv4-sp-d16 -mfloat-abi=hard -mthumb -Wl,--start-group -lc -lm -lstdc++ -lsupc++ -Wl,--end-group
Finished building target: NAV_BOX.elf
 
arm-none-eabi-size  NAV_BOX.elf 
arm-none-eabi-objdump -h -S NAV_BOX.elf  > "NAV_BOX.list"
   text	   data	    bss	    dec	    hex	filename
  52240	    192	   4752	  57184	   df60	NAV_BOX.elf
Finished building: default.size.stdout
 
Finished building: NAV_BOX.list
 
14:48:56 **** Incremental Build of configuration Debug for project NAV_BOX ****
make -j12 all 
arm-none-eabi-size  NAV_BOX.elf 
   text	   data	    bss	    dec	    hex	filename
  52240	    192	   4752	  57184	   df60	NAV_BOX.elf
Finished building: default.size.stdout
 
14:49:02 **** Incremental Build of configuration Debug for project NAV_BOX ****
make -j12 all 
arm-none-eabi-size  NAV_BOX.elf 
   text	   data	    bss	    dec	    hex	filename
  52240	    192	   4752	  57184	   df60	NAV_BOX.elf
Finished building: default.size.stdout
 
14:49:07 **** Incremental Build of configuration Debug for project NAV_BOX ****
make -j12 all 
arm-none-eabi-size  NAV_BOX.elf 
   text	   data	    bss	    dec	    hex	filename
  52240	    192	   4752	  57184	   df60	NAV_BOX.elf
Finished building: default.size.stdout
 
16:33:39 **** Incremental Build of configuration Debug for project NAV_BOX ****
make -j12 all 
arm-none-eabi-size  NAV_BOX.elf 
   text	   data	    bss	    dec	    hex	filename
  52240	    192	   4752	  57184	   df60	NAV_BOX.elf
Finished building: default.size.stdout
 
16:35:00 **** Incremental Build of configuration Debug for project NAV_BOX ****
make -j12 all 
arm-none-eabi-size  NAV_BOX.elf 
   text	   data	    bss	    dec	    hex	filename
  52240	    192	   4752	  57184	   df60	NAV_BOX.elf
Finished building: default.size.stdout
 
16:35:06 **** Incremental Build of configuration Debug for project NAV_BOX ****
make -j12 all 
arm-none-eabi-size  NAV_BOX.elf 
   text	   data	    bss	    dec	    hex	filename
  52240	    192	   4752	  57184	   df60	NAV_BOX.elf
Finished building: default.size.stdout
 
16:35:08 **** Incremental Build of configuration Debug for project NAV_BOX ****
make -j12 all 
arm-none-eabi-size  NAV_BOX.elf 
   text	   data	    bss	    dec	    hex	filename
  52240	    192	   4752	  57184	   df60	NAV_BOX.elf
Finished building: default.size.stdout
 
16:35:12 **** Incremental Build of configuration Debug for project NAV_BOX ****
make -j12 all 
arm-none-eabi-size  NAV_BOX.elf 
   text	   data	    bss	    dec	    hex	filename
  52240	    192	   4752	  57184	   df60	NAV_BOX.elf
Finished building: default.size.stdout
 
16:36:32 **** Clean-only build of configuration Debug for project I2C_BNO_BMP_UPDATED ****
make -j12 clean 
rm -rf ./Drivers/STM32F3xx_HAL_Driver/stm32f3xx_hal.cyclo ./Drivers/STM32F3xx_HAL_Driver/stm32f3xx_hal.d ./Drivers/STM32F3xx_HAL_Driver/stm32f3xx_hal.o ./Drivers/STM32F3xx_HAL_Driver/stm32f3xx_hal.su ./Drivers/STM32F3xx_HAL_Driver/stm32f3xx_hal_cortex.cyclo ./Drivers/STM32F3xx_HAL_Driver/stm32f3xx_hal_cortex.d ./Drivers/STM32F3xx_HAL_Driver/stm32f3xx_hal_cortex.o ./Drivers/STM32F3xx_HAL_Driver/stm32f3xx_hal_cortex.su ./Drivers/STM32F3xx_HAL_Driver/stm32f3xx_hal_dma.cyclo ./Drivers/STM32F3xx_HAL_Driver/stm32f3xx_hal_dma.d ./Drivers/STM32F3xx_HAL_Driver/stm32f3xx_hal_dma.o ./Drivers/STM32F3xx_HAL_Driver/stm32f3xx_hal_dma.su ./Drivers/STM32F3xx_HAL_Driver/stm32f3xx_hal_exti.cyclo ./Drivers/STM32F3xx_HAL_Driver/stm32f3xx_hal_exti.d ./Drivers/STM32F3xx_HAL_Driver/stm32f3xx_hal_exti.o ./Drivers/STM32F3xx_HAL_Driver/stm32f3xx_hal_exti.su ./Drivers/STM32F3xx_HAL_Driver/stm32f3xx_hal_flash.cyclo ./Drivers/STM32F3xx_HAL_Driver/stm32f3xx_hal_flash.d ./Drivers/STM32F3xx_HAL_Driver/stm32f3xx_hal_flash.o ./Drivers/STM32F3xx_HAL_Driver/stm32f3xx_hal_flash.su ./Drivers/STM32F3xx_HAL_Driver/stm32f3xx_hal_flash_ex.cyclo ./Drivers/STM32F3xx_HAL_Driver/stm32f3xx_hal_flash_ex.d ./Drivers/STM32F3xx_HAL_Driver/stm32f3xx_hal_flash_ex.o ./Drivers/STM32F3xx_HAL_Driver/stm32f3xx_hal_flash_ex.su ./Drivers/STM32F3xx_HAL_Driver/stm32f3xx_hal_gpio.cyclo ./Drivers/STM32F3xx_HAL_Driver/stm32f3xx_hal_gpio.d ./Drivers/STM32F3xx_HAL_Driver/stm32f3xx_hal_gpio.o ./Drivers/STM32F3xx_HAL_Driver/stm32f3xx_hal_gpio.su ./Drivers/STM32F3xx_HAL_Driver/stm32f3xx_hal_i2c.cyclo ./Drivers/STM32F3xx_HAL_Driver/stm32f3xx_hal_i2c.d ./Drivers/STM32F3xx_HAL_Driver/stm32f3xx_hal_i2c.o ./Drivers/STM32F3xx_HAL_Driver/stm32f3xx_hal_i2c.su ./Drivers/STM32F3xx_HAL_Driver/stm32f3xx_hal_i2c_ex.cyclo ./Drivers/STM32F3xx_HAL_Driver/stm32f3xx_hal_i2c_ex.d ./Drivers/STM32F3xx_HAL_Driver/stm32f3xx_hal_i2c_ex.o ./Drivers/STM32F3xx_HAL_Driver/stm32f3xx_hal_i2c_ex.su ./Drivers/STM32F3xx_HAL_Driver/stm32f3xx_hal_pwr.cyclo ./Drivers/STM32F3xx_HAL_Driver/stm32f3xx_hal_pwr.d ./Drivers/STM32F3xx_HAL_Driver/stm32f3xx_hal_pwr.o ./Drivers/STM32F3xx_HAL_Driver/stm32f3xx_hal_pwr.su ./Drivers/STM32F3xx_HAL_Driver/stm32f3xx_hal_pwr_ex.cyclo ./Drivers/STM32F3xx_HAL_Driver/stm32f3xx_hal_pwr_ex.d ./Drivers/STM32F3xx_HAL_Driver/stm32f3xx_hal_pwr_ex.o ./Drivers/STM32F3xx_HAL_Driver/stm32f3xx_hal_pwr_ex.su ./Drivers/STM32F3xx_HAL_Driver/stm32f3xx_hal_rcc.cyclo ./Drivers/STM32F3xx_HAL_Driver/stm32f3xx_hal_rcc.d ./Drivers/STM32F3xx_HAL_Driver/stm32f3xx_hal_rcc.o ./Drivers/STM32F3xx_HAL_Driver/stm32f3xx_hal_rcc.su ./Drivers/STM32F3xx_HAL_Driver/stm32f3xx_hal_rcc_ex.cyclo ./Drivers/STM32F3xx_HAL_Driver/stm32f3xx_hal_rcc_ex.d ./Drivers/STM32F3xx_HAL_Driver/stm32f3xx_hal_rcc_ex.o ./Drivers/STM32F3xx_HAL_Driver/stm32f3xx_hal_rcc_ex.su ./Drivers/STM32F3xx_HAL_Driver/stm32f3xx_hal_uart.cyclo ./Drivers/STM32F3xx_HAL_Driver/stm32f3xx_hal_uart.d ./Drivers/STM32F3xx_HAL_Driver/stm32f3xx_hal_uart.o ./Drivers/STM32F3xx_HAL_Driver/stm32f3xx_hal_uart.su ./Drivers/STM32F3xx_HAL_Driver/stm32f3xx_hal_uart_ex.cyclo ./Drivers/STM32F3xx_HAL_Driver/stm32f3xx_hal_uart_ex.d ./Drivers/STM32F3xx_HAL_Driver/stm32f3xx_hal_uart_ex.o ./Drivers/STM32F3xx_HAL_Driver/stm32f3xx_hal_uart_ex.su
rm -rf ./Core/Startup/startup_stm32f303k8tx.d ./Core/Startup/startup_stm32f303k8tx.o
rm -rf ./Core/Src/bmp180_for_stm32_hal.cyclo ./Core/Src/bmp180_for_stm32_hal.d ./Core/Src/bmp180_for_stm32_hal.o ./Core/Src/bmp180_for_stm32_hal.su ./Core/Src/bno055.cyclo ./Core/Src/bno055.d ./Core/Src/bno055.o ./Core/Src/bno055.su ./Core/Src/main.cyclo ./Core/Src/main.d ./Core/Src/main.o ./Core/Src/main.su ./Core/Src/stm32f3xx_hal_msp.cyclo ./Core/Src/stm32f3xx_hal_msp.d ./Core/Src/stm32f3xx_hal_msp.o ./Core/Src/stm32f3xx_hal_msp.su ./Core/Src/stm32f3xx_it.cyclo ./Core/Src/stm32f3xx_it.d ./Core/Src/stm32f3xx_it.o ./Core/Src/stm32f3xx_it.su ./Core/Src/syscalls.cyclo ./Core/Src/syscalls.d ./Core/Src/syscalls.o ./Core/Src/syscalls.su ./Core/Src/sysmem.cyclo ./Core/Src/sysmem.d ./Core/Src/sysmem.o ./Core/Src/sysmem.su ./Core/Src/system_stm32f3xx.cyclo ./Core/Src/system_stm32f3xx.d ./Core/Src/system_stm32f3xx.o ./Core/Src/system_stm32f3xx.su
rm -rf I2C_BNO_BMP_UPDATED.elf I2C_BNO_BMP_UPDATED.list I2C_BNO_BMP_UPDATED.map default.size.stdout
 
16:36:32 **** Build of configuration Debug for project I2C_BNO_BMP_UPDATED ****
make -j12 all 
arm-none-eabi-gcc "C:/Users/Admin/STM32Cube/Repository/STM32Cube_FW_F3_V1.11.5/Drivers/STM32F3xx_HAL_Driver/Src/stm32f3xx_hal.c" -mcpu=cortex-m4 -std=gnu11 -g3 -DDEBUG -DUSE_HAL_DRIVER -DSTM32F303x8 -c -I../Core/Inc -IC:/Users/Admin/STM32Cube/Repository/STM32Cube_FW_F3_V1.11.5/Drivers/STM32F3xx_HAL_Driver/Inc -IC:/Users/Admin/STM32Cube/Repository/STM32Cube_FW_F3_V1.11.5/Drivers/STM32F3xx_HAL_Driver/Inc/Legacy -IC:/Users/Admin/STM32Cube/Repository/STM32Cube_FW_F3_V1.11.5/Drivers/CMSIS/Device/ST/STM32F3xx/Include -IC:/Users/Admin/STM32Cube/Repository/STM32Cube_FW_F3_V1.11.5/Drivers/CMSIS/Include -O0 -ffunction-sections -fdata-sections -Wall -fstack-usage -fcyclomatic-complexity -MMD -MP -MF"Drivers/STM32F3xx_HAL_Driver/stm32f3xx_hal.d" -MT"Drivers/STM32F3xx_HAL_Driver/stm32f3xx_hal.o" --specs=nano.specs -mfpu=fpv4-sp-d16 -mfloat-abi=hard -mthumb -o "Drivers/STM32F3xx_HAL_Driver/stm32f3xx_hal.o"
arm-none-eabi-gcc "C:/Users/Admin/STM32Cube/Repository/STM32Cube_FW_F3_V1.11.5/Drivers/STM32F3xx_HAL_Driver/Src/stm32f3xx_hal_cortex.c" -mcpu=cortex-m4 -std=gnu11 -g3 -DDEBUG -DUSE_HAL_DRIVER -DSTM32F303x8 -c -I../Core/Inc -IC:/Users/Admin/STM32Cube/Repository/STM32Cube_FW_F3_V1.11.5/Drivers/STM32F3xx_HAL_Driver/Inc -IC:/Users/Admin/STM32Cube/Repository/STM32Cube_FW_F3_V1.11.5/Drivers/STM32F3xx_HAL_Driver/Inc/Legacy -IC:/Users/Admin/STM32Cube/Repository/STM32Cube_FW_F3_V1.11.5/Drivers/CMSIS/Device/ST/STM32F3xx/Include -IC:/Users/Admin/STM32Cube/Repository/STM32Cube_FW_F3_V1.11.5/Drivers/CMSIS/Include -O0 -ffunction-sections -fdata-sections -Wall -fstack-usage -fcyclomatic-complexity -MMD -MP -MF"Drivers/STM32F3xx_HAL_Driver/stm32f3xx_hal_cortex.d" -MT"Drivers/STM32F3xx_HAL_Driver/stm32f3xx_hal_cortex.o" --specs=nano.specs -mfpu=fpv4-sp-d16 -mfloat-abi=hard -mthumb -o "Drivers/STM32F3xx_HAL_Driver/stm32f3xx_hal_cortex.o"
arm-none-eabi-gcc "C:/Users/Admin/STM32Cube/Repository/STM32Cube_FW_F3_V1.11.5/Drivers/STM32F3xx_HAL_Driver/Src/stm32f3xx_hal_dma.c" -mcpu=cortex-m4 -std=gnu11 -g3 -DDEBUG -DUSE_HAL_DRIVER -DSTM32F303x8 -c -I../Core/Inc -IC:/Users/Admin/STM32Cube/Repository/STM32Cube_FW_F3_V1.11.5/Drivers/STM32F3xx_HAL_Driver/Inc -IC:/Users/Admin/STM32Cube/Repository/STM32Cube_FW_F3_V1.11.5/Drivers/STM32F3xx_HAL_Driver/Inc/Legacy -IC:/Users/Admin/STM32Cube/Repository/STM32Cube_FW_F3_V1.11.5/Drivers/CMSIS/Device/ST/STM32F3xx/Include -IC:/Users/Admin/STM32Cube/Repository/STM32Cube_FW_F3_V1.11.5/Drivers/CMSIS/Include -O0 -ffunction-sections -fdata-sections -Wall -fstack-usage -fcyclomatic-complexity -MMD -MP -MF"Drivers/STM32F3xx_HAL_Driver/stm32f3xx_hal_dma.d" -MT"Drivers/STM32F3xx_HAL_Driver/stm32f3xx_hal_dma.o" --specs=nano.specs -mfpu=fpv4-sp-d16 -mfloat-abi=hard -mthumb -o "Drivers/STM32F3xx_HAL_Driver/stm32f3xx_hal_dma.o"
arm-none-eabi-gcc "C:/Users/Admin/STM32Cube/Repository/STM32Cube_FW_F3_V1.11.5/Drivers/STM32F3xx_HAL_Driver/Src/stm32f3xx_hal_exti.c" -mcpu=cortex-m4 -std=gnu11 -g3 -DDEBUG -DUSE_HAL_DRIVER -DSTM32F303x8 -c -I../Core/Inc -IC:/Users/Admin/STM32Cube/Repository/STM32Cube_FW_F3_V1.11.5/Drivers/STM32F3xx_HAL_Driver/Inc -IC:/Users/Admin/STM32Cube/Repository/STM32Cube_FW_F3_V1.11.5/Drivers/STM32F3xx_HAL_Driver/Inc/Legacy -IC:/Users/Admin/STM32Cube/Repository/STM32Cube_FW_F3_V1.11.5/Drivers/CMSIS/Device/ST/STM32F3xx/Include -IC:/Users/Admin/STM32Cube/Repository/STM32Cube_FW_F3_V1.11.5/Drivers/CMSIS/Include -O0 -ffunction-sections -fdata-sections -Wall -fstack-usage -fcyclomatic-complexity -MMD -MP -MF"Drivers/STM32F3xx_HAL_Driver/stm32f3xx_hal_exti.d" -MT"Drivers/STM32F3xx_HAL_Driver/stm32f3xx_hal_exti.o" --specs=nano.specs -mfpu=fpv4-sp-d16 -mfloat-abi=hard -mthumb -o "Drivers/STM32F3xx_HAL_Driver/stm32f3xx_hal_exti.o"
arm-none-eabi-gcc "C:/Users/Admin/STM32Cube/Repository/STM32Cube_FW_F3_V1.11.5/Drivers/STM32F3xx_HAL_Driver/Src/stm32f3xx_hal_flash.c" -mcpu=cortex-m4 -std=gnu11 -g3 -DDEBUG -DUSE_HAL_DRIVER -DSTM32F303x8 -c -I../Core/Inc -IC:/Users/Admin/STM32Cube/Repository/STM32Cube_FW_F3_V1.11.5/Drivers/STM32F3xx_HAL_Driver/Inc -IC:/Users/Admin/STM32Cube/Repository/STM32Cube_FW_F3_V1.11.5/Drivers/STM32F3xx_HAL_Driver/Inc/Legacy -IC:/Users/Admin/STM32Cube/Repository/STM32Cube_FW_F3_V1.11.5/Drivers/CMSIS/Device/ST/STM32F3xx/Include -IC:/Users/Admin/STM32Cube/Repository/STM32Cube_FW_F3_V1.11.5/Drivers/CMSIS/Include -O0 -ffunction-sections -fdata-sections -Wall -fstack-usage -fcyclomatic-complexity -MMD -MP -MF"Drivers/STM32F3xx_HAL_Driver/stm32f3xx_hal_flash.d" -MT"Drivers/STM32F3xx_HAL_Driver/stm32f3xx_hal_flash.o" --specs=nano.specs -mfpu=fpv4-sp-d16 -mfloat-abi=hard -mthumb -o "Drivers/STM32F3xx_HAL_Driver/stm32f3xx_hal_flash.o"
arm-none-eabi-gcc "C:/Users/Admin/STM32Cube/Repository/STM32Cube_FW_F3_V1.11.5/Drivers/STM32F3xx_HAL_Driver/Src/stm32f3xx_hal_flash_ex.c" -mcpu=cortex-m4 -std=gnu11 -g3 -DDEBUG -DUSE_HAL_DRIVER -DSTM32F303x8 -c -I../Core/Inc -IC:/Users/Admin/STM32Cube/Repository/STM32Cube_FW_F3_V1.11.5/Drivers/STM32F3xx_HAL_Driver/Inc -IC:/Users/Admin/STM32Cube/Repository/STM32Cube_FW_F3_V1.11.5/Drivers/STM32F3xx_HAL_Driver/Inc/Legacy -IC:/Users/Admin/STM32Cube/Repository/STM32Cube_FW_F3_V1.11.5/Drivers/CMSIS/Device/ST/STM32F3xx/Include -IC:/Users/Admin/STM32Cube/Repository/STM32Cube_FW_F3_V1.11.5/Drivers/CMSIS/Include -O0 -ffunction-sections -fdata-sections -Wall -fstack-usage -fcyclomatic-complexity -MMD -MP -MF"Drivers/STM32F3xx_HAL_Driver/stm32f3xx_hal_flash_ex.d" -MT"Drivers/STM32F3xx_HAL_Driver/stm32f3xx_hal_flash_ex.o" --specs=nano.specs -mfpu=fpv4-sp-d16 -mfloat-abi=hard -mthumb -o "Drivers/STM32F3xx_HAL_Driver/stm32f3xx_hal_flash_ex.o"
arm-none-eabi-gcc "C:/Users/Admin/STM32Cube/Repository/STM32Cube_FW_F3_V1.11.5/Drivers/STM32F3xx_HAL_Driver/Src/stm32f3xx_hal_gpio.c" -mcpu=cortex-m4 -std=gnu11 -g3 -DDEBUG -DUSE_HAL_DRIVER -DSTM32F303x8 -c -I../Core/Inc -IC:/Users/Admin/STM32Cube/Repository/STM32Cube_FW_F3_V1.11.5/Drivers/STM32F3xx_HAL_Driver/Inc -IC:/Users/Admin/STM32Cube/Repository/STM32Cube_FW_F3_V1.11.5/Drivers/STM32F3xx_HAL_Driver/Inc/Legacy -IC:/Users/Admin/STM32Cube/Repository/STM32Cube_FW_F3_V1.11.5/Drivers/CMSIS/Device/ST/STM32F3xx/Include -IC:/Users/Admin/STM32Cube/Repository/STM32Cube_FW_F3_V1.11.5/Drivers/CMSIS/Include -O0 -ffunction-sections -fdata-sections -Wall -fstack-usage -fcyclomatic-complexity -MMD -MP -MF"Drivers/STM32F3xx_HAL_Driver/stm32f3xx_hal_gpio.d" -MT"Drivers/STM32F3xx_HAL_Driver/stm32f3xx_hal_gpio.o" --specs=nano.specs -mfpu=fpv4-sp-d16 -mfloat-abi=hard -mthumb -o "Drivers/STM32F3xx_HAL_Driver/stm32f3xx_hal_gpio.o"
arm-none-eabi-gcc "C:/Users/Admin/STM32Cube/Repository/STM32Cube_FW_F3_V1.11.5/Drivers/STM32F3xx_HAL_Driver/Src/stm32f3xx_hal_i2c.c" -mcpu=cortex-m4 -std=gnu11 -g3 -DDEBUG -DUSE_HAL_DRIVER -DSTM32F303x8 -c -I../Core/Inc -IC:/Users/Admin/STM32Cube/Repository/STM32Cube_FW_F3_V1.11.5/Drivers/STM32F3xx_HAL_Driver/Inc -IC:/Users/Admin/STM32Cube/Repository/STM32Cube_FW_F3_V1.11.5/Drivers/STM32F3xx_HAL_Driver/Inc/Legacy -IC:/Users/Admin/STM32Cube/Repository/STM32Cube_FW_F3_V1.11.5/Drivers/CMSIS/Device/ST/STM32F3xx/Include -IC:/Users/Admin/STM32Cube/Repository/STM32Cube_FW_F3_V1.11.5/Drivers/CMSIS/Include -O0 -ffunction-sections -fdata-sections -Wall -fstack-usage -fcyclomatic-complexity -MMD -MP -MF"Drivers/STM32F3xx_HAL_Driver/stm32f3xx_hal_i2c.d" -MT"Drivers/STM32F3xx_HAL_Driver/stm32f3xx_hal_i2c.o" --specs=nano.specs -mfpu=fpv4-sp-d16 -mfloat-abi=hard -mthumb -o "Drivers/STM32F3xx_HAL_Driver/stm32f3xx_hal_i2c.o"
arm-none-eabi-gcc "C:/Users/Admin/STM32Cube/Repository/STM32Cube_FW_F3_V1.11.5/Drivers/STM32F3xx_HAL_Driver/Src/stm32f3xx_hal_i2c_ex.c" -mcpu=cortex-m4 -std=gnu11 -g3 -DDEBUG -DUSE_HAL_DRIVER -DSTM32F303x8 -c -I../Core/Inc -IC:/Users/Admin/STM32Cube/Repository/STM32Cube_FW_F3_V1.11.5/Drivers/STM32F3xx_HAL_Driver/Inc -IC:/Users/Admin/STM32Cube/Repository/STM32Cube_FW_F3_V1.11.5/Drivers/STM32F3xx_HAL_Driver/Inc/Legacy -IC:/Users/Admin/STM32Cube/Repository/STM32Cube_FW_F3_V1.11.5/Drivers/CMSIS/Device/ST/STM32F3xx/Include -IC:/Users/Admin/STM32Cube/Repository/STM32Cube_FW_F3_V1.11.5/Drivers/CMSIS/Include -O0 -ffunction-sections -fdata-sections -Wall -fstack-usage -fcyclomatic-complexity -MMD -MP -MF"Drivers/STM32F3xx_HAL_Driver/stm32f3xx_hal_i2c_ex.d" -MT"Drivers/STM32F3xx_HAL_Driver/stm32f3xx_hal_i2c_ex.o" --specs=nano.specs -mfpu=fpv4-sp-d16 -mfloat-abi=hard -mthumb -o "Drivers/STM32F3xx_HAL_Driver/stm32f3xx_hal_i2c_ex.o"
arm-none-eabi-gcc "C:/Users/Admin/STM32Cube/Repository/STM32Cube_FW_F3_V1.11.5/Drivers/STM32F3xx_HAL_Driver/Src/stm32f3xx_hal_pwr.c" -mcpu=cortex-m4 -std=gnu11 -g3 -DDEBUG -DUSE_HAL_DRIVER -DSTM32F303x8 -c -I../Core/Inc -IC:/Users/Admin/STM32Cube/Repository/STM32Cube_FW_F3_V1.11.5/Drivers/STM32F3xx_HAL_Driver/Inc -IC:/Users/Admin/STM32Cube/Repository/STM32Cube_FW_F3_V1.11.5/Drivers/STM32F3xx_HAL_Driver/Inc/Legacy -IC:/Users/Admin/STM32Cube/Repository/STM32Cube_FW_F3_V1.11.5/Drivers/CMSIS/Device/ST/STM32F3xx/Include -IC:/Users/Admin/STM32Cube/Repository/STM32Cube_FW_F3_V1.11.5/Drivers/CMSIS/Include -O0 -ffunction-sections -fdata-sections -Wall -fstack-usage -fcyclomatic-complexity -MMD -MP -MF"Drivers/STM32F3xx_HAL_Driver/stm32f3xx_hal_pwr.d" -MT"Drivers/STM32F3xx_HAL_Driver/stm32f3xx_hal_pwr.o" --specs=nano.specs -mfpu=fpv4-sp-d16 -mfloat-abi=hard -mthumb -o "Drivers/STM32F3xx_HAL_Driver/stm32f3xx_hal_pwr.o"
arm-none-eabi-gcc "C:/Users/Admin/STM32Cube/Repository/STM32Cube_FW_F3_V1.11.5/Drivers/STM32F3xx_HAL_Driver/Src/stm32f3xx_hal_pwr_ex.c" -mcpu=cortex-m4 -std=gnu11 -g3 -DDEBUG -DUSE_HAL_DRIVER -DSTM32F303x8 -c -I../Core/Inc -IC:/Users/Admin/STM32Cube/Repository/STM32Cube_FW_F3_V1.11.5/Drivers/STM32F3xx_HAL_Driver/Inc -IC:/Users/Admin/STM32Cube/Repository/STM32Cube_FW_F3_V1.11.5/Drivers/STM32F3xx_HAL_Driver/Inc/Legacy -IC:/Users/Admin/STM32Cube/Repository/STM32Cube_FW_F3_V1.11.5/Drivers/CMSIS/Device/ST/STM32F3xx/Include -IC:/Users/Admin/STM32Cube/Repository/STM32Cube_FW_F3_V1.11.5/Drivers/CMSIS/Include -O0 -ffunction-sections -fdata-sections -Wall -fstack-usage -fcyclomatic-complexity -MMD -MP -MF"Drivers/STM32F3xx_HAL_Driver/stm32f3xx_hal_pwr_ex.d" -MT"Drivers/STM32F3xx_HAL_Driver/stm32f3xx_hal_pwr_ex.o" --specs=nano.specs -mfpu=fpv4-sp-d16 -mfloat-abi=hard -mthumb -o "Drivers/STM32F3xx_HAL_Driver/stm32f3xx_hal_pwr_ex.o"
arm-none-eabi-gcc "C:/Users/Admin/STM32Cube/Repository/STM32Cube_FW_F3_V1.11.5/Drivers/STM32F3xx_HAL_Driver/Src/stm32f3xx_hal_rcc.c" -mcpu=cortex-m4 -std=gnu11 -g3 -DDEBUG -DUSE_HAL_DRIVER -DSTM32F303x8 -c -I../Core/Inc -IC:/Users/Admin/STM32Cube/Repository/STM32Cube_FW_F3_V1.11.5/Drivers/STM32F3xx_HAL_Driver/Inc -IC:/Users/Admin/STM32Cube/Repository/STM32Cube_FW_F3_V1.11.5/Drivers/STM32F3xx_HAL_Driver/Inc/Legacy -IC:/Users/Admin/STM32Cube/Repository/STM32Cube_FW_F3_V1.11.5/Drivers/CMSIS/Device/ST/STM32F3xx/Include -IC:/Users/Admin/STM32Cube/Repository/STM32Cube_FW_F3_V1.11.5/Drivers/CMSIS/Include -O0 -ffunction-sections -fdata-sections -Wall -fstack-usage -fcyclomatic-complexity -MMD -MP -MF"Drivers/STM32F3xx_HAL_Driver/stm32f3xx_hal_rcc.d" -MT"Drivers/STM32F3xx_HAL_Driver/stm32f3xx_hal_rcc.o" --specs=nano.specs -mfpu=fpv4-sp-d16 -mfloat-abi=hard -mthumb -o "Drivers/STM32F3xx_HAL_Driver/stm32f3xx_hal_rcc.o"
arm-none-eabi-gcc "C:/Users/Admin/STM32Cube/Repository/STM32Cube_FW_F3_V1.11.5/Drivers/STM32F3xx_HAL_Driver/Src/stm32f3xx_hal_rcc_ex.c" -mcpu=cortex-m4 -std=gnu11 -g3 -DDEBUG -DUSE_HAL_DRIVER -DSTM32F303x8 -c -I../Core/Inc -IC:/Users/Admin/STM32Cube/Repository/STM32Cube_FW_F3_V1.11.5/Drivers/STM32F3xx_HAL_Driver/Inc -IC:/Users/Admin/STM32Cube/Repository/STM32Cube_FW_F3_V1.11.5/Drivers/STM32F3xx_HAL_Driver/Inc/Legacy -IC:/Users/Admin/STM32Cube/Repository/STM32Cube_FW_F3_V1.11.5/Drivers/CMSIS/Device/ST/STM32F3xx/Include -IC:/Users/Admin/STM32Cube/Repository/STM32Cube_FW_F3_V1.11.5/Drivers/CMSIS/Include -O0 -ffunction-sections -fdata-sections -Wall -fstack-usage -fcyclomatic-complexity -MMD -MP -MF"Drivers/STM32F3xx_HAL_Driver/stm32f3xx_hal_rcc_ex.d" -MT"Drivers/STM32F3xx_HAL_Driver/stm32f3xx_hal_rcc_ex.o" --specs=nano.specs -mfpu=fpv4-sp-d16 -mfloat-abi=hard -mthumb -o "Drivers/STM32F3xx_HAL_Driver/stm32f3xx_hal_rcc_ex.o"
arm-none-eabi-gcc "C:/Users/Admin/STM32Cube/Repository/STM32Cube_FW_F3_V1.11.5/Drivers/STM32F3xx_HAL_Driver/Src/stm32f3xx_hal_uart.c" -mcpu=cortex-m4 -std=gnu11 -g3 -DDEBUG -DUSE_HAL_DRIVER -DSTM32F303x8 -c -I../Core/Inc -IC:/Users/Admin/STM32Cube/Repository/STM32Cube_FW_F3_V1.11.5/Drivers/STM32F3xx_HAL_Driver/Inc -IC:/Users/Admin/STM32Cube/Repository/STM32Cube_FW_F3_V1.11.5/Drivers/STM32F3xx_HAL_Driver/Inc/Legacy -IC:/Users/Admin/STM32Cube/Repository/STM32Cube_FW_F3_V1.11.5/Drivers/CMSIS/Device/ST/STM32F3xx/Include -IC:/Users/Admin/STM32Cube/Repository/STM32Cube_FW_F3_V1.11.5/Drivers/CMSIS/Include -O0 -ffunction-sections -fdata-sections -Wall -fstack-usage -fcyclomatic-complexity -MMD -MP -MF"Drivers/STM32F3xx_HAL_Driver/stm32f3xx_hal_uart.d" -MT"Drivers/STM32F3xx_HAL_Driver/stm32f3xx_hal_uart.o" --specs=nano.specs -mfpu=fpv4-sp-d16 -mfloat-abi=hard -mthumb -o "Drivers/STM32F3xx_HAL_Driver/stm32f3xx_hal_uart.o"
arm-none-eabi-gcc "C:/Users/Admin/STM32Cube/Repository/STM32Cube_FW_F3_V1.11.5/Drivers/STM32F3xx_HAL_Driver/Src/stm32f3xx_hal_uart_ex.c" -mcpu=cortex-m4 -std=gnu11 -g3 -DDEBUG -DUSE_HAL_DRIVER -DSTM32F303x8 -c -I../Core/Inc -IC:/Users/Admin/STM32Cube/Repository/STM32Cube_FW_F3_V1.11.5/Drivers/STM32F3xx_HAL_Driver/Inc -IC:/Users/Admin/STM32Cube/Repository/STM32Cube_FW_F3_V1.11.5/Drivers/STM32F3xx_HAL_Driver/Inc/Legacy -IC:/Users/Admin/STM32Cube/Repository/STM32Cube_FW_F3_V1.11.5/Drivers/CMSIS/Device/ST/STM32F3xx/Include -IC:/Users/Admin/STM32Cube/Repository/STM32Cube_FW_F3_V1.11.5/Drivers/CMSIS/Include -O0 -ffunction-sections -fdata-sections -Wall -fstack-usage -fcyclomatic-complexity -MMD -MP -MF"Drivers/STM32F3xx_HAL_Driver/stm32f3xx_hal_uart_ex.d" -MT"Drivers/STM32F3xx_HAL_Driver/stm32f3xx_hal_uart_ex.o" --specs=nano.specs -mfpu=fpv4-sp-d16 -mfloat-abi=hard -mthumb -o "Drivers/STM32F3xx_HAL_Driver/stm32f3xx_hal_uart_ex.o"
arm-none-eabi-gcc -mcpu=cortex-m4 -g3 -DDEBUG -c -x assembler-with-cpp -MMD -MP -MF"Core/Startup/startup_stm32f303k8tx.d" -MT"Core/Startup/startup_stm32f303k8tx.o" --specs=nano.specs -mfpu=fpv4-sp-d16 -mfloat-abi=hard -mthumb -o "Core/Startup/startup_stm32f303k8tx.o" "../Core/Startup/startup_stm32f303k8tx.s"
arm-none-eabi-gcc "../Core/Src/bmp180_for_stm32_hal.c" -mcpu=cortex-m4 -std=gnu11 -g3 -DDEBUG -DUSE_HAL_DRIVER -DSTM32F303x8 -c -I../Core/Inc -IC:/Users/Admin/STM32Cube/Repository/STM32Cube_FW_F3_V1.11.5/Drivers/STM32F3xx_HAL_Driver/Inc -IC:/Users/Admin/STM32Cube/Repository/STM32Cube_FW_F3_V1.11.5/Drivers/STM32F3xx_HAL_Driver/Inc/Legacy -IC:/Users/Admin/STM32Cube/Repository/STM32Cube_FW_F3_V1.11.5/Drivers/CMSIS/Device/ST/STM32F3xx/Include -IC:/Users/Admin/STM32Cube/Repository/STM32Cube_FW_F3_V1.11.5/Drivers/CMSIS/Include -O0 -ffunction-sections -fdata-sections -Wall -fstack-usage -fcyclomatic-complexity -MMD -MP -MF"Core/Src/bmp180_for_stm32_hal.d" -MT"Core/Src/bmp180_for_stm32_hal.o" --specs=nano.specs -mfpu=fpv4-sp-d16 -mfloat-abi=hard -mthumb -o "Core/Src/bmp180_for_stm32_hal.o"
arm-none-eabi-gcc "../Core/Src/bno055.c" -mcpu=cortex-m4 -std=gnu11 -g3 -DDEBUG -DUSE_HAL_DRIVER -DSTM32F303x8 -c -I../Core/Inc -IC:/Users/Admin/STM32Cube/Repository/STM32Cube_FW_F3_V1.11.5/Drivers/STM32F3xx_HAL_Driver/Inc -IC:/Users/Admin/STM32Cube/Repository/STM32Cube_FW_F3_V1.11.5/Drivers/STM32F3xx_HAL_Driver/Inc/Legacy -IC:/Users/Admin/STM32Cube/Repository/STM32Cube_FW_F3_V1.11.5/Drivers/CMSIS/Device/ST/STM32F3xx/Include -IC:/Users/Admin/STM32Cube/Repository/STM32Cube_FW_F3_V1.11.5/Drivers/CMSIS/Include -O0 -ffunction-sections -fdata-sections -Wall -fstack-usage -fcyclomatic-complexity -MMD -MP -MF"Core/Src/bno055.d" -MT"Core/Src/bno055.o" --specs=nano.specs -mfpu=fpv4-sp-d16 -mfloat-abi=hard -mthumb -o "Core/Src/bno055.o"
arm-none-eabi-gcc "../Core/Src/main.c" -mcpu=cortex-m4 -std=gnu11 -g3 -DDEBUG -DUSE_HAL_DRIVER -DSTM32F303x8 -c -I../Core/Inc -IC:/Users/Admin/STM32Cube/Repository/STM32Cube_FW_F3_V1.11.5/Drivers/STM32F3xx_HAL_Driver/Inc -IC:/Users/Admin/STM32Cube/Repository/STM32Cube_FW_F3_V1.11.5/Drivers/STM32F3xx_HAL_Driver/Inc/Legacy -IC:/Users/Admin/STM32Cube/Repository/STM32Cube_FW_F3_V1.11.5/Drivers/CMSIS/Device/ST/STM32F3xx/Include -IC:/Users/Admin/STM32Cube/Repository/STM32Cube_FW_F3_V1.11.5/Drivers/CMSIS/Include -O0 -ffunction-sections -fdata-sections -Wall -fstack-usage -fcyclomatic-complexity -MMD -MP -MF"Core/Src/main.d" -MT"Core/Src/main.o" --specs=nano.specs -mfpu=fpv4-sp-d16 -mfloat-abi=hard -mthumb -o "Core/Src/main.o"
arm-none-eabi-gcc "../Core/Src/stm32f3xx_hal_msp.c" -mcpu=cortex-m4 -std=gnu11 -g3 -DDEBUG -DUSE_HAL_DRIVER -DSTM32F303x8 -c -I../Core/Inc -IC:/Users/Admin/STM32Cube/Repository/STM32Cube_FW_F3_V1.11.5/Drivers/STM32F3xx_HAL_Driver/Inc -IC:/Users/Admin/STM32Cube/Repository/STM32Cube_FW_F3_V1.11.5/Drivers/STM32F3xx_HAL_Driver/Inc/Legacy -IC:/Users/Admin/STM32Cube/Repository/STM32Cube_FW_F3_V1.11.5/Drivers/CMSIS/Device/ST/STM32F3xx/Include -IC:/Users/Admin/STM32Cube/Repository/STM32Cube_FW_F3_V1.11.5/Drivers/CMSIS/Include -O0 -ffunction-sections -fdata-sections -Wall -fstack-usage -fcyclomatic-complexity -MMD -MP -MF"Core/Src/stm32f3xx_hal_msp.d" -MT"Core/Src/stm32f3xx_hal_msp.o" --specs=nano.specs -mfpu=fpv4-sp-d16 -mfloat-abi=hard -mthumb -o "Core/Src/stm32f3xx_hal_msp.o"
arm-none-eabi-gcc "../Core/Src/stm32f3xx_it.c" -mcpu=cortex-m4 -std=gnu11 -g3 -DDEBUG -DUSE_HAL_DRIVER -DSTM32F303x8 -c -I../Core/Inc -IC:/Users/Admin/STM32Cube/Repository/STM32Cube_FW_F3_V1.11.5/Drivers/STM32F3xx_HAL_Driver/Inc -IC:/Users/Admin/STM32Cube/Repository/STM32Cube_FW_F3_V1.11.5/Drivers/STM32F3xx_HAL_Driver/Inc/Legacy -IC:/Users/Admin/STM32Cube/Repository/STM32Cube_FW_F3_V1.11.5/Drivers/CMSIS/Device/ST/STM32F3xx/Include -IC:/Users/Admin/STM32Cube/Repository/STM32Cube_FW_F3_V1.11.5/Drivers/CMSIS/Include -O0 -ffunction-sections -fdata-sections -Wall -fstack-usage -fcyclomatic-complexity -MMD -MP -MF"Core/Src/stm32f3xx_it.d" -MT"Core/Src/stm32f3xx_it.o" --specs=nano.specs -mfpu=fpv4-sp-d16 -mfloat-abi=hard -mthumb -o "Core/Src/stm32f3xx_it.o"
arm-none-eabi-gcc "../Core/Src/syscalls.c" -mcpu=cortex-m4 -std=gnu11 -g3 -DDEBUG -DUSE_HAL_DRIVER -DSTM32F303x8 -c -I../Core/Inc -IC:/Users/Admin/STM32Cube/Repository/STM32Cube_FW_F3_V1.11.5/Drivers/STM32F3xx_HAL_Driver/Inc -IC:/Users/Admin/STM32Cube/Repository/STM32Cube_FW_F3_V1.11.5/Drivers/STM32F3xx_HAL_Driver/Inc/Legacy -IC:/Users/Admin/STM32Cube/Repository/STM32Cube_FW_F3_V1.11.5/Drivers/CMSIS/Device/ST/STM32F3xx/Include -IC:/Users/Admin/STM32Cube/Repository/STM32Cube_FW_F3_V1.11.5/Drivers/CMSIS/Include -O0 -ffunction-sections -fdata-sections -Wall -fstack-usage -fcyclomatic-complexity -MMD -MP -MF"Core/Src/syscalls.d" -MT"Core/Src/syscalls.o" --specs=nano.specs -mfpu=fpv4-sp-d16 -mfloat-abi=hard -mthumb -o "Core/Src/syscalls.o"
arm-none-eabi-gcc "../Core/Src/sysmem.c" -mcpu=cortex-m4 -std=gnu11 -g3 -DDEBUG -DUSE_HAL_DRIVER -DSTM32F303x8 -c -I../Core/Inc -IC:/Users/Admin/STM32Cube/Repository/STM32Cube_FW_F3_V1.11.5/Drivers/STM32F3xx_HAL_Driver/Inc -IC:/Users/Admin/STM32Cube/Repository/STM32Cube_FW_F3_V1.11.5/Drivers/STM32F3xx_HAL_Driver/Inc/Legacy -IC:/Users/Admin/STM32Cube/Repository/STM32Cube_FW_F3_V1.11.5/Drivers/CMSIS/Device/ST/STM32F3xx/Include -IC:/Users/Admin/STM32Cube/Repository/STM32Cube_FW_F3_V1.11.5/Drivers/CMSIS/Include -O0 -ffunction-sections -fdata-sections -Wall -fstack-usage -fcyclomatic-complexity -MMD -MP -MF"Core/Src/sysmem.d" -MT"Core/Src/sysmem.o" --specs=nano.specs -mfpu=fpv4-sp-d16 -mfloat-abi=hard -mthumb -o "Core/Src/sysmem.o"
arm-none-eabi-gcc "../Core/Src/system_stm32f3xx.c" -mcpu=cortex-m4 -std=gnu11 -g3 -DDEBUG -DUSE_HAL_DRIVER -DSTM32F303x8 -c -I../Core/Inc -IC:/Users/Admin/STM32Cube/Repository/STM32Cube_FW_F3_V1.11.5/Drivers/STM32F3xx_HAL_Driver/Inc -IC:/Users/Admin/STM32Cube/Repository/STM32Cube_FW_F3_V1.11.5/Drivers/STM32F3xx_HAL_Driver/Inc/Legacy -IC:/Users/Admin/STM32Cube/Repository/STM32Cube_FW_F3_V1.11.5/Drivers/CMSIS/Device/ST/STM32F3xx/Include -IC:/Users/Admin/STM32Cube/Repository/STM32Cube_FW_F3_V1.11.5/Drivers/CMSIS/Include -O0 -ffunction-sections -fdata-sections -Wall -fstack-usage -fcyclomatic-complexity -MMD -MP -MF"Core/Src/system_stm32f3xx.d" -MT"Core/Src/system_stm32f3xx.o" --specs=nano.specs -mfpu=fpv4-sp-d16 -mfloat-abi=hard -mthumb -o "Core/Src/system_stm32f3xx.o"
../Core/Src/main.c: In function 'main':
../Core/Src/main.c:150:55: warning: format '%d' expects argument of type 'int', but argument 9 has type 'uint32_t' {aka 'long unsigned int'} [-Wformat=]
  150 |                         "%.1f,%d,%.4f,%.4f,%.4f,%.1f,%d\r\n",
      |                                                      ~^
      |                                                       |
      |                                                       int
      |                                                      %ld
  151 |                         (float) temperature / 10, (int) pressure, v.x, v.y, v.z, v.w,HAL_GetTick());
      |                                                                                      ~~~~~~~~~~~~~
      |                                                                                      |
      |                                                                                      uint32_t {aka long unsigned int}
../Core/Src/main.c:154:93: warning: format '%d' expects argument of type 'int', but argument 9 has type 'uint32_t' {aka 'long unsigned int'} [-Wformat=]
  154 |                                 "Temp:%.1f C,Pres:%d Pa,RX %.4f,RY %.4f,RZ %.4f,RW %.1f,TM %d\r\n",
      |                                                                                            ~^
      |                                                                                             |
      |                                                                                             int
      |                                                                                            %ld
  155 |                                 (float) temperature / 10, (int) pressure, v.x, v.y, v.z, v.w,HAL_GetTick());
      |                                                                                              ~~~~~~~~~~~~~
      |                                                                                              |
      |                                                                                              uint32_t {aka long unsigned int}
../Core/Src/main.c:157:36: warning: pointer targets in passing argument 2 of 'HAL_UART_Transmit' differ in signedness [-Wpointer-sign]
  157 |         HAL_UART_Transmit(&huart2, buffer, strlen(buffer), 1000);
      |                                    ^~~~~~
      |                                    |
      |                                    char *
In file included from ../Core/Inc/stm32f3xx_hal_conf.h:328,
                 from C:/Users/Admin/STM32Cube/Repository/STM32Cube_FW_F3_V1.11.5/Drivers/STM32F3xx_HAL_Driver/Inc/stm32f3xx_hal.h:29,
                 from ../Core/Inc/main.h:30,
                 from ../Core/Src/main.c:20:
C:/Users/Admin/STM32Cube/Repository/STM32Cube_FW_F3_V1.11.5/Drivers/STM32F3xx_HAL_Driver/Inc/stm32f3xx_hal_uart.h:1486:79: note: expected 'const uint8_t *' {aka 'const unsigned char *'} but argument is of type 'char *'
 1486 | HAL_StatusTypeDef HAL_UART_Transmit(UART_HandleTypeDef *huart, const uint8_t *pData, uint16_t Size, uint32_t Timeout);
      |                                                                ~~~~~~~~~~~~~~~^~~~~
../Core/Src/main.c:127:30: warning: variable 'cal' set but not used [-Wunused-but-set-variable]
  127 |   bno055_calibration_state_t cal;
      |                              ^~~
../Core/Src/main.c:125:19: warning: variable 'mag' set but not used [-Wunused-but-set-variable]
  125 |   bno055_vector_t mag;
      |                   ^~~
../Core/Src/main.c:124:19: warning: variable 'ac' set but not used [-Wunused-but-set-variable]
  124 |   bno055_vector_t ac;
      |                   ^~
arm-none-eabi-g++ -o "I2C_BNO_BMP_UPDATED.elf" @"objects.list"   -mcpu=cortex-m4 -T"C:\Users\Admin\Documents\STM_examples\I2C_BNO_BMP_UPDATED\STM32F303K8TX_FLASH.ld" --specs=nosys.specs -Wl,-Map="I2C_BNO_BMP_UPDATED.map" -Wl,--gc-sections -static --specs=nano.specs -mfpu=fpv4-sp-d16 -mfloat-abi=hard -mthumb -u _printf_float -u _scanf_float -Wl,--start-group -lc -lm -lstdc++ -lsupc++ -Wl,--end-group
Finished building target: I2C_BNO_BMP_UPDATED.elf
 
arm-none-eabi-size  I2C_BNO_BMP_UPDATED.elf 
arm-none-eabi-objdump -h -S I2C_BNO_BMP_UPDATED.elf  > "I2C_BNO_BMP_UPDATED.list"
   text	   data	    bss	    dec	    hex	filename
  44024	    480	   2360	  46864	   b710	I2C_BNO_BMP_UPDATED.elf
Finished building: default.size.stdout
 
Finished building: I2C_BNO_BMP_UPDATED.list
 
16:50:21 **** Incremental Build of configuration Debug for project I2C_BNO_BMP_UPDATED ****
make -j12 all 
arm-none-eabi-gcc "../Core/Src/main.c" -mcpu=cortex-m4 -std=gnu11 -g3 -DDEBUG -DUSE_HAL_DRIVER -DSTM32F303x8 -c -I../Core/Inc -IC:/Users/Admin/STM32Cube/Repository/STM32Cube_FW_F3_V1.11.5/Drivers/STM32F3xx_HAL_Driver/Inc -IC:/Users/Admin/STM32Cube/Repository/STM32Cube_FW_F3_V1.11.5/Drivers/STM32F3xx_HAL_Driver/Inc/Legacy -IC:/Users/Admin/STM32Cube/Repository/STM32Cube_FW_F3_V1.11.5/Drivers/CMSIS/Device/ST/STM32F3xx/Include -IC:/Users/Admin/STM32Cube/Repository/STM32Cube_FW_F3_V1.11.5/Drivers/CMSIS/Include -O0 -ffunction-sections -fdata-sections -Wall -fstack-usage -fcyclomatic-complexity -MMD -MP -MF"Core/Src/main.d" -MT"Core/Src/main.o" --specs=nano.specs -mfpu=fpv4-sp-d16 -mfloat-abi=hard -mthumb -o "Core/Src/main.o"
../Core/Src/main.c: In function 'main':
../Core/Src/main.c:150:55: warning: format '%d' expects argument of type 'int', but argument 9 has type 'double' [-Wformat=]
  150 |                         "%.1f,%d,%.4f,%.4f,%.4f,%.1f,%d\r\n",
      |                                                      ~^
      |                                                       |
      |                                                       int
      |                                                      %f
  151 |                         (float) temperature / 10, (int) pressure, v.x, v.y, v.z, v.w,ac.x,ac.y,ac.z,ac.w,HAL_GetTick());
      |                                                                                      ~~~~
      |                                                                                        |
      |                                                                                        double
../Core/Src/main.c:150:25: warning: too many arguments for format [-Wformat-extra-args]
  150 |                         "%.1f,%d,%.4f,%.4f,%.4f,%.1f,%d\r\n",
      |                         ^~~~~~~~~~~~~~~~~~~~~~~~~~~~~~~~~~~~
../Core/Src/main.c:154:93: warning: format '%d' expects argument of type 'int', but argument 9 has type 'uint32_t' {aka 'long unsigned int'} [-Wformat=]
  154 |                                 "Temp:%.1f C,Pres:%d Pa,RX %.4f,RY %.4f,RZ %.4f,RW %.1f,TM %d\r\n",
      |                                                                                            ~^
      |                                                                                             |
      |                                                                                             int
      |                                                                                            %ld
  155 |                                 (float) temperature / 10, (int) pressure, v.x, v.y, v.z, v.w,HAL_GetTick());
      |                                                                                              ~~~~~~~~~~~~~
      |                                                                                              |
      |                                                                                              uint32_t {aka long unsigned int}
../Core/Src/main.c:157:36: warning: pointer targets in passing argument 2 of 'HAL_UART_Transmit' differ in signedness [-Wpointer-sign]
  157 |         HAL_UART_Transmit(&huart2, buffer, strlen(buffer), 1000);
      |                                    ^~~~~~
      |                                    |
      |                                    char *
In file included from ../Core/Inc/stm32f3xx_hal_conf.h:328,
                 from C:/Users/Admin/STM32Cube/Repository/STM32Cube_FW_F3_V1.11.5/Drivers/STM32F3xx_HAL_Driver/Inc/stm32f3xx_hal.h:29,
                 from ../Core/Inc/main.h:30,
                 from ../Core/Src/main.c:20:
C:/Users/Admin/STM32Cube/Repository/STM32Cube_FW_F3_V1.11.5/Drivers/STM32F3xx_HAL_Driver/Inc/stm32f3xx_hal_uart.h:1486:79: note: expected 'const uint8_t *' {aka 'const unsigned char *'} but argument is of type 'char *'
 1486 | HAL_StatusTypeDef HAL_UART_Transmit(UART_HandleTypeDef *huart, const uint8_t *pData, uint16_t Size, uint32_t Timeout);
      |                                                                ~~~~~~~~~~~~~~~^~~~~
../Core/Src/main.c:127:30: warning: variable 'cal' set but not used [-Wunused-but-set-variable]
  127 |   bno055_calibration_state_t cal;
      |                              ^~~
../Core/Src/main.c:125:19: warning: variable 'mag' set but not used [-Wunused-but-set-variable]
  125 |   bno055_vector_t mag;
      |                   ^~~
arm-none-eabi-g++ -o "I2C_BNO_BMP_UPDATED.elf" @"objects.list"   -mcpu=cortex-m4 -T"C:\Users\Admin\Documents\STM_examples\I2C_BNO_BMP_UPDATED\STM32F303K8TX_FLASH.ld" --specs=nosys.specs -Wl,-Map="I2C_BNO_BMP_UPDATED.map" -Wl,--gc-sections -static --specs=nano.specs -mfpu=fpv4-sp-d16 -mfloat-abi=hard -mthumb -u _printf_float -u _scanf_float -Wl,--start-group -lc -lm -lstdc++ -lsupc++ -Wl,--end-group
Finished building target: I2C_BNO_BMP_UPDATED.elf
 
arm-none-eabi-size  I2C_BNO_BMP_UPDATED.elf 
arm-none-eabi-objdump -h -S I2C_BNO_BMP_UPDATED.elf  > "I2C_BNO_BMP_UPDATED.list"
   text	   data	    bss	    dec	    hex	filename
  44056	    480	   2360	  46896	   b730	I2C_BNO_BMP_UPDATED.elf
Finished building: default.size.stdout
 
Finished building: I2C_BNO_BMP_UPDATED.list
 
16:52:28 **** Incremental Build of configuration Debug for project I2C_BNO_BMP_UPDATED ****
make -j12 all 
arm-none-eabi-size  I2C_BNO_BMP_UPDATED.elf 
   text	   data	    bss	    dec	    hex	filename
  44056	    480	   2360	  46896	   b730	I2C_BNO_BMP_UPDATED.elf
Finished building: default.size.stdout
 
16:56:01 **** Incremental Build of configuration Debug for project I2C_BNO_BMP_UPDATED ****
make -j12 all 
arm-none-eabi-gcc "../Core/Src/main.c" -mcpu=cortex-m4 -std=gnu11 -g3 -DDEBUG -DUSE_HAL_DRIVER -DSTM32F303x8 -c -I../Core/Inc -IC:/Users/Admin/STM32Cube/Repository/STM32Cube_FW_F3_V1.11.5/Drivers/STM32F3xx_HAL_Driver/Inc -IC:/Users/Admin/STM32Cube/Repository/STM32Cube_FW_F3_V1.11.5/Drivers/STM32F3xx_HAL_Driver/Inc/Legacy -IC:/Users/Admin/STM32Cube/Repository/STM32Cube_FW_F3_V1.11.5/Drivers/CMSIS/Device/ST/STM32F3xx/Include -IC:/Users/Admin/STM32Cube/Repository/STM32Cube_FW_F3_V1.11.5/Drivers/CMSIS/Include -O0 -ffunction-sections -fdata-sections -Wall -fstack-usage -fcyclomatic-complexity -MMD -MP -MF"Core/Src/main.d" -MT"Core/Src/main.o" --specs=nano.specs -mfpu=fpv4-sp-d16 -mfloat-abi=hard -mthumb -o "Core/Src/main.o"
../Core/Src/main.c: In function 'main':
../Core/Src/main.c:154:93: warning: format '%d' expects argument of type 'int', but argument 9 has type 'uint32_t' {aka 'long unsigned int'} [-Wformat=]
  154 |                                 "Temp:%.1f C,Pres:%d Pa,RX %.4f,RY %.4f,RZ %.4f,RW %.1f,TM %d\r\n",
      |                                                                                            ~^
      |                                                                                             |
      |                                                                                             int
      |                                                                                            %ld
  155 |                                 (float) temperature / 10, (int) pressure, v.x, v.y, v.z, v.w,HAL_GetTick());
      |                                                                                              ~~~~~~~~~~~~~
      |                                                                                              |
      |                                                                                              uint32_t {aka long unsigned int}
../Core/Src/main.c:157:36: warning: pointer targets in passing argument 2 of 'HAL_UART_Transmit' differ in signedness [-Wpointer-sign]
  157 |         HAL_UART_Transmit(&huart2, buffer, strlen(buffer), 1000);
      |                                    ^~~~~~
      |                                    |
      |                                    char *
In file included from ../Core/Inc/stm32f3xx_hal_conf.h:328,
                 from C:/Users/Admin/STM32Cube/Repository/STM32Cube_FW_F3_V1.11.5/Drivers/STM32F3xx_HAL_Driver/Inc/stm32f3xx_hal.h:29,
                 from ../Core/Inc/main.h:30,
                 from ../Core/Src/main.c:20:
C:/Users/Admin/STM32Cube/Repository/STM32Cube_FW_F3_V1.11.5/Drivers/STM32F3xx_HAL_Driver/Inc/stm32f3xx_hal_uart.h:1486:79: note: expected 'const uint8_t *' {aka 'const unsigned char *'} but argument is of type 'char *'
 1486 | HAL_StatusTypeDef HAL_UART_Transmit(UART_HandleTypeDef *huart, const uint8_t *pData, uint16_t Size, uint32_t Timeout);
      |                                                                ~~~~~~~~~~~~~~~^~~~~
../Core/Src/main.c:127:30: warning: variable 'cal' set but not used [-Wunused-but-set-variable]
  127 |   bno055_calibration_state_t cal;
      |                              ^~~
../Core/Src/main.c:125:19: warning: variable 'mag' set but not used [-Wunused-but-set-variable]
  125 |   bno055_vector_t mag;
      |                   ^~~
arm-none-eabi-g++ -o "I2C_BNO_BMP_UPDATED.elf" @"objects.list"   -mcpu=cortex-m4 -T"C:\Users\Admin\Documents\STM_examples\I2C_BNO_BMP_UPDATED\STM32F303K8TX_FLASH.ld" --specs=nosys.specs -Wl,-Map="I2C_BNO_BMP_UPDATED.map" -Wl,--gc-sections -static --specs=nano.specs -mfpu=fpv4-sp-d16 -mfloat-abi=hard -mthumb -u _printf_float -u _scanf_float -Wl,--start-group -lc -lm -lstdc++ -lsupc++ -Wl,--end-group
Finished building target: I2C_BNO_BMP_UPDATED.elf
 
arm-none-eabi-size  I2C_BNO_BMP_UPDATED.elf 
arm-none-eabi-objdump -h -S I2C_BNO_BMP_UPDATED.elf  > "I2C_BNO_BMP_UPDATED.list"
   text	   data	    bss	    dec	    hex	filename
  44032	    480	   2360	  46872	   b718	I2C_BNO_BMP_UPDATED.elf
Finished building: default.size.stdout
 
Finished building: I2C_BNO_BMP_UPDATED.list
 
16:58:35 **** Incremental Build of configuration Debug for project I2C_BNO_BMP_UPDATED ****
make -j12 all 
arm-none-eabi-gcc "../Core/Src/main.c" -mcpu=cortex-m4 -std=gnu11 -g3 -DDEBUG -DUSE_HAL_DRIVER -DSTM32F303x8 -c -I../Core/Inc -IC:/Users/Admin/STM32Cube/Repository/STM32Cube_FW_F3_V1.11.5/Drivers/STM32F3xx_HAL_Driver/Inc -IC:/Users/Admin/STM32Cube/Repository/STM32Cube_FW_F3_V1.11.5/Drivers/STM32F3xx_HAL_Driver/Inc/Legacy -IC:/Users/Admin/STM32Cube/Repository/STM32Cube_FW_F3_V1.11.5/Drivers/CMSIS/Device/ST/STM32F3xx/Include -IC:/Users/Admin/STM32Cube/Repository/STM32Cube_FW_F3_V1.11.5/Drivers/CMSIS/Include -O0 -ffunction-sections -fdata-sections -Wall -fstack-usage -fcyclomatic-complexity -MMD -MP -MF"Core/Src/main.d" -MT"Core/Src/main.o" --specs=nano.specs -mfpu=fpv4-sp-d16 -mfloat-abi=hard -mthumb -o "Core/Src/main.o"
../Core/Src/main.c: In function 'main':
../Core/Src/main.c:154:93: warning: format '%d' expects argument of type 'int', but argument 9 has type 'uint32_t' {aka 'long unsigned int'} [-Wformat=]
  154 |                                 "Temp:%.1f C,Pres:%d Pa,RX %.4f,RY %.4f,RZ %.4f,RW %.1f,TM %d\r\n",
      |                                                                                            ~^
      |                                                                                             |
      |                                                                                             int
      |                                                                                            %ld
  155 |                                 (float) temperature / 10, (int) pressure, v.x, v.y, v.z, v.w,HAL_GetTick());
      |                                                                                              ~~~~~~~~~~~~~
      |                                                                                              |
      |                                                                                              uint32_t {aka long unsigned int}
../Core/Src/main.c:157:36: warning: pointer targets in passing argument 2 of 'HAL_UART_Transmit' differ in signedness [-Wpointer-sign]
  157 |         HAL_UART_Transmit(&huart2, buffer, strlen(buffer), 1000);
      |                                    ^~~~~~
      |                                    |
      |                                    char *
In file included from ../Core/Inc/stm32f3xx_hal_conf.h:328,
                 from C:/Users/Admin/STM32Cube/Repository/STM32Cube_FW_F3_V1.11.5/Drivers/STM32F3xx_HAL_Driver/Inc/stm32f3xx_hal.h:29,
                 from ../Core/Inc/main.h:30,
                 from ../Core/Src/main.c:20:
C:/Users/Admin/STM32Cube/Repository/STM32Cube_FW_F3_V1.11.5/Drivers/STM32F3xx_HAL_Driver/Inc/stm32f3xx_hal_uart.h:1486:79: note: expected 'const uint8_t *' {aka 'const unsigned char *'} but argument is of type 'char *'
 1486 | HAL_StatusTypeDef HAL_UART_Transmit(UART_HandleTypeDef *huart, const uint8_t *pData, uint16_t Size, uint32_t Timeout);
      |                                                                ~~~~~~~~~~~~~~~^~~~~
../Core/Src/main.c:127:30: warning: variable 'cal' set but not used [-Wunused-but-set-variable]
  127 |   bno055_calibration_state_t cal;
      |                              ^~~
../Core/Src/main.c:125:19: warning: variable 'mag' set but not used [-Wunused-but-set-variable]
  125 |   bno055_vector_t mag;
      |                   ^~~
arm-none-eabi-g++ -o "I2C_BNO_BMP_UPDATED.elf" @"objects.list"   -mcpu=cortex-m4 -T"C:\Users\Admin\Documents\STM_examples\I2C_BNO_BMP_UPDATED\STM32F303K8TX_FLASH.ld" --specs=nosys.specs -Wl,-Map="I2C_BNO_BMP_UPDATED.map" -Wl,--gc-sections -static --specs=nano.specs -mfpu=fpv4-sp-d16 -mfloat-abi=hard -mthumb -u _printf_float -u _scanf_float -Wl,--start-group -lc -lm -lstdc++ -lsupc++ -Wl,--end-group
Finished building target: I2C_BNO_BMP_UPDATED.elf
 
arm-none-eabi-size  I2C_BNO_BMP_UPDATED.elf 
arm-none-eabi-objdump -h -S I2C_BNO_BMP_UPDATED.elf  > "I2C_BNO_BMP_UPDATED.list"
   text	   data	    bss	    dec	    hex	filename
  44000	    480	   2360	  46840	   b6f8	I2C_BNO_BMP_UPDATED.elf
Finished building: default.size.stdout
 
Finished building: I2C_BNO_BMP_UPDATED.list
 
17:04:34 **** Incremental Build of configuration Debug for project I2C_BNO_BMP_UPDATED ****
make -j12 all 
arm-none-eabi-gcc "../Core/Src/main.c" -mcpu=cortex-m4 -std=gnu11 -g3 -DDEBUG -DUSE_HAL_DRIVER -DSTM32F303x8 -c -I../Core/Inc -IC:/Users/Admin/STM32Cube/Repository/STM32Cube_FW_F3_V1.11.5/Drivers/STM32F3xx_HAL_Driver/Inc -IC:/Users/Admin/STM32Cube/Repository/STM32Cube_FW_F3_V1.11.5/Drivers/STM32F3xx_HAL_Driver/Inc/Legacy -IC:/Users/Admin/STM32Cube/Repository/STM32Cube_FW_F3_V1.11.5/Drivers/CMSIS/Device/ST/STM32F3xx/Include -IC:/Users/Admin/STM32Cube/Repository/STM32Cube_FW_F3_V1.11.5/Drivers/CMSIS/Include -O0 -ffunction-sections -fdata-sections -Wall -fstack-usage -fcyclomatic-complexity -MMD -MP -MF"Core/Src/main.d" -MT"Core/Src/main.o" --specs=nano.specs -mfpu=fpv4-sp-d16 -mfloat-abi=hard -mthumb -o "Core/Src/main.o"
../Core/Src/main.c: In function 'main':
../Core/Src/main.c:154:93: warning: format '%d' expects argument of type 'int', but argument 9 has type 'uint32_t' {aka 'long unsigned int'} [-Wformat=]
  154 |                                 "Temp:%.1f C,Pres:%d Pa,RX %.4f,RY %.4f,RZ %.4f,RW %.1f,TM %d\r\n",
      |                                                                                            ~^
      |                                                                                             |
      |                                                                                             int
      |                                                                                            %ld
  155 |                                 (float) temperature / 10, (int) pressure, v.x, v.y, v.z, v.w,HAL_GetTick());
      |                                                                                              ~~~~~~~~~~~~~
      |                                                                                              |
      |                                                                                              uint32_t {aka long unsigned int}
../Core/Src/main.c:157:36: warning: pointer targets in passing argument 2 of 'HAL_UART_Transmit' differ in signedness [-Wpointer-sign]
  157 |         HAL_UART_Transmit(&huart2, buffer, strlen(buffer), 1000);
      |                                    ^~~~~~
      |                                    |
      |                                    char *
In file included from ../Core/Inc/stm32f3xx_hal_conf.h:328,
                 from C:/Users/Admin/STM32Cube/Repository/STM32Cube_FW_F3_V1.11.5/Drivers/STM32F3xx_HAL_Driver/Inc/stm32f3xx_hal.h:29,
                 from ../Core/Inc/main.h:30,
                 from ../Core/Src/main.c:20:
C:/Users/Admin/STM32Cube/Repository/STM32Cube_FW_F3_V1.11.5/Drivers/STM32F3xx_HAL_Driver/Inc/stm32f3xx_hal_uart.h:1486:79: note: expected 'const uint8_t *' {aka 'const unsigned char *'} but argument is of type 'char *'
 1486 | HAL_StatusTypeDef HAL_UART_Transmit(UART_HandleTypeDef *huart, const uint8_t *pData, uint16_t Size, uint32_t Timeout);
      |                                                                ~~~~~~~~~~~~~~~^~~~~
../Core/Src/main.c:127:30: warning: variable 'cal' set but not used [-Wunused-but-set-variable]
  127 |   bno055_calibration_state_t cal;
      |                              ^~~
../Core/Src/main.c:125:19: warning: variable 'mag' set but not used [-Wunused-but-set-variable]
  125 |   bno055_vector_t mag;
      |                   ^~~
arm-none-eabi-g++ -o "I2C_BNO_BMP_UPDATED.elf" @"objects.list"   -mcpu=cortex-m4 -T"C:\Users\Admin\Documents\STM_examples\I2C_BNO_BMP_UPDATED\STM32F303K8TX_FLASH.ld" --specs=nosys.specs -Wl,-Map="I2C_BNO_BMP_UPDATED.map" -Wl,--gc-sections -static --specs=nano.specs -mfpu=fpv4-sp-d16 -mfloat-abi=hard -mthumb -u _printf_float -u _scanf_float -Wl,--start-group -lc -lm -lstdc++ -lsupc++ -Wl,--end-group
Finished building target: I2C_BNO_BMP_UPDATED.elf
 
arm-none-eabi-size  I2C_BNO_BMP_UPDATED.elf 
arm-none-eabi-objdump -h -S I2C_BNO_BMP_UPDATED.elf  > "I2C_BNO_BMP_UPDATED.list"
   text	   data	    bss	    dec	    hex	filename
  43992	    480	   2360	  46832	   b6f0	I2C_BNO_BMP_UPDATED.elf
Finished building: default.size.stdout
 
Finished building: I2C_BNO_BMP_UPDATED.list
 
17:05:06 **** Incremental Build of configuration Debug for project I2C_BNO_BMP_UPDATED ****
make -j12 all 
arm-none-eabi-gcc "../Core/Src/main.c" -mcpu=cortex-m4 -std=gnu11 -g3 -DDEBUG -DUSE_HAL_DRIVER -DSTM32F303x8 -c -I../Core/Inc -IC:/Users/Admin/STM32Cube/Repository/STM32Cube_FW_F3_V1.11.5/Drivers/STM32F3xx_HAL_Driver/Inc -IC:/Users/Admin/STM32Cube/Repository/STM32Cube_FW_F3_V1.11.5/Drivers/STM32F3xx_HAL_Driver/Inc/Legacy -IC:/Users/Admin/STM32Cube/Repository/STM32Cube_FW_F3_V1.11.5/Drivers/CMSIS/Device/ST/STM32F3xx/Include -IC:/Users/Admin/STM32Cube/Repository/STM32Cube_FW_F3_V1.11.5/Drivers/CMSIS/Include -O0 -ffunction-sections -fdata-sections -Wall -fstack-usage -fcyclomatic-complexity -MMD -MP -MF"Core/Src/main.d" -MT"Core/Src/main.o" --specs=nano.specs -mfpu=fpv4-sp-d16 -mfloat-abi=hard -mthumb -o "Core/Src/main.o"
../Core/Src/main.c: In function 'main':
../Core/Src/main.c:154:93: warning: format '%d' expects argument of type 'int', but argument 9 has type 'uint32_t' {aka 'long unsigned int'} [-Wformat=]
  154 |                                 "Temp:%.1f C,Pres:%d Pa,RX %.4f,RY %.4f,RZ %.4f,RW %.1f,TM %d\r\n",
      |                                                                                            ~^
      |                                                                                             |
      |                                                                                             int
      |                                                                                            %ld
  155 |                                 (float) temperature / 10, (int) pressure, v.x, v.y, v.z, v.w,HAL_GetTick());
      |                                                                                              ~~~~~~~~~~~~~
      |                                                                                              |
      |                                                                                              uint32_t {aka long unsigned int}
../Core/Src/main.c:157:36: warning: pointer targets in passing argument 2 of 'HAL_UART_Transmit' differ in signedness [-Wpointer-sign]
  157 |         HAL_UART_Transmit(&huart2, buffer, strlen(buffer), 1000);
      |                                    ^~~~~~
      |                                    |
      |                                    char *
In file included from ../Core/Inc/stm32f3xx_hal_conf.h:328,
                 from C:/Users/Admin/STM32Cube/Repository/STM32Cube_FW_F3_V1.11.5/Drivers/STM32F3xx_HAL_Driver/Inc/stm32f3xx_hal.h:29,
                 from ../Core/Inc/main.h:30,
                 from ../Core/Src/main.c:20:
C:/Users/Admin/STM32Cube/Repository/STM32Cube_FW_F3_V1.11.5/Drivers/STM32F3xx_HAL_Driver/Inc/stm32f3xx_hal_uart.h:1486:79: note: expected 'const uint8_t *' {aka 'const unsigned char *'} but argument is of type 'char *'
 1486 | HAL_StatusTypeDef HAL_UART_Transmit(UART_HandleTypeDef *huart, const uint8_t *pData, uint16_t Size, uint32_t Timeout);
      |                                                                ~~~~~~~~~~~~~~~^~~~~
../Core/Src/main.c:127:30: warning: variable 'cal' set but not used [-Wunused-but-set-variable]
  127 |   bno055_calibration_state_t cal;
      |                              ^~~
../Core/Src/main.c:125:19: warning: variable 'mag' set but not used [-Wunused-but-set-variable]
  125 |   bno055_vector_t mag;
      |                   ^~~
arm-none-eabi-g++ -o "I2C_BNO_BMP_UPDATED.elf" @"objects.list"   -mcpu=cortex-m4 -T"C:\Users\Admin\Documents\STM_examples\I2C_BNO_BMP_UPDATED\STM32F303K8TX_FLASH.ld" --specs=nosys.specs -Wl,-Map="I2C_BNO_BMP_UPDATED.map" -Wl,--gc-sections -static --specs=nano.specs -mfpu=fpv4-sp-d16 -mfloat-abi=hard -mthumb -u _printf_float -u _scanf_float -Wl,--start-group -lc -lm -lstdc++ -lsupc++ -Wl,--end-group
Finished building target: I2C_BNO_BMP_UPDATED.elf
 
arm-none-eabi-size  I2C_BNO_BMP_UPDATED.elf 
arm-none-eabi-objdump -h -S I2C_BNO_BMP_UPDATED.elf  > "I2C_BNO_BMP_UPDATED.list"
   text	   data	    bss	    dec	    hex	filename
  43992	    480	   2360	  46832	   b6f0	I2C_BNO_BMP_UPDATED.elf
Finished building: default.size.stdout
 
Finished building: I2C_BNO_BMP_UPDATED.list
 
17:05:40 **** Incremental Build of configuration Debug for project I2C_BNO_BMP_UPDATED ****
make -j12 all 
arm-none-eabi-gcc "../Core/Src/main.c" -mcpu=cortex-m4 -std=gnu11 -g3 -DDEBUG -DUSE_HAL_DRIVER -DSTM32F303x8 -c -I../Core/Inc -IC:/Users/Admin/STM32Cube/Repository/STM32Cube_FW_F3_V1.11.5/Drivers/STM32F3xx_HAL_Driver/Inc -IC:/Users/Admin/STM32Cube/Repository/STM32Cube_FW_F3_V1.11.5/Drivers/STM32F3xx_HAL_Driver/Inc/Legacy -IC:/Users/Admin/STM32Cube/Repository/STM32Cube_FW_F3_V1.11.5/Drivers/CMSIS/Device/ST/STM32F3xx/Include -IC:/Users/Admin/STM32Cube/Repository/STM32Cube_FW_F3_V1.11.5/Drivers/CMSIS/Include -O0 -ffunction-sections -fdata-sections -Wall -fstack-usage -fcyclomatic-complexity -MMD -MP -MF"Core/Src/main.d" -MT"Core/Src/main.o" --specs=nano.specs -mfpu=fpv4-sp-d16 -mfloat-abi=hard -mthumb -o "Core/Src/main.o"
../Core/Src/main.c: In function 'main':
../Core/Src/main.c:154:93: warning: format '%d' expects argument of type 'int', but argument 9 has type 'uint32_t' {aka 'long unsigned int'} [-Wformat=]
  154 |                                 "Temp:%.1f C,Pres:%d Pa,RX %.4f,RY %.4f,RZ %.4f,RW %.1f,TM %d\r\n",
      |                                                                                            ~^
      |                                                                                             |
      |                                                                                             int
      |                                                                                            %ld
  155 |                                 (float) temperature / 10, (int) pressure, v.x, v.y, v.z, v.w,HAL_GetTick());
      |                                                                                              ~~~~~~~~~~~~~
      |                                                                                              |
      |                                                                                              uint32_t {aka long unsigned int}
../Core/Src/main.c:157:36: warning: pointer targets in passing argument 2 of 'HAL_UART_Transmit' differ in signedness [-Wpointer-sign]
  157 |         HAL_UART_Transmit(&huart2, buffer, strlen(buffer), 1000);
      |                                    ^~~~~~
      |                                    |
      |                                    char *
In file included from ../Core/Inc/stm32f3xx_hal_conf.h:328,
                 from C:/Users/Admin/STM32Cube/Repository/STM32Cube_FW_F3_V1.11.5/Drivers/STM32F3xx_HAL_Driver/Inc/stm32f3xx_hal.h:29,
                 from ../Core/Inc/main.h:30,
                 from ../Core/Src/main.c:20:
C:/Users/Admin/STM32Cube/Repository/STM32Cube_FW_F3_V1.11.5/Drivers/STM32F3xx_HAL_Driver/Inc/stm32f3xx_hal_uart.h:1486:79: note: expected 'const uint8_t *' {aka 'const unsigned char *'} but argument is of type 'char *'
 1486 | HAL_StatusTypeDef HAL_UART_Transmit(UART_HandleTypeDef *huart, const uint8_t *pData, uint16_t Size, uint32_t Timeout);
      |                                                                ~~~~~~~~~~~~~~~^~~~~
../Core/Src/main.c:127:30: warning: variable 'cal' set but not used [-Wunused-but-set-variable]
  127 |   bno055_calibration_state_t cal;
      |                              ^~~
../Core/Src/main.c:125:19: warning: variable 'mag' set but not used [-Wunused-but-set-variable]
  125 |   bno055_vector_t mag;
      |                   ^~~
arm-none-eabi-g++ -o "I2C_BNO_BMP_UPDATED.elf" @"objects.list"   -mcpu=cortex-m4 -T"C:\Users\Admin\Documents\STM_examples\I2C_BNO_BMP_UPDATED\STM32F303K8TX_FLASH.ld" --specs=nosys.specs -Wl,-Map="I2C_BNO_BMP_UPDATED.map" -Wl,--gc-sections -static --specs=nano.specs -mfpu=fpv4-sp-d16 -mfloat-abi=hard -mthumb -u _printf_float -u _scanf_float -Wl,--start-group -lc -lm -lstdc++ -lsupc++ -Wl,--end-group
Finished building target: I2C_BNO_BMP_UPDATED.elf
 
arm-none-eabi-size  I2C_BNO_BMP_UPDATED.elf 
arm-none-eabi-objdump -h -S I2C_BNO_BMP_UPDATED.elf  > "I2C_BNO_BMP_UPDATED.list"
   text	   data	    bss	    dec	    hex	filename
  43992	    480	   2360	  46832	   b6f0	I2C_BNO_BMP_UPDATED.elf
Finished building: default.size.stdout
 
Finished building: I2C_BNO_BMP_UPDATED.list
 
17:06:17 **** Incremental Build of configuration Debug for project I2C_BNO_BMP_UPDATED ****
make -j12 all 
arm-none-eabi-gcc "../Core/Src/main.c" -mcpu=cortex-m4 -std=gnu11 -g3 -DDEBUG -DUSE_HAL_DRIVER -DSTM32F303x8 -c -I../Core/Inc -IC:/Users/Admin/STM32Cube/Repository/STM32Cube_FW_F3_V1.11.5/Drivers/STM32F3xx_HAL_Driver/Inc -IC:/Users/Admin/STM32Cube/Repository/STM32Cube_FW_F3_V1.11.5/Drivers/STM32F3xx_HAL_Driver/Inc/Legacy -IC:/Users/Admin/STM32Cube/Repository/STM32Cube_FW_F3_V1.11.5/Drivers/CMSIS/Device/ST/STM32F3xx/Include -IC:/Users/Admin/STM32Cube/Repository/STM32Cube_FW_F3_V1.11.5/Drivers/CMSIS/Include -O0 -ffunction-sections -fdata-sections -Wall -fstack-usage -fcyclomatic-complexity -MMD -MP -MF"Core/Src/main.d" -MT"Core/Src/main.o" --specs=nano.specs -mfpu=fpv4-sp-d16 -mfloat-abi=hard -mthumb -o "Core/Src/main.o"
../Core/Src/main.c: In function 'main':
../Core/Src/main.c:154:93: warning: format '%d' expects argument of type 'int', but argument 9 has type 'uint32_t' {aka 'long unsigned int'} [-Wformat=]
  154 |                                 "Temp:%.1f C,Pres:%d Pa,RX %.4f,RY %.4f,RZ %.4f,RW %.1f,TM %d\r\n",
      |                                                                                            ~^
      |                                                                                             |
      |                                                                                             int
      |                                                                                            %ld
  155 |                                 (float) temperature / 10, (int) pressure, v.x, v.y, v.z, v.w,HAL_GetTick());
      |                                                                                              ~~~~~~~~~~~~~
      |                                                                                              |
      |                                                                                              uint32_t {aka long unsigned int}
[...]
  349 |                 update_IMU_global_position(starting_position_offset, starting_orientation_offset, &acc, &abs_q, ts, &X_global_translation, &O_global_orientation_euller);
      |                                            ^~~~~~~~~~~~~~~~~~~~~~~~
      |                                            |
      |                                            float *
In file included from ../Core/Src/main.c:42:
../Core/Inc/sens_fusion.h:43:39: note: expected 'float (*)[3]' but argument is of type 'float *'
   43 | void update_IMU_global_position(float starting_position_offset[1][3],float starting_orientation_offset[3][3],vector_t *acc, vector_t *abs_q, int time_step, vector_t *X_global_translation, vector_t *O_global_orientation_euller);
      |                                 ~~~~~~^~~~~~~~~~~~~~~~~~~~~~~~~~~~~~
make: *** [Core/Src/subdir.mk:55: Core/Src/main.o] Error 1
"make -j12 all" terminated with exit code 2. Build might be incomplete.
00:47:50 **** Incremental Build of configuration Debug for project I2C_BNO_BMP_UPDATED ****
make -j12 all 
arm-none-eabi-size  I2C_BNO_BMP_UPDATED.elf 
   text	   data	    bss	    dec	    hex	filename
  44008	    480	   2360	  46848	   b700	I2C_BNO_BMP_UPDATED.elf
Finished building: default.size.stdout
 
00:47:50 **** Incremental Build of configuration Debug for project NAV_BOX ****
make -j12 all 
arm-none-eabi-gcc "../Core/Src/main.c" -mcpu=cortex-m4 -std=gnu11 -g3 -DDEBUG -DUSE_HAL_DRIVER -DSTM32F303x8 -c -I../Core/Inc -I../Drivers/STM32F3xx_HAL_Driver/Inc -I../Drivers/STM32F3xx_HAL_Driver/Inc/Legacy -I../Drivers/CMSIS/Device/ST/STM32F3xx/Include -I../Drivers/CMSIS/Include -O0 -ffunction-sections -fdata-sections -Wall -fstack-usage -fcyclomatic-complexity -MMD -MP -MF"Core/Src/main.d" -MT"Core/Src/main.o" --specs=nano.specs -mfpu=fpv4-sp-d16 -mfloat-abi=hard -mthumb -o "Core/Src/main.o"
../Core/Src/main.c: In function 'parse_i2c_data':
../Core/Src/main.c:187:15: error: incompatible types when assigning to type 'vector_t' from type 'bno055_vector_t'
  187 |       abs_q = bno055_getVectorQuaternion(); //absolute orientation as quaternion
      |               ^~~~~~~~~~~~~~~~~~~~~~~~~~
../Core/Src/main.c: In function 'parse_gps_data':
../Core/Src/main.c:204:33: warning: unused variable 'parsecheck' [-Wunused-variable]
  204 |                         uint8_t parsecheck = UBX_ParseNavSolFrame(rx_buffer, sizeof(rx_buffer), &rawData,&solData);
      |                                 ^~~~~~~~~~
../Core/Src/main.c: In function 'main':
../Core/Src/main.c:337:52: warning: pointer targets in passing argument 2 of 'HAL_UART_Transmit' differ in signedness [-Wpointer-sign]
  337 |                         HAL_UART_Transmit(&huart2, buffer, strlen(buffer), 1000);
      |                                                    ^~~~~~
      |                                                    |
      |                                                    char *
In file included from ../Core/Inc/stm32f3xx_hal_conf.h:328,
                 from ../Drivers/STM32F3xx_HAL_Driver/Inc/stm32f3xx_hal.h:29,
                 from ../Core/Inc/main.h:30,
                 from ../Core/Src/main.c:20:
../Drivers/STM32F3xx_HAL_Driver/Inc/stm32f3xx_hal_uart.h:1486:79: note: expected 'const uint8_t *' {aka 'const unsigned char *'} but argument is of type 'char *'
 1486 | HAL_StatusTypeDef HAL_UART_Transmit(UART_HandleTypeDef *huart, const uint8_t *pData, uint16_t Size, uint32_t Timeout);
      |                                                                ~~~~~~~~~~~~~~~^~~~~
../Core/Src/main.c:350:44: warning: passing argument 1 of 'update_IMU_global_position' from incompatible pointer type [-Wincompatible-pointer-types]
  350 |                 update_IMU_global_position(starting_position_offset, starting_orientation_offset, &acc, &abs_q, ts, &X_global_translation, &O_global_orientation_euller);
      |                                            ^~~~~~~~~~~~~~~~~~~~~~~~
      |                                            |
      |                                            float *
In file included from ../Core/Src/main.c:42:
../Core/Inc/sens_fusion.h:43:39: note: expected 'float (*)[3]' but argument is of type 'float *'
   43 | void update_IMU_global_position(float starting_position_offset[1][3],float starting_orientation_offset[3][3],vector_t *acc, vector_t *abs_q, int time_step, vector_t *X_global_translation, vector_t *O_global_orientation_euller);
      |                                 ~~~~~~^~~~~~~~~~~~~~~~~~~~~~~~~~~~~~
make: *** [Core/Src/subdir.mk:55: Core/Src/main.o] Error 1
"make -j12 all" terminated with exit code 2. Build might be incomplete.
00:49:21 **** Incremental Build of configuration Debug for project I2C_BNO_BMP_UPDATED ****
make -j12 all 
arm-none-eabi-size  I2C_BNO_BMP_UPDATED.elf 
   text	   data	    bss	    dec	    hex	filename
  44008	    480	   2360	  46848	   b700	I2C_BNO_BMP_UPDATED.elf
Finished building: default.size.stdout
 
00:49:22 **** Incremental Build of configuration Debug for project NAV_BOX ****
make -j12 all 
arm-none-eabi-gcc "../Core/Src/main.c" -mcpu=cortex-m4 -std=gnu11 -g3 -DDEBUG -DUSE_HAL_DRIVER -DSTM32F303x8 -c -I../Core/Inc -I../Drivers/STM32F3xx_HAL_Driver/Inc -I../Drivers/STM32F3xx_HAL_Driver/Inc/Legacy -I../Drivers/CMSIS/Device/ST/STM32F3xx/Include -I../Drivers/CMSIS/Include -O0 -ffunction-sections -fdata-sections -Wall -fstack-usage -fcyclomatic-complexity -MMD -MP -MF"Core/Src/main.d" -MT"Core/Src/main.o" --specs=nano.specs -mfpu=fpv4-sp-d16 -mfloat-abi=hard -mthumb -o "Core/Src/main.o"
../Core/Src/main.c: In function 'parse_gps_data':
../Core/Src/main.c:207:33: warning: unused variable 'parsecheck' [-Wunused-variable]
  207 |                         uint8_t parsecheck = UBX_ParseNavSolFrame(rx_buffer, sizeof(rx_buffer), &rawData,&solData);
      |                                 ^~~~~~~~~~
../Core/Src/main.c: In function 'main':
../Core/Src/main.c:340:52: warning: pointer targets in passing argument 2 of 'HAL_UART_Transmit' differ in signedness [-Wpointer-sign]
  340 |                         HAL_UART_Transmit(&huart2, buffer, strlen(buffer), 1000);
      |                                                    ^~~~~~
      |                                                    |
      |                                                    char *
In file included from ../Core/Inc/stm32f3xx_hal_conf.h:328,
                 from ../Drivers/STM32F3xx_HAL_Driver/Inc/stm32f3xx_hal.h:29,
                 from ../Core/Inc/main.h:30,
                 from ../Core/Src/main.c:20:
../Drivers/STM32F3xx_HAL_Driver/Inc/stm32f3xx_hal_uart.h:1486:79: note: expected 'const uint8_t *' {aka 'const unsigned char *'} but argument is of type 'char *'
 1486 | HAL_StatusTypeDef HAL_UART_Transmit(UART_HandleTypeDef *huart, const uint8_t *pData, uint16_t Size, uint32_t Timeout);
      |                                                                ~~~~~~~~~~~~~~~^~~~~
../Core/Src/main.c:353:44: warning: passing argument 1 of 'update_IMU_global_position' from incompatible pointer type [-Wincompatible-pointer-types]
  353 |                 update_IMU_global_position(starting_position_offset, starting_orientation_offset, &acc, &abs_q, ts, &X_global_translation, &O_global_orientation_euller);
      |                                            ^~~~~~~~~~~~~~~~~~~~~~~~
      |                                            |
      |                                            float *
In file included from ../Core/Src/main.c:42:
../Core/Inc/sens_fusion.h:43:39: note: expected 'float (*)[3]' but argument is of type 'float *'
   43 | void update_IMU_global_position(float starting_position_offset[1][3],float starting_orientation_offset[3][3],vector_t *acc, vector_t *abs_q, int time_step, vector_t *X_global_translation, vector_t *O_global_orientation_euller);
      |                                 ~~~~~~^~~~~~~~~~~~~~~~~~~~~~~~~~~~~~
arm-none-eabi-g++ -o "NAV_BOX.elf" @"objects.list"   -mcpu=cortex-m4 -T"C:\Users\Admin\Documents\NoordungLabs\NAV_BOX_tofNlnd\NAV_BOX\STM32F303K8TX_FLASH.ld" --specs=nosys.specs -Wl,-Map="NAV_BOX.map" -Wl,--gc-sections -static --specs=nano.specs -mfpu=fpv4-sp-d16 -mfloat-abi=hard -mthumb -u _printf_float -u _scanf_float -Wl,--start-group -lc -lm -lstdc++ -lsupc++ -Wl,--end-group
Finished building target: NAV_BOX.elf
 
arm-none-eabi-size  NAV_BOX.elf 
arm-none-eabi-objdump -h -S NAV_BOX.elf  > "NAV_BOX.list"
   text	   data	    bss	    dec	    hex	filename
  50984	    504	   3136	  54624	   d560	NAV_BOX.elf
Finished building: default.size.stdout
 
Finished building: NAV_BOX.list
 
00:49:27 **** Incremental Build of configuration Debug for project NAV_BOX ****
make -j12 all 
arm-none-eabi-size  NAV_BOX.elf 
   text	   data	    bss	    dec	    hex	filename
  50984	    504	   3136	  54624	   d560	NAV_BOX.elf
Finished building: default.size.stdout
 
00:49:43 **** Incremental Build of configuration Debug for project NAV_BOX ****
make -j12 all 
arm-none-eabi-size  NAV_BOX.elf 
   text	   data	    bss	    dec	    hex	filename
  50984	    504	   3136	  54624	   d560	NAV_BOX.elf
Finished building: default.size.stdout
 
00:49:59 **** Incremental Build of configuration Debug for project NAV_BOX ****
make -j12 all 
arm-none-eabi-size  NAV_BOX.elf 
   text	   data	    bss	    dec	    hex	filename
  50984	    504	   3136	  54624	   d560	NAV_BOX.elf
Finished building: default.size.stdout
 
00:50:15 **** Incremental Build of configuration Debug for project NAV_BOX ****
make -j12 all 
arm-none-eabi-size  NAV_BOX.elf 
   text	   data	    bss	    dec	    hex	filename
  50984	    504	   3136	  54624	   d560	NAV_BOX.elf
Finished building: default.size.stdout
 
00:50:26 **** Incremental Build of configuration Debug for project NAV_BOX ****
make -j12 all 
arm-none-eabi-size  NAV_BOX.elf 
   text	   data	    bss	    dec	    hex	filename
  50984	    504	   3136	  54624	   d560	NAV_BOX.elf
Finished building: default.size.stdout
 
00:51:50 **** Incremental Build of configuration Debug for project NAV_BOX ****
make -j12 all 
arm-none-eabi-gcc "../Core/Src/main.c" -mcpu=cortex-m4 -std=gnu11 -g3 -DDEBUG -DUSE_HAL_DRIVER -DSTM32F303x8 -c -I../Core/Inc -I../Drivers/STM32F3xx_HAL_Driver/Inc -I../Drivers/STM32F3xx_HAL_Driver/Inc/Legacy -I../Drivers/CMSIS/Device/ST/STM32F3xx/Include -I../Drivers/CMSIS/Include -O0 -ffunction-sections -fdata-sections -Wall -fstack-usage -fcyclomatic-complexity -MMD -MP -MF"Core/Src/main.d" -MT"Core/Src/main.o" --specs=nano.specs -mfpu=fpv4-sp-d16 -mfloat-abi=hard -mthumb -o "Core/Src/main.o"
../Core/Src/main.c: In function 'parse_gps_data':
../Core/Src/main.c:207:33: warning: unused variable 'parsecheck' [-Wunused-variable]
  207 |                         uint8_t parsecheck = UBX_ParseNavSolFrame(rx_buffer, sizeof(rx_buffer), &rawData,&solData);
      |                                 ^~~~~~~~~~
../Core/Src/main.c: In function 'main':
../Core/Src/main.c:340:52: warning: pointer targets in passing argument 2 of 'HAL_UART_Transmit' differ in signedness [-Wpointer-sign]
  340 |                         HAL_UART_Transmit(&huart2, buffer, strlen(buffer), 1000);
      |                                                    ^~~~~~
      |                                                    |
      |                                                    char *
In file included from ../Core/Inc/stm32f3xx_hal_conf.h:328,
                 from ../Drivers/STM32F3xx_HAL_Driver/Inc/stm32f3xx_hal.h:29,
                 from ../Core/Inc/main.h:30,
                 from ../Core/Src/main.c:20:
../Drivers/STM32F3xx_HAL_Driver/Inc/stm32f3xx_hal_uart.h:1486:79: note: expected 'const uint8_t *' {aka 'const unsigned char *'} but argument is of type 'char *'
 1486 | HAL_StatusTypeDef HAL_UART_Transmit(UART_HandleTypeDef *huart, const uint8_t *pData, uint16_t Size, uint32_t Timeout);
      |                                                                ~~~~~~~~~~~~~~~^~~~~
../Core/Src/main.c:353:44: warning: passing argument 1 of 'update_IMU_global_position' from incompatible pointer type [-Wincompatible-pointer-types]
  353 |                 update_IMU_global_position(starting_position_offset, starting_orientation_offset, &acc, &abs_q, ts, &X_global_translation, &O_global_orientation_euller);
      |                                            ^~~~~~~~~~~~~~~~~~~~~~~~
      |                                            |
      |                                            float *
In file included from ../Core/Src/main.c:42:
../Core/Inc/sens_fusion.h:43:39: note: expected 'float (*)[3]' but argument is of type 'float *'
   43 | void update_IMU_global_position(float starting_position_offset[1][3],float starting_orientation_offset[3][3],vector_t *acc, vector_t *abs_q, int time_step, vector_t *X_global_translation, vector_t *O_global_orientation_euller);
      |                                 ~~~~~~^~~~~~~~~~~~~~~~~~~~~~~~~~~~~~
arm-none-eabi-g++ -o "NAV_BOX.elf" @"objects.list"   -mcpu=cortex-m4 -T"C:\Users\Admin\Documents\NoordungLabs\NAV_BOX_tofNlnd\NAV_BOX\STM32F303K8TX_FLASH.ld" --specs=nosys.specs -Wl,-Map="NAV_BOX.map" -Wl,--gc-sections -static --specs=nano.specs -mfpu=fpv4-sp-d16 -mfloat-abi=hard -mthumb -u _printf_float -u _scanf_float -Wl,--start-group -lc -lm -lstdc++ -lsupc++ -Wl,--end-group
Finished building target: NAV_BOX.elf
 
arm-none-eabi-size  NAV_BOX.elf 
arm-none-eabi-objdump -h -S NAV_BOX.elf  > "NAV_BOX.list"
   text	   data	    bss	    dec	    hex	filename
  50984	    504	   3136	  54624	   d560	NAV_BOX.elf
Finished building: default.size.stdout
 
Finished building: NAV_BOX.list
 
00:52:24 **** Incremental Build of configuration Debug for project NAV_BOX ****
make -j12 all 
arm-none-eabi-size  NAV_BOX.elf 
   text	   data	    bss	    dec	    hex	filename
  50984	    504	   3136	  54624	   d560	NAV_BOX.elf
Finished building: default.size.stdout
 
00:52:43 **** Incremental Build of configuration Debug for project NAV_BOX ****
make -j12 all 
arm-none-eabi-size  NAV_BOX.elf 
   text	   data	    bss	    dec	    hex	filename
  50984	    504	   3136	  54624	   d560	NAV_BOX.elf
Finished building: default.size.stdout
 
00:53:16 **** Incremental Build of configuration Debug for project NAV_BOX ****
make -j12 all 
arm-none-eabi-size  NAV_BOX.elf 
   text	   data	    bss	    dec	    hex	filename
  50984	    504	   3136	  54624	   d560	NAV_BOX.elf
Finished building: default.size.stdout
 
00:53:41 **** Incremental Build of configuration Debug for project NAV_BOX ****
make -j12 all 
arm-none-eabi-size  NAV_BOX.elf 
   text	   data	    bss	    dec	    hex	filename
  50984	    504	   3136	  54624	   d560	NAV_BOX.elf
Finished building: default.size.stdout
 
00:53:48 **** Incremental Build of configuration Debug for project NAV_BOX ****
make -j12 all 
arm-none-eabi-size  NAV_BOX.elf 
   text	   data	    bss	    dec	    hex	filename
  50984	    504	   3136	  54624	   d560	NAV_BOX.elf
Finished building: default.size.stdout
 
00:54:07 **** Incremental Build of configuration Debug for project NAV_BOX ****
make -j12 all 
arm-none-eabi-size  NAV_BOX.elf 
   text	   data	    bss	    dec	    hex	filename
  50984	    504	   3136	  54624	   d560	NAV_BOX.elf
Finished building: default.size.stdout
 
00:54:46 **** Incremental Build of configuration Debug for project NAV_BOX ****
make -j12 all 
arm-none-eabi-size  NAV_BOX.elf 
   text	   data	    bss	    dec	    hex	filename
  50984	    504	   3136	  54624	   d560	NAV_BOX.elf
Finished building: default.size.stdout
 
00:55:12 **** Incremental Build of configuration Debug for project NAV_BOX ****
make -j12 all 
arm-none-eabi-size  NAV_BOX.elf 
   text	   data	    bss	    dec	    hex	filename
  50984	    504	   3136	  54624	   d560	NAV_BOX.elf
Finished building: default.size.stdout
 
00:55:45 **** Incremental Build of configuration Debug for project NAV_BOX ****
make -j12 all 
arm-none-eabi-size  NAV_BOX.elf 
   text	   data	    bss	    dec	    hex	filename
  50984	    504	   3136	  54624	   d560	NAV_BOX.elf
Finished building: default.size.stdout
 
00:59:19 **** Incremental Build of configuration Debug for project NAV_BOX ****
make -j12 all 
arm-none-eabi-size  NAV_BOX.elf 
   text	   data	    bss	    dec	    hex	filename
  50984	    504	   3136	  54624	   d560	NAV_BOX.elf
Finished building: default.size.stdout
 
01:01:16 **** Incremental Build of configuration Debug for project NAV_BOX ****
make -j12 all 
arm-none-eabi-gcc "../Core/Src/main.c" -mcpu=cortex-m4 -std=gnu11 -g3 -DDEBUG -DUSE_HAL_DRIVER -DSTM32F303x8 -c -I../Core/Inc -I../Drivers/STM32F3xx_HAL_Driver/Inc -I../Drivers/STM32F3xx_HAL_Driver/Inc/Legacy -I../Drivers/CMSIS/Device/ST/STM32F3xx/Include -I../Drivers/CMSIS/Include -O0 -ffunction-sections -fdata-sections -Wall -fstack-usage -fcyclomatic-complexity -MMD -MP -MF"Core/Src/main.d" -MT"Core/Src/main.o" --specs=nano.specs -mfpu=fpv4-sp-d16 -mfloat-abi=hard -mthumb -o "Core/Src/main.o"
../Core/Src/main.c: In function 'parse_gps_data':
../Core/Src/main.c:207:33: warning: unused variable 'parsecheck' [-Wunused-variable]
  207 |                         uint8_t parsecheck = UBX_ParseNavSolFrame(rx_buffer, sizeof(rx_buffer), &rawData,&solData);
      |                                 ^~~~~~~~~~
../Core/Src/main.c: In function 'main':
../Core/Src/main.c:342:52: warning: pointer targets in passing argument 2 of 'HAL_UART_Transmit' differ in signedness [-Wpointer-sign]
  342 |                         HAL_UART_Transmit(&huart2, buffer, strlen(buffer), 1000);
      |                                                    ^~~~~~
      |                                                    |
      |                                                    char *
In file included from ../Core/Inc/stm32f3xx_hal_conf.h:328,
                 from ../Drivers/STM32F3xx_HAL_Driver/Inc/stm32f3xx_hal.h:29,
                 from ../Core/Inc/main.h:30,
                 from ../Core/Src/main.c:20:
../Drivers/STM32F3xx_HAL_Driver/Inc/stm32f3xx_hal_uart.h:1486:79: note: expected 'const uint8_t *' {aka 'const unsigned char *'} but argument is of type 'char *'
 1486 | HAL_StatusTypeDef HAL_UART_Transmit(UART_HandleTypeDef *huart, const uint8_t *pData, uint16_t Size, uint32_t Timeout);
      |                                                                ~~~~~~~~~~~~~~~^~~~~
../Core/Src/main.c:355:44: warning: passing argument 1 of 'update_IMU_global_position' from incompatible pointer type [-Wincompatible-pointer-types]
  355 |                 update_IMU_global_position(starting_position_offset, starting_orientation_offset, &acc, &abs_q, ts, &X_global_translation, &O_global_orientation_euller);
      |                                            ^~~~~~~~~~~~~~~~~~~~~~~~
      |                                            |
      |                                            float *
In file included from ../Core/Src/main.c:42:
../Core/Inc/sens_fusion.h:43:39: note: expected 'float (*)[3]' but argument is of type 'float *'
   43 | void update_IMU_global_position(float starting_position_offset[1][3],float starting_orientation_offset[3][3],vector_t *acc, vector_t *abs_q, int time_step, vector_t *X_global_translation, vector_t *O_global_orientation_euller);
      |                                 ~~~~~~^~~~~~~~~~~~~~~~~~~~~~~~~~~~~~
arm-none-eabi-g++ -o "NAV_BOX.elf" @"objects.list"   -mcpu=cortex-m4 -T"C:\Users\Admin\Documents\NoordungLabs\NAV_BOX_tofNlnd\NAV_BOX\STM32F303K8TX_FLASH.ld" --specs=nosys.specs -Wl,-Map="NAV_BOX.map" -Wl,--gc-sections -static --specs=nano.specs -mfpu=fpv4-sp-d16 -mfloat-abi=hard -mthumb -u _printf_float -u _scanf_float -Wl,--start-group -lc -lm -lstdc++ -lsupc++ -Wl,--end-group
Finished building target: NAV_BOX.elf
 
arm-none-eabi-size  NAV_BOX.elf 
arm-none-eabi-objdump -h -S NAV_BOX.elf  > "NAV_BOX.list"
   text	   data	    bss	    dec	    hex	filename
  51032	    504	   3168	  54704	   d5b0	NAV_BOX.elf
Finished building: default.size.stdout
 
Finished building: NAV_BOX.list
 
