17:49:26 **** Incremental Build of configuration Debug for project NAV_BOX ****
make -j12 all 
arm-none-eabi-gcc "../Core/Src/sd_black_box.c" -mcpu=cortex-m4 -std=gnu11 -g3 -DDEBUG -DUSE_HAL_DRIVER -DSTM32F303x8 -c -I../Core/Inc -I../Drivers/STM32F3xx_HAL_Driver/Inc -I../Drivers/STM32F3xx_HAL_Driver/Inc/Legacy -I../Drivers/CMSIS/Device/ST/STM32F3xx/Include -I../Drivers/CMSIS/Include -I../FATFS/Target -I../FATFS/App -I../Middlewares/Third_Party/FatFs/src -Os -ffunction-sections -fdata-sections -Wall -fstack-usage -fcyclomatic-complexity -MMD -MP -MF"Core/Src/sd_black_box.d" -MT"Core/Src/sd_black_box.o" --specs=nano.specs -mfpu=fpv4-sp-d16 -mfloat-abi=hard -mthumb -o "Core/Src/sd_black_box.o"
../Core/Src/sd_black_box.c: In function 'test_sd_card_write':
../Core/Src/sd_black_box.c:75:3: warning: 'strncpy' output truncated copying 19 bytes from a string of length 23 [-Wstringop-truncation]
   75 |   strncpy((char*)readBuf, "a new log_file is made!", 19);
      |   ^~~~~~~~~~~~~~~~~~~~~~~~~~~~~~~~~~~~~~~~~~~~~~~~~~~~~~
../Core/Src/sd_black_box.c: At top level:
../Core/Src/sd_black_box.c:8:12: warning: 'log_dir' defined but not used [-Wunused-variable]
    8 | static DIR log_dir;       // FatFs directory object for the SD card root directory
      |            ^~~~~~~
arm-none-eabi-g++ -o "NAV_BOX.elf" @"objects.list"   -mcpu=cortex-m4 -T"C:\Users\Admin\Documents\NoordungLabs\NAV_BOX_tofNlnd\NAV_BOX\STM32F303K8TX_FLASH.ld" --specs=nosys.specs -Wl,-Map="NAV_BOX.map" -Wl,--gc-sections -static --specs=nano.specs -mfpu=fpv4-sp-d16 -mfloat-abi=hard -mthumb -u _printf_float -u _scanf_float -Wl,--start-group -lc -lm -lstdc++ -lsupc++ -Wl,--end-group
Finished building target: NAV_BOX.elf
 
arm-none-eabi-size  NAV_BOX.elf 
arm-none-eabi-objdump -h -S NAV_BOX.elf  > "NAV_BOX.list"
   text	   data	    bss	    dec	    hex	filename
  60740	    612	   5424	  66776	  104d8	NAV_BOX.elf
Finished building: default.size.stdout
 
Finished building: NAV_BOX.list
 

17:49:33 Build Finished. 0 errors, 2 warnings. (took 6s.988ms)

